<html>
<body>
<pre>
<h1>礦ision Build Log</h1>
<h2>Project:</h2>
F:\百度云同步盘\MY_FUN\nano_board\RT-Thread_1.2.0\bsp\stm32f40x\project.uvproj
Project File Date:  06/01/2014

<h2>Output:</h2>
Build target 'rt-thread_stm32f4xx'
compiling application.c...
compiling startup.c...
compiling heartbeat.c...
compiling bluetooth_4_0.c...
applications\bluetooth_4_0.c(73): error:  #65: expected a ";"
applications\bluetooth_4_0.c(86): warning:  #550-D: variable "tx_length" was set but never used
applications\bluetooth_4_0.c(86): warning:  #177-D: variable "rx_length" was declared but never referenced
compiling board.c...
compiling serial.c...
compiling stm32f4xx_it.c...
compiling usart.c...
compiling system_stm32f4xx.c...
compiling misc.c...
compiling stm32f4xx_adc.c...
compiling stm32f4xx_can.c...
compiling stm32f4xx_crc.c...
compiling stm32f4xx_cryp.c...
compiling stm32f4xx_cryp_aes.c...
compiling stm32f4xx_cryp_des.c...
compiling stm32f4xx_cryp_tdes.c...
compiling stm32f4xx_dac.c...
compiling stm32f4xx_dbgmcu.c...
compiling stm32f4xx_dcmi.c...
compiling stm32f4xx_dma.c...
compiling stm32f4xx_exti.c...
compiling stm32f4xx_flash.c...
compiling stm32f4xx_fsmc.c...
compiling stm32f4xx_gpio.c...
compiling stm32f4xx_hash.c...
compiling stm32f4xx_hash_md5.c...
compiling stm32f4xx_hash_sha1.c...
compiling stm32f4xx_i2c.c...
compiling stm32f4xx_iwdg.c...
compiling stm32f4xx_pwr.c...
compiling stm32f4xx_rcc.c...
compiling stm32f4xx_rng.c...
compiling stm32f4xx_rtc.c...
compiling stm32f4xx_sdio.c...
compiling stm32f4xx_spi.c...
compiling stm32f4xx_syscfg.c...
compiling stm32f4xx_tim.c...
compiling stm32f4xx_usart.c...
compiling stm32f4xx_wwdg.c...
compiling clock.c...
compiling device.c...
compiling idle.c...
compiling ipc.c...
compiling irq.c...
compiling kservice.c...
compiling mem.c...
compiling mempool.c...
compiling object.c...
compiling scheduler.c...
compiling thread.c...
compiling timer.c...
compiling cpuport.c...
compiling backtrace.c...
compiling div0.c...
compiling showmem.c...
compiling cmd.c...
compiling finsh_compiler.c...
compiling finsh_error.c...
compiling finsh_heap.c...
compiling finsh_init.c...
compiling finsh_node.c...
compiling finsh_ops.c...
compiling finsh_parser.c...
compiling finsh_token.c...
compiling finsh_var.c...
compiling finsh_vm.c...
compiling shell.c...
compiling symbol.c...
Target not created
Build target 'rt-thread_stm32f4xx'
compiling bluetooth_4_0.c...
applications\bluetooth_4_0.c(86): warning:  #550-D: variable "tx_length" was set but never used
applications\bluetooth_4_0.c(86): warning:  #177-D: variable "rx_length" was declared but never referenced
linking...
Program Size: Code=59982 RO-data=4334 RW-data=592 ZI-data=9664  
User command #1: fromelf --bin .\build\rtthread-stm32f4xx.axf --output rtthread.bin
".\build\rtthread-stm32f4xx.axf" - 0 Error(s), 2 Warning(s).
Load "F:\\百度云同步盘\\MY_FUN\\nano_board\\RT-Thread_1.2.0\\bsp\\stm32f40x\\build\\rtthread-stm32f4xx.AXF" 
* JLink Info: Device "STM32F407VG" selected (1024 KB flash, 128 KB RAM).
Set JLink Project File to "F:\百度云同步盘\MY_FUN\nano_board\RT-Thread_1.2.0\bsp\stm32f40x\JLinkSettings.ini"
 
JLink info:
------------
DLL: V4.66 , compiled Mar 11 2013 11:00:46
Firmware: J-Link ARM V8 compiled Nov 25 2013 19:20:08
Hardware: V8.00
S/N : 17935099 
Feature(s) : RDI,FlashDL,FlashBP,JFlash 
 
* JLink Info: Found SWD-DP with ID 0x2BA01477
* JLink Info: Found SWD-DP with ID 0x2BA01477
* JLink Info: TPIU fitted.
* JLink Info: ETM fitted.
* JLink Info: FPUnit: 6 code (BP) slots and 2 literal slots
* JLink Info: Found Cortex-M4 r0p1, Little endian.
ROMTableAddr = 0xE00FF003
 
Target info:
------------
Device: STM32F407VG
VTarget = 3.248V
State of Pins: 
TCK: 0, TDI: 0, TDO: 0, TMS: 1, TRES: 1, TRST: 0
Hardware-Breakpoints: 6
Software-Breakpoints: 8192
Watchpoints:          4
JTAG speed: 2000 kHz
 
Erase Done.
Programming Done.
Verify OK.
