ARM Linker, 4.1 [Build 894] [Standard]

==============================================================================

Section Cross References

    application.o(.text) refers to heartbeat.o(.text) for nano_board_heartbeat_init
    application.o(.text) refers to bluetooth_4_0.o(.text) for nano_board_ble_init
    application.o(.text) refers to mpu9250_app.o(.text) for nano_board_mpu9250_app_init
    application.o(.text) refers to thread.o(.text) for rt_thread_create
    startup.o(.text) refers to kservice.o(.text) for rt_kprintf
    startup.o(.text) refers to board.o(.text) for rt_hw_board_init
    startup.o(.text) refers to clock.o(.text) for rt_system_tick_init
    startup.o(.text) refers to object.o(.text) for rt_system_object_init
    startup.o(.text) refers to timer.o(.text) for rt_system_timer_init
    startup.o(.text) refers to mem.o(.text) for rt_system_heap_init
    startup.o(.text) refers to scheduler.o(.text) for rt_system_scheduler_init
    startup.o(.text) refers to device.o(.text) for rt_device_init_all
    startup.o(.text) refers to application.o(.text) for rt_application_init
    startup.o(.text) refers to shell.o(.text) for finsh_system_init
    startup.o(.text) refers to idle.o(.text) for rt_thread_idle_init
    startup.o(.text) refers to context_rvds.o(.text) for rt_hw_interrupt_disable
    heartbeat.o(.text) refers to stm32f4xx_rcc.o(.text) for RCC_AHB1PeriphClockCmd
    heartbeat.o(.text) refers to stm32f4xx_gpio.o(.text) for GPIO_Init
    heartbeat.o(.text) refers to thread.o(.text) for rt_thread_delay
    heartbeat.o(.text) refers to heartbeat.o(.bss) for thread_heartbeat_stack
    bluetooth_4_0.o(.text) refers to ipc.o(.text) for rt_mq_send
    bluetooth_4_0.o(.text) refers to device.o(.text) for rt_device_read
    bluetooth_4_0.o(.text) refers to kservice.o(.text) for rt_kprintf
    bluetooth_4_0.o(.text) refers to thread.o(.text) for rt_thread_init
    bluetooth_4_0.o(.text) refers to bluetooth_4_0.o(.data) for ble_rx_mq
    bluetooth_4_0.o(.text) refers to bluetooth_4_0.o(.bss) for ble_rx_buff
    mpu9250_app.o(.text) refers to _printf_pad.o(.text) for _printf_pre_padding
    mpu9250_app.o(.text) refers to _printf_percent.o(.ARM.Collect$$_printf_percent$$00000000) for _printf_percent
    mpu9250_app.o(.text) refers to _printf_f.o(.ARM.Collect$$_printf_percent$$00000003) for _printf_f
    mpu9250_app.o(.text) refers to printf1.o(x$fpl$printf1) for _printf_fp_dec
    mpu9250_app.o(.text) refers to rt_memclr_w.o(.text) for __aeabi_memclr4
    mpu9250_app.o(.text) refers to mpu9250.o(.text) for MPU9250_Read
    mpu9250_app.o(.text) refers to datascope_dp.o(.text) for DataScope_Get_Channel_Data
    mpu9250_app.o(.text) refers to kalman_filter.o(.text) for kalman
    mpu9250_app.o(.text) refers to f2d.o(x$fpl$f2d) for __aeabi_f2d
    mpu9250_app.o(.text) refers to dmul.o(x$fpl$dmul) for __aeabi_dmul
    mpu9250_app.o(.text) refers to d2f.o(x$fpl$d2f) for __aeabi_d2f
    mpu9250_app.o(.text) refers to algorithm_ahrs.o(.text) for AHRS_Update
    mpu9250_app.o(.text) refers to thread.o(.text) for rt_thread_delay
    mpu9250_app.o(.text) refers to kservice.o(.text) for rt_kprintf
    mpu9250_app.o(.text) refers to noretval__2sprintf.o(.text) for __2sprintf
    mpu9250_app.o(.text) refers to mpu9250_app.o(.bss) for Acc
    mpu9250_app.o(.text) refers to mpu9250_app.o(.data) for Temp
    mpu9250_app.o(.text) refers to algorithm_quaternion.o(.bss) for AngE
    mpu9250_app.o(.text) refers to algorithm_quaternion.o(.data) for NumQ
    mpu9250_app.o(.text) refers to datascope_dp.o(.bss) for DataScope_OutPut_Buffer
    board.o(.text) refers to misc.o(.text) for NVIC_SetVectorTable
    board.o(.text) refers to stm32f4xx_rcc.o(.text) for RCC_GetClocksFreq
    board.o(.text) refers to irq.o(.text) for rt_interrupt_enter
    board.o(.text) refers to clock.o(.text) for rt_tick_increase
    board.o(.text) refers to usart.o(.text) for rt_hw_usart_init
    board.o(.text) refers to kservice.o(.text) for rt_console_set_device
    serial.o(.text) refers to kservice.o(.text) for rt_memset
    serial.o(.text) refers to mempool.o(.text) for rt_mp_init
    serial.o(.text) refers to stm32f4xx_usart.o(.text) for USART_Cmd
    serial.o(.text) refers to context_rvds.o(.text) for rt_hw_interrupt_disable
    serial.o(.text) refers to stm32f4xx_dma.o(.text) for DMA_Cmd
    serial.o(.text) refers to device.o(.text) for rt_device_register
    serial.o(.text) refers to serial.o(.constdata) for __FUNCTION__
    stm32f4xx_it.o(.text) refers to irq.o(.text) for rt_interrupt_enter
    stm32f4xx_it.o(.text) refers to serial.o(.text) for rt_hw_serial_isr
    stm32f4xx_it.o(.text) refers to usart.o(.bss) for uart1_device
    usart.o(.text) refers to stm32f4xx_rcc.o(.text) for RCC_AHB1PeriphClockCmd
    usart.o(.text) refers to stm32f4xx_gpio.o(.text) for GPIO_Init
    usart.o(.text) refers to misc.o(.text) for NVIC_Init
    usart.o(.text) refers to stm32f4xx_usart.o(.text) for USART_Init
[...]
    SPI_SSOutputCmd                          0x08004b0b   Thumb Code    82  stm32f4xx_spi.o(.text)
    SPI_TIModeCmd                            0x08004b5d   Thumb Code    82  stm32f4xx_spi.o(.text)
    I2S_FullDuplexConfig                     0x08004baf   Thumb Code   258  stm32f4xx_spi.o(.text)
    SPI_I2S_ReceiveData                      0x08004cb1   Thumb Code    52  stm32f4xx_spi.o(.text)
    SPI_I2S_SendData                         0x08004ce5   Thumb Code    54  stm32f4xx_spi.o(.text)
    SPI_CalculateCRC                         0x08004d1b   Thumb Code    98  stm32f4xx_spi.o(.text)
    SPI_TransmitCRC                          0x08004d7d   Thumb Code    46  stm32f4xx_spi.o(.text)
    SPI_GetCRC                               0x08004dab   Thumb Code    74  stm32f4xx_spi.o(.text)
    SPI_GetCRCPolynomial                     0x08004df5   Thumb Code    40  stm32f4xx_spi.o(.text)
    SPI_I2S_DMACmd                           0x08004e1d   Thumb Code   118  stm32f4xx_spi.o(.text)
    SPI_I2S_ITConfig                         0x08004e93   Thumb Code   142  stm32f4xx_spi.o(.text)
    SPI_I2S_GetFlagStatus                    0x08004f21   Thumb Code   120  stm32f4xx_spi.o(.text)
    SPI_I2S_ClearFlag                        0x08004f99   Thumb Code    74  stm32f4xx_spi.o(.text)
    SPI_I2S_GetITStatus                      0x08004fe3   Thumb Code   156  stm32f4xx_spi.o(.text)
    SPI_I2S_ClearITPendingBit                0x0800507f   Thumb Code    86  stm32f4xx_spi.o(.text)
    USART_DeInit                             0x080050e5   Thumb Code   202  stm32f4xx_usart.o(.text)
    USART_Init                               0x080051af   Thumb Code   456  stm32f4xx_usart.o(.text)
    USART_StructInit                         0x08005377   Thumb Code    24  stm32f4xx_usart.o(.text)
    USART_ClockInit                          0x0800538f   Thumb Code   166  stm32f4xx_usart.o(.text)
    USART_ClockStructInit                    0x08005435   Thumb Code    12  stm32f4xx_usart.o(.text)
    USART_Cmd                                0x08005441   Thumb Code    96  stm32f4xx_usart.o(.text)
    USART_SetPrescaler                       0x080054a1   Thumb Code   160  stm32f4xx_usart.o(.text)
    USART_OverSampling8Cmd                   0x08005541   Thumb Code    98  stm32f4xx_usart.o(.text)
    USART_OneBitMethodCmd                    0x080055a3   Thumb Code   100  stm32f4xx_usart.o(.text)
    USART_SendData                           0x08005607   Thumb Code    84  stm32f4xx_usart.o(.text)
    USART_ReceiveData                        0x0800565b   Thumb Code    62  stm32f4xx_usart.o(.text)
    USART_SetAddress                         0x08005699   Thumb Code    92  stm32f4xx_usart.o(.text)
    USART_ReceiverWakeUpCmd                  0x080056f5   Thumb Code   100  stm32f4xx_usart.o(.text)
    USART_WakeUpConfig                       0x08005759   Thumb Code    96  stm32f4xx_usart.o(.text)
    USART_LINBreakDetectLengthConfig         0x080057b9   Thumb Code    94  stm32f4xx_usart.o(.text)
    USART_LINCmd                             0x08005817   Thumb Code   100  stm32f4xx_usart.o(.text)
    USART_SendBreak                          0x0800587b   Thumb Code    64  stm32f4xx_usart.o(.text)
    USART_HalfDuplexCmd                      0x080058bb   Thumb Code   100  stm32f4xx_usart.o(.text)
    USART_SetGuardTime                       0x0800591f   Thumb Code    86  stm32f4xx_usart.o(.text)
    USART_SmartCardCmd                       0x08005975   Thumb Code    88  stm32f4xx_usart.o(.text)
    USART_SmartCardNACKCmd                   0x080059cd   Thumb Code    88  stm32f4xx_usart.o(.text)
    USART_IrDAConfig                         0x08005a25   Thumb Code    94  stm32f4xx_usart.o(.text)
    USART_IrDACmd                            0x08005a83   Thumb Code   100  stm32f4xx_usart.o(.text)
    USART_DMACmd                             0x08005ae7   Thumb Code   124  stm32f4xx_usart.o(.text)
    USART_ITConfig                           0x08005b63   Thumb Code   266  stm32f4xx_usart.o(.text)
    USART_GetFlagStatus                      0x08005c6d   Thumb Code   176  stm32f4xx_usart.o(.text)
    USART_ClearFlag                          0x08005d1d   Thumb Code   158  stm32f4xx_usart.o(.text)
    USART_GetITStatus                        0x08005dbb   Thumb Code   282  stm32f4xx_usart.o(.text)
    USART_ClearITPendingBit                  0x08005ed5   Thumb Code   168  stm32f4xx_usart.o(.text)
    Reset_Handler                            0x08005f95   Thumb Code     8  startup_stm32f4xx.o(.text)
    ADC_IRQHandler                           0x08005faf   Thumb Code     0  startup_stm32f4xx.o(.text)
    CAN1_RX0_IRQHandler                      0x08005faf   Thumb Code     0  startup_stm32f4xx.o(.text)
    CAN1_RX1_IRQHandler                      0x08005faf   Thumb Code     0  startup_stm32f4xx.o(.text)
    CAN1_SCE_IRQHandler                      0x08005faf   Thumb Code     0  startup_stm32f4xx.o(.text)
    CAN1_TX_IRQHandler                       0x08005faf   Thumb Code     0  startup_stm32f4xx.o(.text)
    CAN2_RX0_IRQHandler                      0x08005faf   Thumb Code     0  startup_stm32f4xx.o(.text)
    CAN2_RX1_IRQHandler                      0x08005faf   Thumb Code     0  startup_stm32f4xx.o(.text)
    CAN2_SCE_IRQHandler                      0x08005faf   Thumb Code     0  startup_stm32f4xx.o(.text)
    CAN2_TX_IRQHandler                       0x08005faf   Thumb Code     0  startup_stm32f4xx.o(.text)
    CRYP_IRQHandler                          0x08005faf   Thumb Code     0  startup_stm32f4xx.o(.text)
    DCMI_IRQHandler                          0x08005faf   Thumb Code     0  startup_stm32f4xx.o(.text)
    DMA1_Stream0_IRQHandler                  0x08005faf   Thumb Code     0  startup_stm32f4xx.o(.text)
    DMA1_Stream1_IRQHandler                  0x08005faf   Thumb Code     0  startup_stm32f4xx.o(.text)
    DMA1_Stream2_IRQHandler                  0x08005faf   Thumb Code     0  startup_stm32f4xx.o(.text)
    DMA1_Stream3_IRQHandler                  0x08005faf   Thumb Code     0  startup_stm32f4xx.o(.text)
    DMA1_Stream4_IRQHandler                  0x08005faf   Thumb Code     0  startup_stm32f4xx.o(.text)
    DMA1_Stream5_IRQHandler                  0x08005faf   Thumb Code     0  startup_stm32f4xx.o(.text)
    DMA1_Stream6_IRQHandler                  0x08005faf   Thumb Code     0  startup_stm32f4xx.o(.text)
    DMA1_Stream7_IRQHandler                  0x08005faf   Thumb Code     0  startup_stm32f4xx.o(.text)
    DMA2_Stream0_IRQHandler                  0x08005faf   Thumb Code     0  startup_stm32f4xx.o(.text)
    DMA2_Stream1_IRQHandler                  0x08005faf   Thumb Code     0  startup_stm32f4xx.o(.text)
    DMA2_Stream2_IRQHandler                  0x08005faf   Thumb Code     0  startup_stm32f4xx.o(.text)
    DMA2_Stream3_IRQHandler                  0x08005faf   Thumb Code     0  startup_stm32f4xx.o(.text)
    DMA2_Stream4_IRQHandler                  0x08005faf   Thumb Code     0  startup_stm32f4xx.o(.text)
    DMA2_Stream5_IRQHandler                  0x08005faf   Thumb Code     0  startup_stm32f4xx.o(.text)
    DMA2_Stream6_IRQHandler                  0x08005faf   Thumb Code     0  startup_stm32f4xx.o(.text)
    DMA2_Stream7_IRQHandler                  0x08005faf   Thumb Code     0  startup_stm32f4xx.o(.text)
    ETH_IRQHandler                           0x08005faf   Thumb Code     0  startup_stm32f4xx.o(.text)
    ETH_WKUP_IRQHandler                      0x08005faf   Thumb Code     0  startup_stm32f4xx.o(.text)
    EXTI0_IRQHandler                         0x08005faf   Thumb Code     0  startup_stm32f4xx.o(.text)
    EXTI15_10_IRQHandler                     0x08005faf   Thumb Code     0  startup_stm32f4xx.o(.text)
    EXTI1_IRQHandler                         0x08005faf   Thumb Code     0  startup_stm32f4xx.o(.text)
    EXTI2_IRQHandler                         0x08005faf   Thumb Code     0  startup_stm32f4xx.o(.text)
    EXTI3_IRQHandler                         0x08005faf   Thumb Code     0  startup_stm32f4xx.o(.text)
    EXTI4_IRQHandler                         0x08005faf   Thumb Code     0  startup_stm32f4xx.o(.text)
    EXTI9_5_IRQHandler                       0x08005faf   Thumb Code     0  startup_stm32f4xx.o(.text)
    FLASH_IRQHandler                         0x08005faf   Thumb Code     0  startup_stm32f4xx.o(.text)
    FPU_IRQHandler                           0x08005faf   Thumb Code     0  startup_stm32f4xx.o(.text)
    FSMC_IRQHandler                          0x08005faf   Thumb Code     0  startup_stm32f4xx.o(.text)
    HASH_RNG_IRQHandler                      0x08005faf   Thumb Code     0  startup_stm32f4xx.o(.text)
    I2C1_ER_IRQHandler                       0x08005faf   Thumb Code     0  startup_stm32f4xx.o(.text)
    I2C1_EV_IRQHandler                       0x08005faf   Thumb Code     0  startup_stm32f4xx.o(.text)
    I2C2_ER_IRQHandler                       0x08005faf   Thumb Code     0  startup_stm32f4xx.o(.text)
    I2C2_EV_IRQHandler                       0x08005faf   Thumb Code     0  startup_stm32f4xx.o(.text)
    I2C3_ER_IRQHandler                       0x08005faf   Thumb Code     0  startup_stm32f4xx.o(.text)
    I2C3_EV_IRQHandler                       0x08005faf   Thumb Code     0  startup_stm32f4xx.o(.text)
    OTG_FS_IRQHandler                        0x08005faf   Thumb Code     0  startup_stm32f4xx.o(.text)
    OTG_FS_WKUP_IRQHandler                   0x08005faf   Thumb Code     0  startup_stm32f4xx.o(.text)
    OTG_HS_EP1_IN_IRQHandler                 0x08005faf   Thumb Code     0  startup_stm32f4xx.o(.text)
    OTG_HS_EP1_OUT_IRQHandler                0x08005faf   Thumb Code     0  startup_stm32f4xx.o(.text)
    OTG_HS_IRQHandler                        0x08005faf   Thumb Code     0  startup_stm32f4xx.o(.text)
    OTG_HS_WKUP_IRQHandler                   0x08005faf   Thumb Code     0  startup_stm32f4xx.o(.text)
    PVD_IRQHandler                           0x08005faf   Thumb Code     0  startup_stm32f4xx.o(.text)
    RCC_IRQHandler                           0x08005faf   Thumb Code     0  startup_stm32f4xx.o(.text)
    RTC_Alarm_IRQHandler                     0x08005faf   Thumb Code     0  startup_stm32f4xx.o(.text)
    RTC_WKUP_IRQHandler                      0x08005faf   Thumb Code     0  startup_stm32f4xx.o(.text)
    SDIO_IRQHandler                          0x08005faf   Thumb Code     0  startup_stm32f4xx.o(.text)
    SPI1_IRQHandler                          0x08005faf   Thumb Code     0  startup_stm32f4xx.o(.text)
    SPI2_IRQHandler                          0x08005faf   Thumb Code     0  startup_stm32f4xx.o(.text)
    SPI3_IRQHandler                          0x08005faf   Thumb Code     0  startup_stm32f4xx.o(.text)
    TAMP_STAMP_IRQHandler                    0x08005faf   Thumb Code     0  startup_stm32f4xx.o(.text)
    TIM1_BRK_TIM9_IRQHandler                 0x08005faf   Thumb Code     0  startup_stm32f4xx.o(.text)
    TIM1_CC_IRQHandler                       0x08005faf   Thumb Code     0  startup_stm32f4xx.o(.text)
    TIM1_TRG_COM_TIM11_IRQHandler            0x08005faf   Thumb Code     0  startup_stm32f4xx.o(.text)
    TIM1_UP_TIM10_IRQHandler                 0x08005faf   Thumb Code     0  startup_stm32f4xx.o(.text)
    TIM2_IRQHandler                          0x08005faf   Thumb Code     0  startup_stm32f4xx.o(.text)
    TIM3_IRQHandler                          0x08005faf   Thumb Code     0  startup_stm32f4xx.o(.text)
    TIM4_IRQHandler                          0x08005faf   Thumb Code     0  startup_stm32f4xx.o(.text)
    TIM5_IRQHandler                          0x08005faf   Thumb Code     0  startup_stm32f4xx.o(.text)
    TIM6_DAC_IRQHandler                      0x08005faf   Thumb Code     0  startup_stm32f4xx.o(.text)
    TIM7_IRQHandler                          0x08005faf   Thumb Code     0  startup_stm32f4xx.o(.text)
    TIM8_BRK_TIM12_IRQHandler                0x08005faf   Thumb Code     0  startup_stm32f4xx.o(.text)
    TIM8_CC_IRQHandler                       0x08005faf   Thumb Code     0  startup_stm32f4xx.o(.text)
    TIM8_TRG_COM_TIM14_IRQHandler            0x08005faf   Thumb Code     0  startup_stm32f4xx.o(.text)
    TIM8_UP_TIM13_IRQHandler                 0x08005faf   Thumb Code     0  startup_stm32f4xx.o(.text)
    UART4_IRQHandler                         0x08005faf   Thumb Code     0  startup_stm32f4xx.o(.text)
    UART5_IRQHandler                         0x08005faf   Thumb Code     0  startup_stm32f4xx.o(.text)
    USART6_IRQHandler                        0x08005faf   Thumb Code     0  startup_stm32f4xx.o(.text)
    WWDG_IRQHandler                          0x08005faf   Thumb Code     0  startup_stm32f4xx.o(.text)
    __user_initial_stackheap                 0x08005fb1   Thumb Code     0  startup_stm32f4xx.o(.text)
    rt_system_tick_init                      0x08005fd5   Thumb Code     2  clock.o(.text)
    rt_tick_get                              0x08005fd7   Thumb Code     6  clock.o(.text)
    rt_tick_set                              0x08005fdd   Thumb Code    22  clock.o(.text)
    rt_tick_increase                         0x08005ff3   Thumb Code    42  clock.o(.text)
    rt_tick_from_millisecond                 0x0800601d   Thumb Code    22  clock.o(.text)
    rt_device_find                           0x08006039   Thumb Code    76  device.o(.text)
    rt_device_register                       0x08006085   Thumb Code    50  device.o(.text)
    rt_device_unregister                     0x080060b7   Thumb Code    38  device.o(.text)
    rt_device_init_all                       0x080060dd   Thumb Code    74  device.o(.text)
    rt_device_init                           0x08006127   Thumb Code    76  device.o(.text)
    rt_device_open                           0x08006173   Thumb Code   164  device.o(.text)
    rt_device_close                          0x08006217   Thumb Code    82  device.o(.text)
    rt_device_read                           0x08006269   Thumb Code    86  device.o(.text)
    rt_device_write                          0x080062bf   Thumb Code    86  device.o(.text)
    rt_device_control                        0x08006315   Thumb Code    58  device.o(.text)
    rt_device_set_rx_indicate                0x0800634f   Thumb Code    38  device.o(.text)
    rt_device_set_tx_complete                0x08006375   Thumb Code    38  device.o(.text)
    rt_thread_idle_sethook                   0x08006441   Thumb Code     6  idle.o(.text)
    rt_thread_idle_excute                    0x08006447   Thumb Code   174  idle.o(.text)
    rt_thread_idle_init                      0x08006509   Thumb Code    38  idle.o(.text)
    rt_sem_init                              0x08006655   Thumb Code    66  ipc.o(.text)
    rt_sem_detach                            0x08006697   Thumb Code    46  ipc.o(.text)
    rt_sem_create                            0x080066c5   Thumb Code   100  ipc.o(.text)
    rt_sem_delete                            0x08006729   Thumb Code   102  ipc.o(.text)
    rt_sem_take                              0x0800678f   Thumb Code   302  ipc.o(.text)
    rt_sem_trytake                           0x080068bd   Thumb Code    14  ipc.o(.text)
    rt_sem_release                           0x080068cb   Thumb Code    80  ipc.o(.text)
    rt_sem_control                           0x0800691b   Thumb Code    80  ipc.o(.text)
    rt_mutex_init                            0x0800696b   Thumb Code    74  ipc.o(.text)
    rt_mutex_detach                          0x080069b5   Thumb Code    48  ipc.o(.text)
    rt_mutex_create                          0x080069e5   Thumb Code   326  ipc.o(.text)
    rt_mutex_delete                          0x08006b2b   Thumb Code   112  ipc.o(.text)
    rt_mutex_take                            0x08006b9b   Thumb Code   386  ipc.o(.text)
    rt_mutex_release                         0x08006d1d   Thumb Code   302  ipc.o(.text)
    rt_mutex_control                         0x08006e4b   Thumb Code     8  ipc.o(.text)
    rt_event_init                            0x08006e53   Thumb Code    64  ipc.o(.text)
    rt_event_detach                          0x08006e93   Thumb Code    50  ipc.o(.text)
    rt_event_create                          0x08006ec5   Thumb Code   162  ipc.o(.text)
    rt_event_delete                          0x08006f67   Thumb Code   112  ipc.o(.text)
    rt_event_send                            0x08006fd7   Thumb Code   230  ipc.o(.text)
    rt_event_recv                            0x080070bd   Thumb Code   442  ipc.o(.text)
    rt_event_control                         0x08007277   Thumb Code    84  ipc.o(.text)
    rt_mb_init                               0x080072cb   Thumb Code    94  ipc.o(.text)
    rt_mb_detach                             0x08007329   Thumb Code   112  ipc.o(.text)
    rt_mb_create                             0x08007399   Thumb Code   146  ipc.o(.text)
    rt_mb_delete                             0x0800742b   Thumb Code   126  ipc.o(.text)
    rt_mb_send_wait                          0x080074a9   Thumb Code   434  ipc.o(.text)
    rt_mb_send                               0x0800765b   Thumb Code    18  ipc.o(.text)
    rt_mb_recv                               0x0800766d   Thumb Code   494  ipc.o(.text)
    rt_mb_control                            0x0800785b   Thumb Code    96  ipc.o(.text)
    rt_mq_init                               0x080078bb   Thumb Code   136  ipc.o(.text)
    rt_mq_detach                             0x08007943   Thumb Code    50  ipc.o(.text)
    rt_mq_delete                             0x08007975   Thumb Code   116  ipc.o(.text)
    rt_mq_create                             0x080079e9   Thumb Code   192  ipc.o(.text)
    rt_mq_send                               0x08007aa9   Thumb Code   248  ipc.o(.text)
    rt_mq_urgent                             0x08007ba1   Thumb Code   332  ipc.o(.text)
    rt_mq_recv                               0x08007ced   Thumb Code   520  ipc.o(.text)
    rt_mq_control                            0x08007ef5   Thumb Code   110  ipc.o(.text)
    rt_interrupt_enter                       0x08007fb9   Thumb Code    30  irq.o(.text)
    rt_interrupt_leave                       0x08007fd7   Thumb Code    30  irq.o(.text)
    rt_interrupt_get_nest                    0x08007ff5   Thumb Code     6  irq.o(.text)
    rt_get_errno                             0x08008001   Thumb Code    32  kservice.o(.text)
    rt_set_errno                             0x08008021   Thumb Code    36  kservice.o(.text)
    _rt_errno                                0x08008045   Thumb Code    30  kservice.o(.text)
    rt_memset                                0x08008063   Thumb Code    72  kservice.o(.text)
    rt_memcpy                                0x080080ab   Thumb Code   120  kservice.o(.text)
    rt_memmove                               0x08008123   Thumb Code    66  kservice.o(.text)
    rt_memcmp                                0x08008165   Thumb Code    42  kservice.o(.text)
    rt_strlen                                0x0800818f   Thumb Code    18  kservice.o(.text)
    rt_strstr                                0x080081a1   Thumb Code    58  kservice.o(.text)
    rt_strcasecmp                            0x080081db   Thumb Code    48  kservice.o(.text)
    rt_strncpy                               0x0800820b   Thumb Code    52  kservice.o(.text)
    rt_strncmp                               0x0800823f   Thumb Code    40  kservice.o(.text)
    rt_strcmp                                0x08008267   Thumb Code    28  kservice.o(.text)
    rt_strdup                                0x08008283   Thumb Code    40  kservice.o(.text)
    rt_hw_console_output                     0x080082ab   Thumb Code     2  kservice.o(.text)
    rt_vsnprintf                             0x08008449   Thumb Code   796  kservice.o(.text)
    rt_kprintf                               0x08008765   Thumb Code    96  kservice.o(.text)
    rt_show_version                          0x080087c5   Thumb Code    38  kservice.o(.text)
    rt_snprintf                              0x080087eb   Thumb Code    38  kservice.o(.text)
    rt_vsprintf                              0x08008811   Thumb Code    22  kservice.o(.text)
    rt_sprintf                               0x08008827   Thumb Code    34  kservice.o(.text)
    rt_console_get_device                    0x08008849   Thumb Code     6  kservice.o(.text)
    rt_console_set_device                    0x0800884f   Thumb Code    48  kservice.o(.text)
    rt_malloc_align                          0x0800887f   Thumb Code    66  kservice.o(.text)
    rt_free_align                            0x080088c1   Thumb Code    16  kservice.o(.text)
    __rt_ffs                                 0x080088d1   Thumb Code    72  kservice.o(.text)
    rt_malloc_sethook                        0x080089b5   Thumb Code     6  mem.o(.text)
    rt_free_sethook                          0x080089bb   Thumb Code     6  mem.o(.text)
    rt_system_heap_init                      0x08008a89   Thumb Code   216  mem.o(.text)
    rt_malloc                                0x08008b61   Thumb Code   974  mem.o(.text)
    rt_free                                  0x08008f2f   Thumb Code   322  mem.o(.text)
    rt_realloc                               0x08009071   Thumb Code   330  mem.o(.text)
    rt_calloc                                0x080091bb   Thumb Code    98  mem.o(.text)
    rt_memory_info                           0x0800921d   Thumb Code    26  mem.o(.text)
    list_mem                                 0x08009237   Thumb Code    34  mem.o(.text)
    rt_mp_alloc_sethook                      0x0800932d   Thumb Code     6  mempool.o(.text)
    rt_mp_free_sethook                       0x08009333   Thumb Code     6  mempool.o(.text)
    rt_mp_init                               0x08009339   Thumb Code   144  mempool.o(.text)
    rt_mp_detach                             0x080093c9   Thumb Code    92  mempool.o(.text)
    rt_mp_create                             0x08009425   Thumb Code   190  mempool.o(.text)
    rt_mp_delete                             0x080094e3   Thumb Code   154  mempool.o(.text)
    rt_mp_alloc                              0x0800957d   Thumb Code   240  mempool.o(.text)
    rt_mp_free                               0x0800966d   Thumb Code    98  mempool.o(.text)
    rt_object_attach_sethook                 0x08009779   Thumb Code     6  object.o(.text)
    rt_object_detach_sethook                 0x0800977f   Thumb Code     6  object.o(.text)
    rt_object_trytake_sethook                0x08009785   Thumb Code     6  object.o(.text)
    rt_object_take_sethook                   0x0800978b   Thumb Code     6  object.o(.text)
    rt_object_put_sethook                    0x08009791   Thumb Code     6  object.o(.text)
    rt_system_object_init                    0x08009797   Thumb Code     2  object.o(.text)
    rt_object_get_information                0x08009799   Thumb Code    10  object.o(.text)
    rt_object_init                           0x080097a3   Thumb Code    76  object.o(.text)
    rt_object_detach                         0x080097ef   Thumb Code    68  object.o(.text)
    rt_object_allocate                       0x08009833   Thumb Code   148  object.o(.text)
    rt_object_delete                         0x080098c7   Thumb Code   108  object.o(.text)
    rt_object_is_systemobject                0x08009933   Thumb Code    46  object.o(.text)
    rt_object_find                           0x08009961   Thumb Code   110  object.o(.text)
    rt_scheduler_sethook                     0x08009a89   Thumb Code     6  scheduler.o(.text)
    rt_system_scheduler_init                 0x08009aed   Thumb Code    56  scheduler.o(.text)
    rt_system_scheduler_start                0x08009b25   Thumb Code    36  scheduler.o(.text)
    rt_schedule                              0x08009b49   Thumb Code   134  scheduler.o(.text)
    rt_schedule_insert_thread                0x08009bcf   Thumb Code    94  scheduler.o(.text)
    rt_schedule_remove_thread                0x08009c2d   Thumb Code   106  scheduler.o(.text)
    rt_enter_critical                        0x08009c97   Thumb Code    28  scheduler.o(.text)
    rt_exit_critical                         0x08009cb3   Thumb Code    54  scheduler.o(.text)
    rt_critical_level                        0x08009ce9   Thumb Code     8  scheduler.o(.text)
    rt_thread_timeout                        0x08009e19   Thumb Code    90  thread.o(.text)
    rt_thread_init                           0x08009f21   Thumb Code   126  thread.o(.text)
    rt_thread_self                           0x08009f9f   Thumb Code     6  thread.o(.text)
    rt_thread_resume                         0x08009fa5   Thumb Code    90  thread.o(.text)
    rt_thread_startup                        0x08009fff   Thumb Code   112  thread.o(.text)
    rt_thread_detach                         0x0800a06f   Thumb Code    84  thread.o(.text)
    rt_thread_create                         0x0800a0c3   Thumb Code    98  thread.o(.text)
    rt_thread_delete                         0x0800a125   Thumb Code    76  thread.o(.text)
    rt_thread_yield                          0x0800a171   Thumb Code   314  thread.o(.text)
    rt_thread_suspend                        0x0800a2ab   Thumb Code    84  thread.o(.text)
    rt_thread_sleep                          0x0800a2ff   Thumb Code    90  thread.o(.text)
    rt_thread_delay                          0x0800a359   Thumb Code    12  thread.o(.text)
    rt_thread_control                        0x0800a365   Thumb Code   144  thread.o(.text)
    rt_thread_find                           0x0800a3f5   Thumb Code    76  thread.o(.text)
    rt_timer_timeout_sethook                 0x0800a463   Thumb Code     6  timer.o(.text)
    rt_timer_dump                            0x0800a519   Thumb Code    46  timer.o(.text)
    rt_timer_init                            0x0800a547   Thumb Code    90  timer.o(.text)
    rt_timer_detach                          0x0800a5a1   Thumb Code    56  timer.o(.text)
    rt_timer_create                          0x0800a5d9   Thumb Code    66  timer.o(.text)
    rt_timer_delete                          0x0800a61b   Thumb Code    58  timer.o(.text)
    rt_timer_start                           0x0800a655   Thumb Code   312  timer.o(.text)
    rt_timer_stop                            0x0800a78d   Thumb Code    92  timer.o(.text)
    rt_timer_control                         0x0800a7e9   Thumb Code   232  timer.o(.text)
    rt_timer_check                           0x0800a8d1   Thumb Code   148  timer.o(.text)
    rt_timer_next_timeout_tick               0x0800a965   Thumb Code    10  timer.o(.text)
    rt_system_timer_init                     0x0800a96f   Thumb Code    24  timer.o(.text)
    rt_system_timer_thread_init              0x0800a987   Thumb Code     2  timer.o(.text)
    rt_hw_stack_init                         0x0800a9a9   Thumb Code    64  cpuport.o(.text)
    rt_hw_exception_install                  0x0800a9e9   Thumb Code     6  cpuport.o(.text)
    rt_hw_hard_fault_exception               0x0800a9ef   Thumb Code   112  cpuport.o(.text)
    rt_hw_cpu_shutdown                       0x0800aa5f   Thumb Code    30  cpuport.o(.text)
    rt_hw_interrupt_disable                  0x0800ab59   Thumb Code     8  context_rvds.o(.text)
    rt_hw_interrupt_enable                   0x0800ab61   Thumb Code     6  context_rvds.o(.text)
    rt_hw_context_switch                     0x0800ab67   Thumb Code    32  context_rvds.o(.text)
    rt_hw_context_switch_interrupt           0x0800ab67   Thumb Code     0  context_rvds.o(.text)
    PendSV_Handler                           0x0800ab87   Thumb Code   108  context_rvds.o(.text)
    rt_hw_context_switch_to                  0x0800abf3   Thumb Code    70  context_rvds.o(.text)
    rt_hw_interrupt_thread_switch            0x0800ac39   Thumb Code     4  context_rvds.o(.text)
    HardFault_Handler                        0x0800ac3d   Thumb Code    20  context_rvds.o(.text)
    hello                                    0x0800ac7d   Thumb Code    12  cmd.o(.text)
    version                                  0x0800ac89   Thumb Code    10  cmd.o(.text)
    list_thread                              0x0800ad41   Thumb Code    10  cmd.o(.text)
    list_sem                                 0x0800adf3   Thumb Code    12  cmd.o(.text)
    list_event                               0x0800ae6f   Thumb Code    12  cmd.o(.text)
    list_mutex                               0x0800aecd   Thumb Code    12  cmd.o(.text)
    list_mailbox                             0x0800af61   Thumb Code    12  cmd.o(.text)
    list_msgqueue                            0x0800afed   Thumb Code    12  cmd.o(.text)
    list_mempool                             0x0800b39d   Thumb Code    10  cmd.o(.text)
    list_timer                               0x0800b3fd   Thumb Code    12  cmd.o(.text)
    list_device                              0x0800b457   Thumb Code    12  cmd.o(.text)
    list                                     0x0800b463   Thumb Code   126  cmd.o(.text)
    list_prefix                              0x0800b523   Thumb Code   434  cmd.o(.text)
    finsh_compiler_run                       0x0800cfff   Thumb Code    88  finsh_compiler.o(.text)
    finsh_error_init                         0x0800d069   Thumb Code     8  finsh_error.o(.text)
    finsh_error_set                          0x0800d071   Thumb Code    10  finsh_error.o(.text)
    finsh_errno                              0x0800d07b   Thumb Code     6  finsh_error.o(.text)
    finsh_error_string                       0x0800d081   Thumb Code    10  finsh_error.o(.text)
    finsh_heap_init                          0x0800d095   Thumb Code    36  finsh_heap.o(.text)
    finsh_heap_free                          0x0800d1b9   Thumb Code    34  finsh_heap.o(.text)
    finsh_heap_allocate                      0x0800d229   Thumb Code   106  finsh_heap.o(.text)
    finsh_init                               0x0800d2a5   Thumb Code    30  finsh_init.o(.text)
    finsh_stack_bottom                       0x0800d2c3   Thumb Code     6  finsh_init.o(.text)
    finsh_flush                              0x0800d2c9   Thumb Code    22  finsh_init.o(.text)
    finsh_reset                              0x0800d2df   Thumb Code    24  finsh_init.o(.text)
    finsh_node_init                          0x0800d2fd   Thumb Code    16  finsh_node.o(.text)
    finsh_node_allocate                      0x0800d30d   Thumb Code    56  finsh_node.o(.text)
    finsh_node_new_id                        0x0800d345   Thumb Code   118  finsh_node.o(.text)
    finsh_node_new_char                      0x0800d3bb   Thumb Code    30  finsh_node.o(.text)
    finsh_node_new_int                       0x0800d3d9   Thumb Code    30  finsh_node.o(.text)
    finsh_node_new_long                      0x0800d3f7   Thumb Code    30  finsh_node.o(.text)
    finsh_node_new_string                    0x0800d415   Thumb Code    74  finsh_node.o(.text)
    finsh_node_new_ptr                       0x0800d45f   Thumb Code    30  finsh_node.o(.text)
    OP_no_op                                 0x0800d481   Thumb Code     2  finsh_ops.o(.text)
    OP_add_byte                              0x0800d483   Thumb Code    42  finsh_ops.o(.text)
    OP_add_word                              0x0800d4ad   Thumb Code    44  finsh_ops.o(.text)
    OP_add_dword                             0x0800d4d9   Thumb Code    42  finsh_ops.o(.text)
    OP_sub_byte                              0x0800d503   Thumb Code    42  finsh_ops.o(.text)
    OP_sub_word                              0x0800d52d   Thumb Code    44  finsh_ops.o(.text)
    OP_sub_dword                             0x0800d559   Thumb Code    42  finsh_ops.o(.text)
    OP_div_byte                              0x0800d583   Thumb Code    44  finsh_ops.o(.text)
    OP_div_word                              0x0800d5af   Thumb Code    46  finsh_ops.o(.text)
    OP_div_dword                             0x0800d5dd   Thumb Code    44  finsh_ops.o(.text)
    OP_mod_byte                              0x0800d609   Thumb Code    48  finsh_ops.o(.text)
    OP_mod_word                              0x0800d639   Thumb Code    48  finsh_ops.o(.text)
    OP_mod_dword                             0x0800d669   Thumb Code    48  finsh_ops.o(.text)
    OP_mul_byte                              0x0800d699   Thumb Code    44  finsh_ops.o(.text)
    OP_mul_word                              0x0800d6c5   Thumb Code    46  finsh_ops.o(.text)
    OP_mul_dword                             0x0800d6f3   Thumb Code    42  finsh_ops.o(.text)
    OP_and_byte                              0x0800d71d   Thumb Code    42  finsh_ops.o(.text)
    OP_and_word                              0x0800d747   Thumb Code    42  finsh_ops.o(.text)
    OP_and_dword                             0x0800d771   Thumb Code    42  finsh_ops.o(.text)
    OP_or_byte                               0x0800d79b   Thumb Code    42  finsh_ops.o(.text)
    OP_or_word                               0x0800d7c5   Thumb Code    42  finsh_ops.o(.text)
    OP_or_dword                              0x0800d7ef   Thumb Code    42  finsh_ops.o(.text)
    OP_xor_byte                              0x0800d819   Thumb Code    42  finsh_ops.o(.text)
    OP_xor_word                              0x0800d843   Thumb Code    46  finsh_ops.o(.text)
    OP_xor_dword                             0x0800d871   Thumb Code    42  finsh_ops.o(.text)
    OP_bw_byte                               0x0800d89b   Thumb Code    20  finsh_ops.o(.text)
    OP_bw_word                               0x0800d8af   Thumb Code    20  finsh_ops.o(.text)
    OP_bw_dword                              0x0800d8c3   Thumb Code    20  finsh_ops.o(.text)
    OP_shl_byte                              0x0800d8d7   Thumb Code    42  finsh_ops.o(.text)
    OP_shl_word                              0x0800d901   Thumb Code    44  finsh_ops.o(.text)
    OP_shl_dword                             0x0800d92d   Thumb Code    42  finsh_ops.o(.text)
    OP_shr_byte                              0x0800d957   Thumb Code    42  finsh_ops.o(.text)
    OP_shr_word                              0x0800d981   Thumb Code    42  finsh_ops.o(.text)
    OP_shr_dword                             0x0800d9ab   Thumb Code    42  finsh_ops.o(.text)
    OP_ld_byte                               0x0800d9d5   Thumb Code    34  finsh_ops.o(.text)
    OP_ld_word                               0x0800d9f7   Thumb Code    46  finsh_ops.o(.text)
    OP_ld_dword                              0x0800da25   Thumb Code    64  finsh_ops.o(.text)
    OP_ld_value_byte                         0x0800da65   Thumb Code    66  finsh_ops.o(.text)
    OP_ld_value_byte_stack                   0x0800daa7   Thumb Code    20  finsh_ops.o(.text)
    OP_ld_value_word                         0x0800dabb   Thumb Code    66  finsh_ops.o(.text)
    OP_ld_value_word_stack                   0x0800dafd   Thumb Code    20  finsh_ops.o(.text)
    OP_ld_value_dword                        0x0800db11   Thumb Code    66  finsh_ops.o(.text)
    OP_ld_value_dword_stack                  0x0800db53   Thumb Code    20  finsh_ops.o(.text)
    OP_st_byte                               0x0800db67   Thumb Code    30  finsh_ops.o(.text)
    OP_st_word                               0x0800db85   Thumb Code    30  finsh_ops.o(.text)
    OP_st_dword                              0x0800dba3   Thumb Code    30  finsh_ops.o(.text)
    OP_pop                                   0x0800dbc1   Thumb Code    12  finsh_ops.o(.text)
    OP_call                                  0x0800dbcd   Thumb Code   906  finsh_ops.o(.text)
    finsh_parser_run                         0x0800e7ed   Thumb Code   220  finsh_parser.o(.text)
    finsh_parser_init                        0x0800e8c9   Thumb Code    16  finsh_parser.o(.text)
    finsh_token_init                         0x0800e8d9   Thumb Code    20  finsh_token.o(.text)
    token_get_string                         0x0800ecad   Thumb Code   120  finsh_token.o(.text)
    finsh_token_token                        0x0800eee5   Thumb Code    24  finsh_token.o(.text)
    finsh_token_get_token                    0x0800eefd   Thumb Code    20  finsh_token.o(.text)
    finsh_var_init                           0x0800ef15   Thumb Code    14  finsh_var.o(.text)
    finsh_var_insert                         0x0800ef23   Thumb Code   112  finsh_var.o(.text)
    finsh_var_delete                         0x0800ef93   Thumb Code    68  finsh_var.o(.text)
    finsh_var_lookup                         0x0800efd7   Thumb Code    58  finsh_var.o(.text)
    finsh_sysvar_append                      0x0800f011   Thumb Code    62  finsh_var.o(.text)
    finsh_sysvar_lookup                      0x0800f04f   Thumb Code    78  finsh_var.o(.text)
    finsh_vm_run                             0x0800f0ad   Thumb Code    62  finsh_vm.o(.text)
    finsh_syscall_append                     0x0800f0eb   Thumb Code    54  finsh_vm.o(.text)
    finsh_syscall_lookup                     0x0800f121   Thumb Code    78  finsh_vm.o(.text)
    finsh_set_device                         0x0800f1bf   Thumb Code   128  shell.o(.text)
    finsh_get_device                         0x0800f23f   Thumb Code    40  shell.o(.text)
    finsh_set_echo                           0x0800f267   Thumb Code    42  shell.o(.text)
    finsh_get_echo                           0x0800f291   Thumb Code    44  shell.o(.text)
    finsh_run_line                           0x0800f2d9   Thumb Code   148  shell.o(.text)
    finsh_thread_entry                       0x0800f429   Thumb Code  1616  shell.o(.text)
    finsh_system_function_init               0x0800fa79   Thumb Code    10  shell.o(.text)
    finsh_system_var_init                    0x0800fa83   Thumb Code    10  shell.o(.text)
    finsh_system_init                        0x0800fa8d   Thumb Code   122  shell.o(.text)
    Float2Byte                               0x0800fb5d   Thumb Code    28  datascope_dp.o(.text)
    DataScope_Get_Channel_Data               0x0800fb79   Thumb Code   162  datascope_dp.o(.text)
    DataScope_Data_Generate                  0x0800fc1b   Thumb Code   150  datascope_dp.o(.text)
    AHRS_Init                                0x0800fcb5   Thumb Code    58  algorithm_ahrs.o(.text)
    AHRS_Update                              0x0800fcef   Thumb Code   704  algorithm_ahrs.o(.text)
    Quaternion_ToNumQ                        0x0800fff9   Thumb Code   216  algorithm_quaternion.o(.text)
    Quaternion_ToAngE                        0x080100d1   Thumb Code   276  algorithm_quaternion.o(.text)
    Quaternion_Normalize                     0x080101e5   Thumb Code   138  algorithm_quaternion.o(.text)
    Quaternion_Multiply                      0x0801026f   Thumb Code   242  algorithm_quaternion.o(.text)
    Quaternion_RungeKutta                    0x08010361   Thumb Code   154  algorithm_quaternion.o(.text)
    kalman                                   0x08010401   Thumb Code   334  kalman_filter.o(.text)
    __2sprintf                               0x08010565   Thumb Code    34  noretval__2sprintf.o(.text)
    _printf_pre_padding                      0x0801058d   Thumb Code    46  _printf_pad.o(.text)
    _printf_post_padding                     0x080105bb   Thumb Code    36  _printf_pad.o(.text)
    __printf                                 0x080105df   Thumb Code   270  __printf_wp.o(.text)
    atoi                                     0x080106ed   Thumb Code    26  atoi.o(.text)
    strlen                                   0x08010707   Thumb Code    62  strlen.o(.text)
    strncmp                                  0x08010745   Thumb Code   150  strncmp.o(.text)
    __aeabi_memcpy                           0x080107db   Thumb Code     0  rt_memcpy_v6.o(.text)
    __rt_memcpy                              0x080107db   Thumb Code   138  rt_memcpy_v6.o(.text)
    _memcpy_lastbytes                        0x08010841   Thumb Code     0  rt_memcpy_v6.o(.text)
    __aeabi_memcpy4                          0x08010865   Thumb Code     0  rt_memcpy_w.o(.text)
    __aeabi_memcpy8                          0x08010865   Thumb Code     0  rt_memcpy_w.o(.text)
    __rt_memcpy_w                            0x08010865   Thumb Code   100  rt_memcpy_w.o(.text)
    _memcpy_lastbytes_aligned                0x080108ad   Thumb Code     0  rt_memcpy_w.o(.text)
    __aeabi_memclr                           0x080108c9   Thumb Code     0  rt_memclr.o(.text)
    __rt_memclr                              0x080108c9   Thumb Code    68  rt_memclr.o(.text)
    _memset                                  0x080108cd   Thumb Code     0  rt_memclr.o(.text)
    __aeabi_memclr4                          0x0801090d   Thumb Code     0  rt_memclr_w.o(.text)
    __aeabi_memclr8                          0x0801090d   Thumb Code     0  rt_memclr_w.o(.text)
    __rt_memclr_w                            0x0801090d   Thumb Code    78  rt_memclr_w.o(.text)
    _memset_w                                0x08010911   Thumb Code     0  rt_memclr_w.o(.text)
    strncpy                                  0x0801095b   Thumb Code    86  strncpy.o(.text)
    strcmp                                   0x080109b1   Thumb Code   128  strcmpv7m.o(.text)
    __use_two_region_memory                  0x08010a31   Thumb Code     2  heapauxi.o(.text)
    __rt_heap_escrow$2region                 0x08010a33   Thumb Code     2  heapauxi.o(.text)
    __rt_heap_expand$2region                 0x08010a35   Thumb Code     2  heapauxi.o(.text)
    __aeabi_errno_addr                       0x08010a39   Thumb Code     8  rt_errno_addr_intlibspace.o(.text)
    __errno$intlibspace                      0x08010a39   Thumb Code     0  rt_errno_addr_intlibspace.o(.text)
    __rt_errno_addr$intlibspace              0x08010a39   Thumb Code     0  rt_errno_addr_intlibspace.o(.text)
    __read_errno                             0x08010a41   Thumb Code    10  _rserrno.o(.text)
    __set_errno                              0x08010a4b   Thumb Code    12  _rserrno.o(.text)
    __lib_sel_fp_printf                      0x08010a57   Thumb Code     2  _printf_fp_dec.o(.text)
    _printf_fp_dec_real                      0x08010c05   Thumb Code   626  _printf_fp_dec.o(.text)
    _printf_char_common                      0x08010e83   Thumb Code    32  _printf_char_common.o(.text)
    _sputc                                   0x08010ea9   Thumb Code    10  _sputc.o(.text)
    strtol                                   0x08010eb3   Thumb Code   112  strtol.o(.text)
    __user_libspace                          0x08010f25   Thumb Code     8  libspace.o(.text)
    __user_perproc_libspace                  0x08010f25   Thumb Code     0  libspace.o(.text)
    __user_perthread_libspace                0x08010f25   Thumb Code     0  libspace.o(.text)
    __rt_ctype_table                         0x08010f2d   Thumb Code    16  rt_ctype_table.o(.text)
    __rt_locale                              0x08010f3d   Thumb Code     8  rt_locale_intlibspace.o(.text)
    _ll_udiv10                               0x08010f45   Thumb Code   138  lludiv10.o(.text)
    _printf_fp_infnan                        0x08010fd1   Thumb Code   112  _printf_fp_infnan.o(.text)
    _strtoul                                 0x08011051   Thumb Code   158  _strtoul.o(.text)
    _btod_etento                             0x080110f1   Thumb Code   222  bigflt0.o(.text)
    __user_setup_stackheap                   0x080111d5   Thumb Code    74  sys_stackheap_outer.o(.text)
    _chval                                   0x0801121f   Thumb Code    28  _chval.o(.text)
    exit                                     0x0801123b   Thumb Code    12  exit.o(.text)
    _sys_exit                                0x08011249   Thumb Code     8  sys_exit.o(.text)
    __I$use$semihosting                      0x08011255   Thumb Code     0  use_no_semi.o(.text)
    __use_no_semihosting_swi                 0x08011255   Thumb Code     2  use_no_semi.o(.text)
    __semihosting_library_function           0x08011257   Thumb Code     0  indicate_semi.o(.text)
    _btod_d2e                                0x08011257   Thumb Code    62  btod.o(CL$$btod_d2e)
    _d2e_denorm_low                          0x08011295   Thumb Code    70  btod.o(CL$$btod_d2e_denorm_low)
    _d2e_norm_op1                            0x080112db   Thumb Code    96  btod.o(CL$$btod_d2e_norm_op1)
    __btod_div_common                        0x0801133b   Thumb Code   696  btod.o(CL$$btod_div_common)
    _e2e                                     0x08011673   Thumb Code   198  btod.o(CL$$btod_e2e)
    _btod_ediv                               0x08011739   Thumb Code    40  btod.o(CL$$btod_ediv)
    _btod_emul                               0x08011761   Thumb Code    40  btod.o(CL$$btod_emul)
    __btod_mult_common                       0x08011789   Thumb Code   580  btod.o(CL$$btod_mult_common)
    __ARM_fpclassify                         0x080119cd   Thumb Code    48  fpclassify.o(i.__ARM_fpclassify)
    __ARM_fpclassifyf                        0x080119fd   Thumb Code    38  fpclassifyf.o(i.__ARM_fpclassifyf)
    __hardfp_asinf                           0x08011a25   Thumb Code   250  asinf.o(i.__hardfp_asinf)
    __hardfp_atan2f                          0x08011b49   Thumb Code   486  atan2f.o(i.__hardfp_atan2f)
    __hardfp_cosf                            0x08011d91   Thumb Code   286  cosf.o(i.__hardfp_cosf)
    __hardfp_sinf                            0x08011ef1   Thumb Code   314  sinf.o(i.__hardfp_sinf)
    __hardfp_sqrtf                           0x08012069   Thumb Code    58  sqrtf.o(i.__hardfp_sqrtf)
    __mathlib_flt_underflow                  0x080120a5   Thumb Code    10  funder.o(i.__mathlib_flt_underflow)
    __mathlib_rredf2                         0x080120b5   Thumb Code   294  rredf.o(i.__mathlib_rredf2)
    _is_digit                                0x080121f5   Thumb Code    14  __printf_wp.o(i._is_digit)
    sqrtf                                    0x08012203   Thumb Code    62  sqrtf.o(i.sqrtf)
    _get_lc_numeric                          0x08012241   Thumb Code    44  lc_numeric_c.o(locale$$code)
    _get_lc_ctype                            0x0801226d   Thumb Code    44  lc_ctype_c.o(locale$$code)
    __aeabi_d2f                              0x08012299   Thumb Code     0  d2f.o(x$fpl$d2f)
    _d2f                                     0x08012299   Thumb Code    98  d2f.o(x$fpl$d2f)
    __aeabi_dadd                             0x080122fd   Thumb Code     0  daddsub_clz.o(x$fpl$dadd)
    _dadd                                    0x080122fd   Thumb Code   332  daddsub_clz.o(x$fpl$dadd)
    __aeabi_ddiv                             0x0801244d   Thumb Code     0  ddiv.o(x$fpl$ddiv)
    _ddiv                                    0x0801244d   Thumb Code   552  ddiv.o(x$fpl$ddiv)
    __aeabi_d2iz                             0x080126fd   Thumb Code     0  dfix.o(x$fpl$dfix)
    _dfix                                    0x080126fd   Thumb Code    94  dfix.o(x$fpl$dfix)
    __aeabi_i2d                              0x0801275b   Thumb Code     0  dflt_clz.o(x$fpl$dflt)
    _dflt                                    0x0801275b   Thumb Code    46  dflt_clz.o(x$fpl$dflt)
    __aeabi_dmul                             0x08012789   Thumb Code     0  dmul.o(x$fpl$dmul)
    _dmul                                    0x08012789   Thumb Code   332  dmul.o(x$fpl$dmul)
    __fpl_dnaninf                            0x080128dd   Thumb Code   156  dnaninf.o(x$fpl$dnaninf)
    __fpl_dretinf                            0x08012979   Thumb Code    12  dretinf.o(x$fpl$dretinf)
    __aeabi_dsub                             0x08012985   Thumb Code     0  daddsub_clz.o(x$fpl$dsub)
    _dsub                                    0x08012985   Thumb Code   464  daddsub_clz.o(x$fpl$dsub)
    __aeabi_f2d                              0x08012b59   Thumb Code     0  f2d.o(x$fpl$f2d)
    _f2d                                     0x08012b59   Thumb Code    86  f2d.o(x$fpl$f2d)
    __fpl_fnaninf                            0x08012baf   Thumb Code   140  fnaninf.o(x$fpl$fnaninf)
    _fp_init                                 0x08012c3b   Thumb Code    10  fpinit.o(x$fpl$fpinit)
    __fplib_config_fpu_vfp                   0x08012c43   Thumb Code     0  fpinit.o(x$fpl$fpinit)
    __fplib_config_pureend_doubles           0x08012c43   Thumb Code     0  fpinit.o(x$fpl$fpinit)
    __fpl_fretinf                            0x08012c45   Thumb Code    10  fretinf.o(x$fpl$fretinf)
    _printf_fp_dec                           0x08012c4f   Thumb Code     4  printf1.o(x$fpl$printf1)
    __I$use$fp                               0x08012c53   Thumb Code     0  usenofp.o(x$fpl$usenofp)
    __lowest_bit_bitmap                      0x08012f89   Data         256  kservice.o(.constdata)
    __fsym_list_mem_name                     0x080130ac   Data           9  mem.o(.constdata)
    __fsym_list_mem_desc                     0x080130b5   Data          30  mem.o(.constdata)
    __fsym_hello_name                        0x08013410   Data           6  cmd.o(.constdata)
    __fsym_hello_desc                        0x08013416   Data          16  cmd.o(.constdata)
    __fsym_version_name                      0x08013426   Data           8  cmd.o(.constdata)
    __fsym_version_desc                      0x0801342e   Data          35  cmd.o(.constdata)
    __fsym_list_thread_name                  0x08013451   Data          12  cmd.o(.constdata)
    __fsym_list_thread_desc                  0x0801345d   Data          12  cmd.o(.constdata)
    __fsym_list_sem_name                     0x08013469   Data           9  cmd.o(.constdata)
    __fsym_list_sem_desc                     0x08013472   Data          25  cmd.o(.constdata)
    __fsym_list_event_name                   0x0801348b   Data          11  cmd.o(.constdata)
    __fsym_list_event_desc                   0x08013496   Data          21  cmd.o(.constdata)
    __fsym_list_mutex_name                   0x080134ab   Data          11  cmd.o(.constdata)
    __fsym_list_mutex_desc                   0x080134b6   Data          21  cmd.o(.constdata)
    __fsym_list_mailbox_name                 0x080134cb   Data          13  cmd.o(.constdata)
    __fsym_list_mailbox_desc                 0x080134d8   Data          24  cmd.o(.constdata)
    __fsym_list_msgqueue_name                0x080134f0   Data          14  cmd.o(.constdata)
    __fsym_list_msgqueue_desc                0x080134fe   Data          29  cmd.o(.constdata)
    __fsym_list_mempool_name                 0x0801351b   Data          13  cmd.o(.constdata)
    __fsym_list_mempool_desc                 0x08013528   Data          27  cmd.o(.constdata)
    __fsym_list_timer_name                   0x08013543   Data          11  cmd.o(.constdata)
    __fsym_list_timer_desc                   0x0801354e   Data          21  cmd.o(.constdata)
    __fsym_list_device_name                  0x08013563   Data          12  cmd.o(.constdata)
    __fsym_list_device_desc                  0x0801356f   Data          22  cmd.o(.constdata)
    __fsym_list_name                         0x08013585   Data           5  cmd.o(.constdata)
    __fsym_list_desc                         0x0801358a   Data          26  cmd.o(.constdata)
    __vsym_dummy_name                        0x080135a4   Data           6  cmd.o(.constdata)
    __vsym_dummy_desc                        0x080135aa   Data          25  cmd.o(.constdata)
    op_table                                 0x080136a4   Data         196  finsh_ops.o(.constdata)
    FSymTab$$Base                            0x08013aac   Number         0  mem.o(FSymTab)
    __fsym_list_mem                          0x08013aac   Data          12  mem.o(FSymTab)
    __fsym_hello                             0x08013ab8   Data          12  cmd.o(FSymTab)
    __fsym_version                           0x08013ac4   Data          12  cmd.o(FSymTab)
    __fsym_list_thread                       0x08013ad0   Data          12  cmd.o(FSymTab)
    __fsym_list_sem                          0x08013adc   Data          12  cmd.o(FSymTab)
    __fsym_list_event                        0x08013ae8   Data          12  cmd.o(FSymTab)
    __fsym_list_mutex                        0x08013af4   Data          12  cmd.o(FSymTab)
    __fsym_list_mailbox                      0x08013b00   Data          12  cmd.o(FSymTab)
    __fsym_list_msgqueue                     0x08013b0c   Data          12  cmd.o(FSymTab)
    __fsym_list_mempool                      0x08013b18   Data          12  cmd.o(FSymTab)
    __fsym_list_timer                        0x08013b24   Data          12  cmd.o(FSymTab)
    __fsym_list_device                       0x08013b30   Data          12  cmd.o(FSymTab)
    __fsym_list                              0x08013b3c   Data          12  cmd.o(FSymTab)
    FSymTab$$Limit                           0x08013b48   Number         0  cmd.o(FSymTab)
    Region$$Table$$Base                      0x08013b48   Number         0  anon$$obj.o(Region$$Table)
    Region$$Table$$Limit                     0x08013b68   Number         0  anon$$obj.o(Region$$Table)
    VSymTab$$Base                            0x08013b68   Number         0  cmd.o(VSymTab)
    __vsym_dummy                             0x08013b68   Data          16  cmd.o(VSymTab)
    VSymTab$$Limit                           0x08013b78   Number         0  cmd.o(VSymTab)
    __ctype                                  0x08013ba1   Data           0  lc_ctype_c.o(locale$$data)
    ble_tx_buff                              0x20000000   Data         120  bluetooth_4_0.o(.data)
    read_cmd                                 0x2000007c   Data           8  bluetooth_4_0.o(.data)
    cmd_func                                 0x20000084   Data           4  bluetooth_4_0.o(.data)
    Temp                                     0x20000088   Data           2  mpu9250_app.o(.data)
    Temp_True                                0x2000008c   Data           4  mpu9250_app.o(.data)
    uart1                                    0x20000090   Data          12  usart.o(.data)
    uart3                                    0x2000009c   Data          12  usart.o(.data)
    uart3_debug                              0x200000a8   Data           4  usart.o(.data)
    SystemCoreClock                          0x200000ac   Data           4  system_stm32f4xx.o(.data)
    AHBPrescTable                            0x200000b0   Data          16  system_stm32f4xx.o(.data)
    rt_interrupt_nest                        0x200000d8   Data           1  irq.o(.data)
    rt_object_container                      0x2000010c   Data         144  object.o(.data)
    rt_object_trytake_hook                   0x200001a4   Data           4  object.o(.data)
    rt_object_take_hook                      0x200001a8   Data           4  object.o(.data)
    rt_object_put_hook                       0x200001ac   Data           4  object.o(.data)
    rt_current_thread                        0x200001b4   Data           4  scheduler.o(.data)
    rt_current_priority                      0x200001b8   Data           1  scheduler.o(.data)
    rt_thread_ready_priority_group           0x200001bc   Data           4  scheduler.o(.data)
    rt_thread_defunct                        0x200001c0   Data           8  scheduler.o(.data)
    rt_interrupt_from_thread                 0x200001e0   Data           4  cpuport.o(.data)
    rt_interrupt_to_thread                   0x200001e4   Data           4  cpuport.o(.data)
    rt_thread_switch_interrupt_flag          0x200001e8   Data           4  cpuport.o(.data)
    finsh_compile_sp                         0x200001f0   Data           4  finsh_compiler.o(.data)
    finsh_compile_pc                         0x200001f4   Data           4  finsh_compiler.o(.data)
    global_errno                             0x20000234   Data           1  finsh_error.o(.data)
    global_sysvar_list                       0x20000240   Data           4  finsh_var.o(.data)
    global_syscall_list                      0x20000244   Data           4  finsh_vm.o(.data)
    finsh_sp                                 0x20000248   Data           4  finsh_vm.o(.data)
    finsh_pc                                 0x2000024c   Data           4  finsh_vm.o(.data)
    shell                                    0x20000250   Data           4  shell.o(.data)
    _syscall_table_begin                     0x20000254   Data           4  symbol.o(.data)
    _syscall_table_end                       0x20000258   Data           4  symbol.o(.data)
    _sysvar_table_begin                      0x2000025c   Data           4  symbol.o(.data)
    _sysvar_table_end                        0x20000260   Data           4  symbol.o(.data)
    NumQ                                     0x20000274   Data          16  algorithm_quaternion.o(.data)
    P                                        0x20000284   Data           4  kalman_filter.o(.data)
    R                                        0x20000288   Data           4  kalman_filter.o(.data)
    Q                                        0x2000028c   Data           4  kalman_filter.o(.data)
    thread_heartbeat                         0x20000490   Data         128  heartbeat.o(.bss)
    ble_rx_buff                              0x20000510   Data         120  bluetooth_4_0.o(.bss)
    thread_ble                               0x20000988   Data         128  bluetooth_4_0.o(.bss)
    Acc                                      0x20000e40   Data          28  mpu9250_app.o(.bss)
    Gyr                                      0x20000e5c   Data          28  mpu9250_app.o(.bss)
    Mag                                      0x20000e78   Data          28  mpu9250_app.o(.bss)
    Ang                                      0x20000e94   Data          28  mpu9250_app.o(.bss)
    thread_mpu9250_app                       0x200012b0   Data         128  mpu9250_app.o(.bss)
    uart1_int_rx                             0x20001330   Data          72  usart.o(.bss)
    uart1_device                             0x20001378   Data          64  usart.o(.bss)
    uart3_int_rx                             0x200013b8   Data          72  usart.o(.bss)
    uart3_device                             0x20001400   Data          64  usart.o(.bss)
    rt_thread_priority_table                 0x20001960   Data         256  scheduler.o(.bss)
    finsh_heap                               0x20001a60   Data         128  finsh_heap.o(.bss)
    global_node_table                        0x20001ae0   Data         320  finsh_node.o(.bss)
    global_variable                          0x20001c20   Data         192  finsh_var.o(.bss)
    finsh_vm_stack                           0x20001ce0   Data         256  finsh_vm.o(.bss)
    text_segment                             0x20001de0   Data         128  finsh_vm.o(.bss)
    DataScope_OutPut_Buffer                  0x200026e0   Data          42  datascope_dp.o(.bss)
    AngE                                     0x2000270c   Data          12  algorithm_quaternion.o(.bss)
    __libspace_start                         0x20002718   Data          96  libspace.o(.bss)
    __temporary_stack_top$libspace           0x20002778   Data           0  libspace.o(.bss)
    Image$$RW_IRAM1$$ZI$$Limit               0x20002d78   Number         0  startup_stm32f4xx.o(STACK)



==============================================================================

Memory Map of the image

  Image Entry point : 0x08000189

  Load Region LR_IROM1 (Base: 0x08000000, Size: 0x00013f34, Max: 0x00080000, ABSOLUTE, COMPRESSED[0x00013d64])

    Execution Region ER_IROM1 (Base: 0x08000000, Size: 0x00013ca4, Max: 0x00080000, ABSOLUTE)

    Base Addr    Size         Type   Attr      Idx    E Section Name        Object

    0x08000000   0x00000188   Data   RO          614    RESET               startup_stm32f4xx.o
    0x08000188   0x00000008   Code   RO         1304  * !!!main             c_w.l(__main.o)
    0x08000190   0x00000034   Code   RO         1630    !!!scatter          c_w.l(__scatter.o)
    0x080001c4   0x0000005a   Code   RO         1628    !!dczerorl2         c_w.l(__dczerorl2.o)
    0x0800021e   0x00000002   PAD
    0x08000220   0x0000001c   Code   RO         1632    !!handler_zi        c_w.l(__scatter_zi.o)
    0x0800023c   0x00000000   Code   RO         1283    .ARM.Collect$$_printf_percent$$00000000  c_w.l(_printf_percent.o)
    0x0800023c   0x00000006   Code   RO         1282    .ARM.Collect$$_printf_percent$$00000003  c_w.l(_printf_f.o)
    0x08000242   0x00000004   Code   RO         1408    .ARM.Collect$$_printf_percent$$00000017  c_w.l(_printf_percent_end.o)
    0x08000246   0x00000006   Code   RO         1506    .ARM.Collect$$libinit$$00000000  c_w.l(libinit.o)
    0x0800024c   0x00000000   Code   RO         1509    .ARM.Collect$$libinit$$00000006  c_w.l(libinit2.o)
    0x0800024c   0x00000000   Code   RO         1511    .ARM.Collect$$libinit$$00000008  c_w.l(libinit2.o)
    0x0800024c   0x00000000   Code   RO         1513    .ARM.Collect$$libinit$$0000000A  c_w.l(libinit2.o)
    0x0800024c   0x00000006   Code   RO         1514    .ARM.Collect$$libinit$$0000000B  c_w.l(libinit2.o)
    0x08000252   0x00000000   Code   RO         1516    .ARM.Collect$$libinit$$0000000D  c_w.l(libinit2.o)
    0x08000252   0x0000000c   Code   RO         1517    .ARM.Collect$$libinit$$0000000E  c_w.l(libinit2.o)
    0x0800025e   0x00000000   Code   RO         1518    .ARM.Collect$$libinit$$0000000F  c_w.l(libinit2.o)
    0x0800025e   0x00000000   Code   RO         1520    .ARM.Collect$$libinit$$00000011  c_w.l(libinit2.o)
    0x0800025e   0x0000000a   Code   RO         1521    .ARM.Collect$$libinit$$00000012  c_w.l(libinit2.o)
    0x08000268   0x00000000   Code   RO         1522    .ARM.Collect$$libinit$$00000013  c_w.l(libinit2.o)
    0x08000268   0x00000000   Code   RO         1524    .ARM.Collect$$libinit$$00000015  c_w.l(libinit2.o)
    0x08000268   0x00000000   Code   RO         1526    .ARM.Collect$$libinit$$00000017  c_w.l(libinit2.o)
    0x08000268   0x00000000   Code   RO         1528    .ARM.Collect$$libinit$$00000019  c_w.l(libinit2.o)
    0x08000268   0x00000000   Code   RO         1530    .ARM.Collect$$libinit$$0000001B  c_w.l(libinit2.o)
    0x08000268   0x00000000   Code   RO         1532    .ARM.Collect$$libinit$$0000001D  c_w.l(libinit2.o)
    0x08000268   0x00000000   Code   RO         1534    .ARM.Collect$$libinit$$0000001F  c_w.l(libinit2.o)
    0x08000268   0x00000000   Code   RO         1536    .ARM.Collect$$libinit$$00000021  c_w.l(libinit2.o)
    0x08000268   0x00000000   Code   RO         1540    .ARM.Collect$$libinit$$00000028  c_w.l(libinit2.o)
    0x08000268   0x00000000   Code   RO         1542    .ARM.Collect$$libinit$$0000002A  c_w.l(libinit2.o)
    0x08000268   0x00000000   Code   RO         1544    .ARM.Collect$$libinit$$0000002C  c_w.l(libinit2.o)
    0x08000268   0x00000000   Code   RO         1546    .ARM.Collect$$libinit$$0000002E  c_w.l(libinit2.o)
    0x08000268   0x00000002   Code   RO         1547    .ARM.Collect$$libinit$$0000002F  c_w.l(libinit2.o)
    0x0800026a   0x00000002   Code   RO         1577    .ARM.Collect$$libshutdown$$00000000  c_w.l(libshutdown.o)
    0x0800026c   0x00000000   Code   RO         1589    .ARM.Collect$$libshutdown$$00000003  c_w.l(libshutdown2.o)
    0x0800026c   0x00000000   Code   RO         1592    .ARM.Collect$$libshutdown$$00000006  c_w.l(libshutdown2.o)
    0x0800026c   0x00000000   Code   RO         1595    .ARM.Collect$$libshutdown$$00000009  c_w.l(libshutdown2.o)
    0x0800026c   0x00000000   Code   RO         1597    .ARM.Collect$$libshutdown$$0000000B  c_w.l(libshutdown2.o)
    0x0800026c   0x00000000   Code   RO         1600    .ARM.Collect$$libshutdown$$0000000E  c_w.l(libshutdown2.o)
    0x0800026c   0x00000002   Code   RO         1601    .ARM.Collect$$libshutdown$$0000000F  c_w.l(libshutdown2.o)
    0x0800026e   0x00000000   Code   RO         1394    .ARM.Collect$$rtentry$$00000000  c_w.l(rtentry.o)
    0x0800026e   0x00000000   Code   RO         1431    .ARM.Collect$$rtentry$$00000002  c_w.l(rtentry2.o)
    0x0800026e   0x00000006   Code   RO         1443    .ARM.Collect$$rtentry$$00000004  c_w.l(rtentry4.o)
    0x08000274   0x00000000   Code   RO         1433    .ARM.Collect$$rtentry$$00000009  c_w.l(rtentry2.o)
    0x08000274   0x00000004   Code   RO         1434    .ARM.Collect$$rtentry$$0000000A  c_w.l(rtentry2.o)
    0x08000278   0x00000000   Code   RO         1436    .ARM.Collect$$rtentry$$0000000C  c_w.l(rtentry2.o)
    0x08000278   0x00000008   Code   RO         1437    .ARM.Collect$$rtentry$$0000000D  c_w.l(rtentry2.o)
    0x08000280   0x00000002   Code   RO         1548    .ARM.Collect$$rtexit$$00000000  c_w.l(rtexit.o)
    0x08000282   0x00000000   Code   RO         1555    .ARM.Collect$$rtexit$$00000002  c_w.l(rtexit2.o)
    0x08000282   0x00000004   Code   RO         1556    .ARM.Collect$$rtexit$$00000003  c_w.l(rtexit2.o)
    0x08000286   0x00000006   Code   RO         1557    .ARM.Collect$$rtexit$$00000004  c_w.l(rtexit2.o)
    0x0800028c   0x00000048   Code   RO            2    .text               application.o
    0x080002d4   0x000000d0   Code   RO          153    .text               startup.o
    0x080003a4   0x000000c0   Code   RO          173    .text               heartbeat.o
    0x08000464   0x00000124   Code   RO          192    .text               bluetooth_4_0.o
    0x08000588   0x00000668   Code   RO          215    .text               mpu9250_app.o
    0x08000bf0   0x000000b0   Code   RO          252    .text               board.o
    0x08000ca0   0x00000604   Code   RO          272    .text               serial.o
    0x080012a4   0x00000040   Code   RO          292    .text               stm32f4xx_it.o
    0x080012e4   0x00000198   Code   RO          309    .text               usart.o
    0x0800147c   0x00000284   Code   RO          332    .text               mpu9250.o
    0x08001700   0x000001fc   Code   RO          349    .text               system_stm32f4xx.o
    0x080018fc   0x000001ec   Code   RO          371    .text               misc.o
    0x08001ae8   0x000013b8   Code   RO          419    .text               stm32f4xx_dma.o
    0x08002ea0   0x0000090a   Code   RO          467    .text               stm32f4xx_gpio.o
    0x080037aa   0x00000002   PAD
    0x080037ac   0x00000d6c   Code   RO          499    .text               stm32f4xx_rcc.o
    0x08004518   0x00000bcc   Code   RO          549    .text               stm32f4xx_spi.o
    0x080050e4   0x00000eb0   Code   RO          597    .text               stm32f4xx_usart.o
    0x08005f94   0x00000040   Code   RO          615    .text               startup_stm32f4xx.o
    0x08005fd4   0x00000064   Code   RO          619    .text               clock.o
    0x08006038   0x00000408   Code   RO          633    .text               device.o
    0x08006440   0x00000168   Code   RO          647    .text               idle.o
    0x080065a8   0x00001a10   Code   RO          667    .text               ipc.o
    0x08007fb8   0x00000048   Code   RO          684    .text               irq.o
    0x08008000   0x000009b4   Code   RO          699    .text               kservice.o
    0x080089b4   0x00000978   Code   RO          716    .text               mem.o
    0x0800932c   0x0000042c   Code   RO          748    .text               mempool.o
    0x08009758   0x00000330   Code   RO          766    .text               object.o
    0x08009a88   0x00000324   Code   RO          786    .text               scheduler.o
    0x08009dac   0x000006a8   Code   RO          807    .text               thread.o
    0x0800a454   0x00000554   Code   RO          824    .text               timer.o
    0x0800a9a8   0x000001b0   Code   RO          843    .text               cpuport.o
    0x0800ab58   0x00000110   Code   RO          859    .text               context_rvds.o
    0x0800ac68   0x00000be8   Code   RO          897    .text               cmd.o
    0x0800b850   0x00001818   Code   RO          920    .text               finsh_compiler.o
    0x0800d068   0x0000002c   Code   RO          957    .text               finsh_error.o
    0x0800d094   0x00000210   Code   RO          973    .text               finsh_heap.o
    0x0800d2a4   0x00000058   Code   RO          989    .text               finsh_init.o
    0x0800d2fc   0x00000184   Code   RO         1007    .text               finsh_node.o
    0x0800d480   0x00000adc   Code   RO         1022    .text               finsh_ops.o
    0x0800df5c   0x0000097c   Code   RO         1040    .text               finsh_parser.o
    0x0800e8d8   0x0000063c   Code   RO         1055    .text               finsh_token.o
    0x0800ef14   0x00000198   Code   RO         1070    .text               finsh_var.o
    0x0800f0ac   0x000000e4   Code   RO         1093    .text               finsh_vm.o
    0x0800f190   0x000009cc   Code   RO         1120    .text               shell.o
    0x0800fb5c   0x00000158   Code   RO         1154    .text               datascope_dp.o
    0x0800fcb4   0x00000344   Code   RO         1173    .text               algorithm_ahrs.o
    0x0800fff8   0x00000408   Code   RO         1211    .text               algorithm_quaternion.o
    0x08010400   0x00000164   Code   RO         1234    .text               kalman_filter.o
    0x08010564   0x00000028   Code   RO         1256    .text               c_w.l(noretval__2sprintf.o)
    0x0801058c   0x00000052   Code   RO         1260    .text               c_w.l(_printf_pad.o)
    0x080105de   0x0000010e   Code   RO         1270    .text               c_w.l(__printf_wp.o)
    0x080106ec   0x0000001a   Code   RO         1284    .text               c_w.l(atoi.o)
    0x08010706   0x0000003e   Code   RO         1286    .text               c_w.l(strlen.o)
    0x08010744   0x00000096   Code   RO         1288    .text               c_w.l(strncmp.o)
    0x080107da   0x0000008a   Code   RO         1290    .text               c_w.l(rt_memcpy_v6.o)
    0x08010864   0x00000064   Code   RO         1292    .text               c_w.l(rt_memcpy_w.o)
    0x080108c8   0x00000044   Code   RO         1294    .text               c_w.l(rt_memclr.o)
    0x0801090c   0x0000004e   Code   RO         1296    .text               c_w.l(rt_memclr_w.o)
    0x0801095a   0x00000056   Code   RO         1298    .text               c_w.l(strncpy.o)
    0x080109b0   0x00000080   Code   RO         1300    .text               c_w.l(strcmpv7m.o)
    0x08010a30   0x00000006   Code   RO         1302    .text               c_w.l(heapauxi.o)
    0x08010a36   0x00000002   PAD
    0x08010a38   0x00000008   Code   RO         1398    .text               c_w.l(rt_errno_addr_intlibspace.o)
    0x08010a40   0x00000016   Code   RO         1400    .text               c_w.l(_rserrno.o)
    0x08010a56   0x00000420   Code   RO         1402    .text               c_w.l(_printf_fp_dec.o)
    0x08010e76   0x00000002   PAD
    0x08010e78   0x00000030   Code   RO         1404    .text               c_w.l(_printf_char_common.o)
    0x08010ea8   0x0000000a   Code   RO         1406    .text               c_w.l(_sputc.o)
    0x08010eb2   0x00000070   Code   RO         1409    .text               c_w.l(strtol.o)
    0x08010f22   0x00000002   PAD
    0x08010f24   0x00000008   Code   RO         1427    .text               c_w.l(libspace.o)
    0x08010f2c   0x00000010   Code   RO         1445    .text               c_w.l(rt_ctype_table.o)
    0x08010f3c   0x00000008   Code   RO         1450    .text               c_w.l(rt_locale_intlibspace.o)
    0x08010f44   0x0000008a   Code   RO         1452    .text               c_w.l(lludiv10.o)
    0x08010fce   0x00000002   PAD
    0x08010fd0   0x00000080   Code   RO         1454    .text               c_w.l(_printf_fp_infnan.o)
    0x08011050   0x0000009e   Code   RO         1458    .text               c_w.l(_strtoul.o)
    0x080110ee   0x00000002   PAD
    0x080110f0   0x000000e4   Code   RO         1460    .text               c_w.l(bigflt0.o)
    0x080111d4   0x0000004a   Code   RO         1492    .text               c_w.l(sys_stackheap_outer.o)
    0x0801121e   0x0000001c   Code   RO         1494    .text               c_w.l(_chval.o)
    0x0801123a   0x0000000c   Code   RO         1499    .text               c_w.l(exit.o)
    0x08011246   0x00000002   PAD
    0x08011248   0x0000000c   Code   RO         1567    .text               c_w.l(sys_exit.o)
    0x08011254   0x00000002   Code   RO         1578    .text               c_w.l(use_no_semi.o)
    0x08011256   0x00000000   Code   RO         1580    .text               c_w.l(indicate_semi.o)
    0x08011256   0x0000003e   Code   RO         1463    CL$$btod_d2e        c_w.l(btod.o)
    0x08011294   0x00000046   Code   RO         1465    CL$$btod_d2e_denorm_low  c_w.l(btod.o)
    0x080112da   0x00000060   Code   RO         1464    CL$$btod_d2e_norm_op1  c_w.l(btod.o)
    0x0801133a   0x00000338   Code   RO         1473    CL$$btod_div_common  c_w.l(btod.o)
    0x08011672   0x000000c6   Code   RO         1470    CL$$btod_e2e        c_w.l(btod.o)
    0x08011738   0x00000028   Code   RO         1467    CL$$btod_ediv       c_w.l(btod.o)
    0x08011760   0x00000028   Code   RO         1466    CL$$btod_emul       c_w.l(btod.o)
    0x08011788   0x00000244   Code   RO         1472    CL$$btod_mult_common  c_w.l(btod.o)
    0x080119cc   0x00000030   Code   RO         1490    i.__ARM_fpclassify  m_wm.l(fpclassify.o)
    0x080119fc   0x00000026   Code   RO         1420    i.__ARM_fpclassifyf  m_wm.l(fpclassifyf.o)
    0x08011a22   0x00000002   PAD
    0x08011a24   0x00000124   Code   RO         1334    i.__hardfp_asinf    m_wm.l(asinf.o)
    0x08011b48   0x00000248   Code   RO         1346    i.__hardfp_atan2f   m_wm.l(atan2f.o)
    0x08011d90   0x00000160   Code   RO         1358    i.__hardfp_cosf     m_wm.l(cosf.o)
    0x08011ef0   0x00000178   Code   RO         1370    i.__hardfp_sinf     m_wm.l(sinf.o)
    0x08012068   0x0000003a   Code   RO         1382    i.__hardfp_sqrtf    m_wm.l(sqrtf.o)
    0x080120a2   0x00000002   PAD
    0x080120a4   0x00000010   Code   RO         1422    i.__mathlib_flt_underflow  m_wm.l(funder.o)
    0x080120b4   0x00000140   Code   RO         1424    i.__mathlib_rredf2  m_wm.l(rredf.o)
    0x080121f4   0x0000000e   Code   RO         1272    i._is_digit         c_w.l(__printf_wp.o)
    0x08012202   0x0000003e   Code   RO         1384    i.sqrtf             m_wm.l(sqrtf.o)
    0x08012240   0x0000002c   Code   RO         1486    locale$$code        c_w.l(lc_numeric_c.o)
    0x0801226c   0x0000002c   Code   RO         1497    locale$$code        c_w.l(lc_ctype_c.o)
    0x08012298   0x00000062   Code   RO         1306    x$fpl$d2f           fz_wm.l(d2f.o)
    0x080122fa   0x00000002   PAD
    0x080122fc   0x00000150   Code   RO         1308    x$fpl$dadd          fz_wm.l(daddsub_clz.o)
    0x0801244c   0x000002b0   Code   RO         1315    x$fpl$ddiv          fz_wm.l(ddiv.o)
    0x080126fc   0x0000005e   Code   RO         1318    x$fpl$dfix          fz_wm.l(dfix.o)
    0x0801275a   0x0000002e   Code   RO         1323    x$fpl$dflt          fz_wm.l(dflt_clz.o)
    0x08012788   0x00000154   Code   RO         1328    x$fpl$dmul          fz_wm.l(dmul.o)
    0x080128dc   0x0000009c   Code   RO         1411    x$fpl$dnaninf       fz_wm.l(dnaninf.o)
    0x08012978   0x0000000c   Code   RO         1413    x$fpl$dretinf       fz_wm.l(dretinf.o)
    0x08012984   0x000001d4   Code   RO         1310    x$fpl$dsub          fz_wm.l(daddsub_clz.o)
    0x08012b58   0x00000056   Code   RO         1330    x$fpl$f2d           fz_wm.l(f2d.o)
    0x08012bae   0x0000008c   Code   RO         1415    x$fpl$fnaninf       fz_wm.l(fnaninf.o)
    0x08012c3a   0x0000000a   Code   RO         1552    x$fpl$fpinit        fz_wm.l(fpinit.o)
    0x08012c44   0x0000000a   Code   RO         1417    x$fpl$fretinf       fz_wm.l(fretinf.o)
    0x08012c4e   0x00000004   Code   RO         1332    x$fpl$printf1       fz_wm.l(printf1.o)
    0x08012c52   0x00000000   Code   RO         1419    x$fpl$usenofp       fz_wm.l(usenofp.o)
    0x08012c52   0x00000085   Data   RO          273    .constdata          serial.o
    0x08012cd7   0x00000001   PAD
    0x08012cd8   0x0000001c   Data   RO          333    .constdata          mpu9250.o
    0x08012cf4   0x000000a8   Data   RO          634    .constdata          device.o
    0x08012d9c   0x00000016   Data   RO          649    .constdata          idle.o
    0x08012db2   0x000001d7   Data   RO          668    .constdata          ipc.o
    0x08012f89   0x00000122   Data   RO          701    .constdata          kservice.o
    0x080130ab   0x00000001   PAD
    0x080130ac   0x00000160   Data   RO          718    .constdata          mem.o
    0x0801320c   0x0000003e   Data   RO          749    .constdata          mempool.o
    0x0801324a   0x0000005e   Data   RO          767    .constdata          object.o
    0x080132a8   0x0000004e   Data   RO          788    .constdata          scheduler.o
    0x080132f6   0x000000aa   Data   RO          808    .constdata          thread.o
    0x080133a0   0x0000005c   Data   RO          825    .constdata          timer.o
    0x080133fc   0x00000013   Data   RO          844    .constdata          cpuport.o
    0x0801340f   0x00000001   PAD
    0x08013410   0x00000293   Data   RO          898    .constdata          cmd.o
    0x080136a3   0x00000001   PAD
    0x080136a4   0x000000c4   Data   RO         1023    .constdata          finsh_ops.o
    0x08013768   0x00000040   Data   RO         1056    .constdata          finsh_token.o
    0x080137a8   0x00000060   Data   RO         1122    .constdata          shell.o
    0x08013808   0x00000020   Data   RO         1425    .constdata          m_wm.l(rredf.o)
    0x08013828   0x00000094   Data   RO         1461    .constdata          c_w.l(bigflt0.o)
    0x080138bc   0x000000e9   Data   RO          899    .conststring        cmd.o
    0x080139a5   0x000000d8   Data   RO          958    .conststring        finsh_error.o
    0x08013a7d   0x0000002c   Data   RO         1057    .conststring        finsh_token.o
    0x08013aa9   0x00000003   PAD
    0x08013aac   0x0000000c   Data   RO          720    FSymTab             mem.o
    0x08013ab8   0x00000090   Data   RO          901    FSymTab             cmd.o
    0x08013b48   0x00000020   Data   RO         1626    Region$$Table       anon$$obj.o
    0x08013b68   0x00000010   Data   RO          902    VSymTab             cmd.o
    0x08013b78   0x0000001c   Data   RO         1485    locale$$data        c_w.l(lc_numeric_c.o)
    0x08013b94   0x00000110   Data   RO         1496    locale$$data        c_w.l(lc_ctype_c.o)


    Execution Region RW_IRAM1 (Base: 0x20000000, Size: 0x00002d78, Max: 0x00020000, ABSOLUTE, COMPRESSED[0x000000c0])

    Base Addr    Size         Type   Attr      Idx    E Section Name        Object

    0x20000000   0x00000088   Data   RW          194    .data               bluetooth_4_0.o
    0x20000088   0x00000008   Data   RW          217    .data               mpu9250_app.o
    0x20000090   0x0000001c   Data   RW          311    .data               usart.o
    0x200000ac   0x00000014   Data   RW          350    .data               system_stm32f4xx.o
    0x200000c0   0x00000010   Data   RW          500    .data               stm32f4xx_rcc.o
    0x200000d0   0x00000004   Data   RW          620    .data               clock.o
    0x200000d4   0x00000004   Data   RW          650    .data               idle.o
    0x200000d8   0x00000001   Data   RW          685    .data               irq.o
    0x200000d9   0x00000003   PAD
    0x200000dc   0x00000008   Data   RW          702    .data               kservice.o
    0x200000e4   0x00000020   Data   RW          719    .data               mem.o
    0x20000104   0x00000008   Data   RW          750    .data               mempool.o
    0x2000010c   0x000000a4   Data   RW          768    .data               object.o
    0x200001b0   0x0000001c   Data   RW          789    .data               scheduler.o
    0x200001cc   0x00000010   Data   RW          826    .data               timer.o
    0x200001dc   0x00000010   Data   RW          845    .data               cpuport.o
    0x200001ec   0x00000004   Data   RW          900    .data               cmd.o
    0x200001f0   0x00000008   Data   RW          921    .data               finsh_compiler.o
    0x200001f8   0x0000003d   Data   RW          959    .data               finsh_error.o
    0x20000235   0x00000003   PAD
    0x20000238   0x00000008   Data   RW          975    .data               finsh_heap.o
    0x20000240   0x00000004   Data   RW         1072    .data               finsh_var.o
    0x20000244   0x0000000c   Data   RW         1095    .data               finsh_vm.o
    0x20000250   0x00000004   Data   RW         1123    .data               shell.o
    0x20000254   0x00000010   Data   RW         1141    .data               symbol.o
    0x20000264   0x00000010   Data   RW         1174    .data               algorithm_ahrs.o
    0x20000274   0x00000010   Data   RW         1213    .data               algorithm_quaternion.o
    0x20000284   0x0000000c   Data   RW         1235    .data               kalman_filter.o
    0x20000290   0x00000280   Zero   RW          174    .bss                heartbeat.o
    0x20000510   0x0000092c   Zero   RW          193    .bss                bluetooth_4_0.o
    0x20000e3c   0x00000004   PAD
    0x20000e40   0x000004f0   Zero   RW          216    .bss                mpu9250_app.o
    0x20001330   0x00000110   Zero   RW          310    .bss                usart.o
    0x20001440   0x00000480   Zero   RW          648    .bss                idle.o
    0x200018c0   0x00000080   Zero   RW          700    .bss                kservice.o
    0x20001940   0x00000020   Zero   RW          717    .bss                mem.o
    0x20001960   0x00000100   Zero   RW          787    .bss                scheduler.o
    0x20001a60   0x00000080   Zero   RW          974    .bss                finsh_heap.o
    0x20001ae0   0x00000140   Zero   RW         1008    .bss                finsh_node.o
    0x20001c20   0x000000c0   Zero   RW         1071    .bss                finsh_var.o
    0x20001ce0   0x00000180   Zero   RW         1094    .bss                finsh_vm.o
    0x20001e60   0x00000880   Zero   RW         1121    .bss                shell.o
    0x200026e0   0x0000002a   Zero   RW         1155    .bss                datascope_dp.o
    0x2000270a   0x00000002   PAD
    0x2000270c   0x0000000c   Zero   RW         1212    .bss                algorithm_quaternion.o
    0x20002718   0x00000060   Zero   RW         1428    .bss                c_w.l(libspace.o)
    0x20002778   0x00000200   Zero   RW          613    HEAP                startup_stm32f4xx.o
    0x20002978   0x00000400   Zero   RW          612    STACK               startup_stm32f4xx.o


==============================================================================

Image component sizes


      Code (inc. data)   RO Data    RW Data    ZI Data      Debug   Object Name

       836         74          0         16          0       2458   algorithm_ahrs.o
      1032          6          0         16         12       3333   algorithm_quaternion.o
        72          8          0          0          0     268739   application.o
       292         66          0        136       2348       2535   bluetooth_4_0.o
       176         18          0          0          0      19283   board.o
       100          6          0          4          0       1560   clock.o
      3048       1194       1052          4          0      10755   cmd.o
       272         24          0          0          0        784   context_rvds.o
       432        220         19         16          0       3727   cpuport.o
       344         28          0          0         42       2054   datascope_dp.o
      1032        166        168          0          0       5537   device.o
      6168        154          0          8          0      10602   finsh_compiler.o
        44         10        216         61          0       1649   finsh_error.o
       528         18          0          8        128       3375   finsh_heap.o
        88          6          0          0          0       1628   finsh_init.o
       388          4          0          0        320       3400   finsh_node.o
      2780         36        196          0          0       8776   finsh_ops.o
      2428         32          0          0          0       9717   finsh_parser.o
      1596         16        108          0          0       5944   finsh_token.o
       408         16          0          4        192       7137   finsh_var.o
       228         34          0         12        384       6730   finsh_vm.o
       192         30          0          0        640       1531   heartbeat.o
       360        106         22          4       1152       2819   idle.o
      6672        464        471          0          0      23215   ipc.o
        72          6          0          1          0       1334   irq.o
       356         22          0         12          0       1401   kalman_filter.o
      2484        168        290          8        128      11264   kservice.o
      2424        586        364         32         32      11418   mem.o
      1068        116         62          8          0       5390   mempool.o
       492         72          0          0          0       2117   misc.o
       644         44         28          0          0       3249   mpu9250.o
      1640        282          0          8       1264       3709   mpu9250_app.o
       816        186         94        164          0       6008   object.o
       804        182         78         28        256       4813   scheduler.o
      1540        296        133          0          0       5817   serial.o
      2508        308         96          4       2176       6195   shell.o
       208         98          0          0          0       1355   startup.o
        64         26        392          0       1536        884   startup_stm32f4xx.o
      5048        350          0          0          0       9041   stm32f4xx_dma.o
      2314        134          0          0          0       5501   stm32f4xx_gpio.o
        64          8          0          0          0       1403   stm32f4xx_it.o
      3436        262          0         16          0      13599   stm32f4xx_rcc.o
      3020        116          0          0          0       8633   stm32f4xx_spi.o
      3760        162          0          0          0      10172   stm32f4xx_usart.o
         0          0          0         16          0       4085   symbol.o
       508         44          0         20          0       1999   system_stm32f4xx.o
      1704        244        170          0          0       8390   thread.o
      1364        150         92         16          0       7945   timer.o
       408         50          0         28        272       2537   usart.o

    ----------------------------------------------------------------------
     66264       6648       4090        656      10888     545547   Object Totals
         0          0         32          0          0          0   (incl. Generated)
         2          0          7          6          6          0   (incl. Padding)

    ----------------------------------------------------------------------

      Code (inc. data)   RO Data    RW Data    ZI Data      Debug   Library Member Name

        90          0          0          0          0          0   __dczerorl2.o
         8          0          0          0          0         68   __main.o
       284          0          0          0          0        156   __printf_wp.o
        52          8          0          0          0          0   __scatter.o
        28          0          0          0          0          0   __scatter_zi.o
        28          0          0          0          0         68   _chval.o
        48          6          0          0          0         96   _printf_char_common.o
         6          0          0          0          0          0   _printf_f.o
      1056          0          0          0          0        216   _printf_fp_dec.o
       128         16          0          0          0         84   _printf_fp_infnan.o
        82          0          0          0          0        108   _printf_pad.o
         0          0          0          0          0          0   _printf_percent.o
         4          0          0          0          0          0   _printf_percent_end.o
        22          0          0          0          0        100   _rserrno.o
        10          0          0          0          0         68   _sputc.o
       158          0          0          0          0         92   _strtoul.o
        26          0          0          0          0         80   atoi.o
       228          6        148          0          0         96   bigflt0.o
      1910        128          0          0          0        672   btod.o
        12          0          0          0          0         72   exit.o
         6          0          0          0          0        152   heapauxi.o
         0          0          0          0          0          0   indicate_semi.o
        44         10        272          0          0         76   lc_ctype_c.o
        44         10         28          0          0         76   lc_numeric_c.o
         6          0          0          0          0          0   libinit.o
        30          0          0          0          0          0   libinit2.o
         2          0          0          0          0          0   libshutdown.o
         2          0          0          0          0          0   libshutdown2.o
         8          4          0          0         96         68   libspace.o
       138          0          0          0          0         80   lludiv10.o
        40          6          0          0          0         84   noretval__2sprintf.o
        16          4          0          0          0         76   rt_ctype_table.o
         8          4          0          0          0         68   rt_errno_addr_intlibspace.o
         8          4          0          0          0         68   rt_locale_intlibspace.o
        68          0          0          0          0         68   rt_memclr.o
        78          0          0          0          0         80   rt_memclr_w.o
       138          0          0          0          0         68   rt_memcpy_v6.o
       100          0          0          0          0         80   rt_memcpy_w.o
         0          0          0          0          0          0   rtentry.o
        12          0          0          0          0          0   rtentry2.o
         6          0          0          0          0          0   rtentry4.o
         2          0          0          0          0          0   rtexit.o
        10          0          0          0          0          0   rtexit2.o
       128          0          0          0          0         68   strcmpv7m.o
        62          0          0          0          0         76   strlen.o
       150          0          0          0          0         80   strncmp.o
        86          0          0          0          0         76   strncpy.o
       112          0          0          0          0         88   strtol.o
        12          4          0          0          0         68   sys_exit.o
        74          0          0          0          0         80   sys_stackheap_outer.o
         2          0          0          0          0         68   use_no_semi.o
        98          4          0          0          0        140   d2f.o
       804         16          0          0          0        376   daddsub_clz.o
       688        140          0          0          0        260   ddiv.o
        94          4          0          0          0        140   dfix.o
        46          0          0          0          0        116   dflt_clz.o
       340         12          0          0          0        152   dmul.o
       156          4          0          0          0        140   dnaninf.o
        12          0          0          0          0        116   dretinf.o
        86          4          0          0          0        132   f2d.o
       140          4          0          0          0        132   fnaninf.o
        10          0          0          0          0        116   fpinit.o
        10          0          0          0          0        116   fretinf.o
         4          0          0          0          0        116   printf1.o
         0          0          0          0          0          0   usenofp.o
       292         42          0          0          0        180   asinf.o
       584         98          0          0          0        176   atan2f.o
       352         66          0          0          0        140   cosf.o
        48          0          0          0          0        124   fpclassify.o
        38          0          0          0          0        116   fpclassifyf.o
        16          6          0          0          0        116   funder.o
       320         26         32          0          0        160   rredf.o
       376         62          0          0          0        160   sinf.o
       120          0          0          0          0        272   sqrtf.o

    ----------------------------------------------------------------------
     10226        698        480          0         96       7120   Library Totals
        20          0          0          0          0          0   (incl. Padding)

    ----------------------------------------------------------------------

      Code (inc. data)   RO Data    RW Data    ZI Data      Debug   Library Name

      5572        210        448          0         96       3624   c_w.l
      2488        188          0          0          0       2052   fz_wm.l
      2146        300         32          0          0       1444   m_wm.l

    ----------------------------------------------------------------------
     10226        698        480          0         96       7120   Library Totals

    ----------------------------------------------------------------------

==============================================================================


      Code (inc. data)   RO Data    RW Data    ZI Data      Debug   

     76490       7346       4570        656      10984     539983   Grand Totals
     76490       7346       4570        192      10984     539983   ELF Image Totals (compressed)
     76490       7346       4570        192          0          0   ROM Totals

==============================================================================

    Total RO  Size (Code + RO Data)                81060 (  79.16kB)
    Total RW  Size (RW Data + ZI Data)             11640 (  11.37kB)
    Total ROM Size (Code + RO Data + RW Data)      81252 (  79.35kB)

==============================================================================

