ARM Linker, 4.1 [Build 894] [Standard]

==============================================================================

Section Cross References

    application.o(.text) refers to heartbeat.o(.text) for nano_board_heartbeat_init
    application.o(.text) refers to bluetooth_4_0.o(.text) for nano_board_ble_init
    application.o(.text) refers to thread.o(.text) for rt_thread_create
    startup.o(.text) refers to kservice.o(.text) for rt_kprintf
    startup.o(.text) refers to board.o(.text) for rt_hw_board_init
    startup.o(.text) refers to clock.o(.text) for rt_system_tick_init
    startup.o(.text) refers to object.o(.text) for rt_system_object_init
    startup.o(.text) refers to timer.o(.text) for rt_system_timer_init
    startup.o(.text) refers to mem.o(.text) for rt_system_heap_init
    startup.o(.text) refers to scheduler.o(.text) for rt_system_scheduler_init
    startup.o(.text) refers to device.o(.text) for rt_device_init_all
    startup.o(.text) refers to application.o(.text) for rt_application_init
    startup.o(.text) refers to shell.o(.text) for finsh_system_init
    startup.o(.text) refers to idle.o(.text) for rt_thread_idle_init
    startup.o(.text) refers to context_rvds.o(.text) for rt_hw_interrupt_disable
    heartbeat.o(.text) refers to stm32f4xx_rcc.o(.text) for RCC_AHB1PeriphClockCmd
    heartbeat.o(.text) refers to stm32f4xx_gpio.o(.text) for GPIO_Init
    heartbeat.o(.text) refers to thread.o(.text) for rt_thread_delay
    heartbeat.o(.text) refers to heartbeat.o(.bss) for thread_heartbeat_stack
    bluetooth_4_0.o(.text) refers to ipc.o(.text) for rt_mq_send
    bluetooth_4_0.o(.text) refers to device.o(.text) for rt_device_read
    bluetooth_4_0.o(.text) refers to kservice.o(.text) for rt_kprintf
    bluetooth_4_0.o(.text) refers to thread.o(.text) for rt_thread_init
    bluetooth_4_0.o(.text) refers to bluetooth_4_0.o(.data) for ble_rx_mq
    bluetooth_4_0.o(.text) refers to bluetooth_4_0.o(.bss) for ble_rx_buff
    board.o(.text) refers to misc.o(.text) for NVIC_SetVectorTable
    board.o(.text) refers to stm32f4xx_rcc.o(.text) for RCC_GetClocksFreq
    board.o(.text) refers to irq.o(.text) for rt_interrupt_enter
    board.o(.text) refers to clock.o(.text) for rt_tick_increase
    board.o(.text) refers to usart.o(.text) for rt_hw_usart_init
    board.o(.text) refers to kservice.o(.text) for rt_console_set_device
    serial.o(.text) refers to kservice.o(.text) for rt_memset
    serial.o(.text) refers to mempool.o(.text) for rt_mp_init
    serial.o(.text) refers to stm32f4xx_usart.o(.text) for USART_Cmd
    serial.o(.text) refers to context_rvds.o(.text) for rt_hw_interrupt_disable
    serial.o(.text) refers to stm32f4xx_dma.o(.text) for DMA_Cmd
    serial.o(.text) refers to device.o(.text) for rt_device_register
    serial.o(.text) refers to serial.o(.constdata) for __FUNCTION__
    stm32f4xx_it.o(.text) refers to irq.o(.text) for rt_interrupt_enter
    stm32f4xx_it.o(.text) refers to serial.o(.text) for rt_hw_serial_isr
    stm32f4xx_it.o(.text) refers to usart.o(.bss) for uart1_device
    usart.o(.text) refers to stm32f4xx_rcc.o(.text) for RCC_AHB1PeriphClockCmd
    usart.o(.text) refers to stm32f4xx_gpio.o(.text) for GPIO_Init
    usart.o(.text) refers to misc.o(.text) for NVIC_Init
    usart.o(.text) refers to stm32f4xx_usart.o(.text) for USART_Init
    usart.o(.text) refers to serial.o(.text) for rt_hw_serial_register
    usart.o(.text) refers to usart.o(.data) for uart1
    usart.o(.text) refers to usart.o(.bss) for uart1_device
    usart.o(.data) refers to usart.o(.bss) for uart1_int_rx
    system_stm32f4xx.o(.text) refers to system_stm32f4xx.o(.data) for SystemCoreClock
    misc.o(.text) refers to startup.o(.text) for assert_failed
    stm32f4xx_adc.o(.text) refers to stm32f4xx_rcc.o(.text) for RCC_APB2PeriphResetCmd
    stm32f4xx_adc.o(.text) refers to startup.o(.text) for assert_failed
    stm32f4xx_can.o(.text) refers to startup.o(.text) for assert_failed
    stm32f4xx_can.o(.text) refers to stm32f4xx_rcc.o(.text) for RCC_APB1PeriphResetCmd
    stm32f4xx_cryp.o(.text) refers to stm32f4xx_rcc.o(.text) for RCC_AHB2PeriphResetCmd
    stm32f4xx_cryp.o(.text) refers to startup.o(.text) for assert_failed
    stm32f4xx_cryp_aes.o(.text) refers to stm32f4xx_cryp.o(.text) for CRYP_KeyStructInit
    stm32f4xx_cryp_des.o(.text) refers to stm32f4xx_cryp.o(.text) for CRYP_KeyStructInit
    stm32f4xx_cryp_tdes.o(.text) refers to stm32f4xx_cryp.o(.text) for CRYP_KeyStructInit
    stm32f4xx_dac.o(.text) refers to stm32f4xx_rcc.o(.text) for RCC_APB1PeriphResetCmd
    stm32f4xx_dac.o(.text) refers to startup.o(.text) for assert_failed
    stm32f4xx_dbgmcu.o(.text) refers to startup.o(.text) for assert_failed
    stm32f4xx_dcmi.o(.text) refers to startup.o(.text) for assert_failed
    stm32f4xx_dma.o(.text) refers to startup.o(.text) for assert_failed
    stm32f4xx_exti.o(.text) refers to startup.o(.text) for assert_failed
[...]
    .bss                                     0x200021b0   Section       96  libspace.o(.bss)
    HEAP                                     0x20002210   Section      512  startup_stm32f4xx.o(HEAP)
    Heap_Mem                                 0x20002210   Data         512  startup_stm32f4xx.o(HEAP)
    STACK                                    0x20002410   Section     1024  startup_stm32f4xx.o(STACK)
    Stack_Mem                                0x20002410   Data        1024  startup_stm32f4xx.o(STACK)
    __initial_sp                             0x20002810   Data           0  startup_stm32f4xx.o(STACK)

    Global Symbols

    Symbol Name                              Value     Ov Type        Size  Object(Section)

    BuildAttributes$$THM_ISAv4$E$P$D$K$B$S$7EM$VFPi3$EXTD16$VFPS$VFMA$PE$A:L22UL41UL21$X:L11$S22US41US21$IEEE1$IW$USESV6$~STKCKD$USESV7$~SHL$OSPACE$ROPI$EBA8$UX$STANDARDLIB$REQ8$PRES8$EABIv2 0x00000000   Number         0  anon$$obj.o ABSOLUTE
    __ARM_use_no_argv                        0x00000000   Number         0  startup.o ABSOLUTE
    __ARM_exceptions_init                     - Undefined Weak Reference
    __alloca_initialize                       - Undefined Weak Reference
    __cpp_initialize__aeabi_                  - Undefined Weak Reference
    __cxa_finalize                            - Undefined Weak Reference
    __sigvec_lookup                           - Undefined Weak Reference
    _atexit_init                              - Undefined Weak Reference
    _call_atexit_fns                          - Undefined Weak Reference
    _clock_init                               - Undefined Weak Reference
    _fp_trap_init                             - Undefined Weak Reference
    _fp_trap_shutdown                         - Undefined Weak Reference
    _get_lc_collate                           - Undefined Weak Reference
    _get_lc_monetary                          - Undefined Weak Reference
    _get_lc_numeric                           - Undefined Weak Reference
    _get_lc_time                              - Undefined Weak Reference
    _getenv_init                              - Undefined Weak Reference
    _handle_redirection                       - Undefined Weak Reference
    _init_alloc                               - Undefined Weak Reference
    _init_user_alloc                          - Undefined Weak Reference
    _initio                                   - Undefined Weak Reference
    _rand_init                                - Undefined Weak Reference
    _signal_finish                            - Undefined Weak Reference
    _signal_init                              - Undefined Weak Reference
    _terminate_alloc                          - Undefined Weak Reference
    _terminate_user_alloc                     - Undefined Weak Reference
    _terminateio                              - Undefined Weak Reference
    __Vectors_Size                           0x00000188   Number         0  startup_stm32f4xx.o ABSOLUTE
    __Vectors                                0x08000000   Data           4  startup_stm32f4xx.o(RESET)
    __Vectors_End                            0x08000188   Data           0  startup_stm32f4xx.o(RESET)
    __main                                   0x08000189   Thumb Code     8  __main.o(!!!main)
    __scatterload                            0x08000191   Thumb Code     0  __scatter.o(!!!scatter)
    __scatterload_rt2                        0x08000191   Thumb Code    44  __scatter.o(!!!scatter)
    __scatterload_rt2_thumb_only             0x08000191   Thumb Code     0  __scatter.o(!!!scatter)
    __scatterload_null                       0x0800019f   Thumb Code     0  __scatter.o(!!!scatter)
    __decompress                             0x080001c5   Thumb Code    90  __dczerorl2.o(!!dczerorl2)
    __decompress1                            0x080001c5   Thumb Code     0  __dczerorl2.o(!!dczerorl2)
    __scatterload_zeroinit                   0x08000221   Thumb Code    28  __scatter_zi.o(!!handler_zi)
    __rt_lib_init                            0x0800023d   Thumb Code     0  libinit.o(.ARM.Collect$$libinit$$00000000)
    __rt_lib_init_heap_1                     0x08000243   Thumb Code     0  libinit2.o(.ARM.Collect$$libinit$$00000006)
    __rt_lib_init_lc_common                  0x08000243   Thumb Code     0  libinit2.o(.ARM.Collect$$libinit$$0000000B)
    __rt_lib_init_rand_1                     0x08000243   Thumb Code     0  libinit2.o(.ARM.Collect$$libinit$$0000000A)
    __rt_lib_init_user_alloc_1               0x08000243   Thumb Code     0  libinit2.o(.ARM.Collect$$libinit$$00000008)
    __rt_lib_init_lc_collate_1               0x08000249   Thumb Code     0  libinit2.o(.ARM.Collect$$libinit$$0000000D)
    __rt_lib_init_lc_ctype_2                 0x08000249   Thumb Code     0  libinit2.o(.ARM.Collect$$libinit$$0000000E)
    __rt_lib_init_alloca_1                   0x08000255   Thumb Code     0  libinit2.o(.ARM.Collect$$libinit$$0000002A)
    __rt_lib_init_argv_1                     0x08000255   Thumb Code     0  libinit2.o(.ARM.Collect$$libinit$$00000028)
    __rt_lib_init_atexit_1                   0x08000255   Thumb Code     0  libinit2.o(.ARM.Collect$$libinit$$00000017)
    __rt_lib_init_clock_1                    0x08000255   Thumb Code     0  libinit2.o(.ARM.Collect$$libinit$$0000001D)
    __rt_lib_init_cpp_1                      0x08000255   Thumb Code     0  libinit2.o(.ARM.Collect$$libinit$$0000002E)
    __rt_lib_init_exceptions_1               0x08000255   Thumb Code     0  libinit2.o(.ARM.Collect$$libinit$$0000002C)
    __rt_lib_init_fp_trap_1                  0x08000255   Thumb Code     0  libinit2.o(.ARM.Collect$$libinit$$0000001B)
    __rt_lib_init_getenv_1                   0x08000255   Thumb Code     0  libinit2.o(.ARM.Collect$$libinit$$0000001F)
    __rt_lib_init_lc_ctype_1                 0x08000255   Thumb Code     0  libinit2.o(.ARM.Collect$$libinit$$0000000F)
    __rt_lib_init_lc_monetary_1              0x08000255   Thumb Code     0  libinit2.o(.ARM.Collect$$libinit$$00000011)
    __rt_lib_init_lc_numeric_1               0x08000255   Thumb Code     0  libinit2.o(.ARM.Collect$$libinit$$00000013)
    __rt_lib_init_lc_time_1                  0x08000255   Thumb Code     0  libinit2.o(.ARM.Collect$$libinit$$00000015)
    __rt_lib_init_return                     0x08000255   Thumb Code     0  libinit2.o(.ARM.Collect$$libinit$$0000002F)
    __rt_lib_init_signal_1                   0x08000255   Thumb Code     0  libinit2.o(.ARM.Collect$$libinit$$00000019)
    __rt_lib_init_stdio_1                    0x08000255   Thumb Code     0  libinit2.o(.ARM.Collect$$libinit$$00000021)
    __rt_lib_shutdown                        0x08000257   Thumb Code     0  libshutdown.o(.ARM.Collect$$libshutdown$$00000000)
    __rt_lib_shutdown_fp_trap_1              0x08000259   Thumb Code     0  libshutdown2.o(.ARM.Collect$$libshutdown$$00000006)
    __rt_lib_shutdown_heap_1                 0x08000259   Thumb Code     0  libshutdown2.o(.ARM.Collect$$libshutdown$$0000000E)
    __rt_lib_shutdown_return                 0x08000259   Thumb Code     0  libshutdown2.o(.ARM.Collect$$libshutdown$$0000000F)
    __rt_lib_shutdown_signal_1               0x08000259   Thumb Code     0  libshutdown2.o(.ARM.Collect$$libshutdown$$00000009)
    __rt_lib_shutdown_stdio_1                0x08000259   Thumb Code     0  libshutdown2.o(.ARM.Collect$$libshutdown$$00000003)
    __rt_lib_shutdown_user_alloc_1           0x08000259   Thumb Code     0  libshutdown2.o(.ARM.Collect$$libshutdown$$0000000B)
    __rt_entry                               0x0800025b   Thumb Code     0  rtentry.o(.ARM.Collect$$rtentry$$00000000)
    __rt_entry_presh_1                       0x0800025b   Thumb Code     0  rtentry2.o(.ARM.Collect$$rtentry$$00000002)
    __rt_entry_sh                            0x0800025b   Thumb Code     0  rtentry4.o(.ARM.Collect$$rtentry$$00000004)
    __rt_entry_li                            0x08000261   Thumb Code     0  rtentry2.o(.ARM.Collect$$rtentry$$0000000A)
    __rt_entry_postsh_1                      0x08000261   Thumb Code     0  rtentry2.o(.ARM.Collect$$rtentry$$00000009)
    __rt_entry_main                          0x08000265   Thumb Code     0  rtentry2.o(.ARM.Collect$$rtentry$$0000000D)
    __rt_entry_postli_1                      0x08000265   Thumb Code     0  rtentry2.o(.ARM.Collect$$rtentry$$0000000C)
    __rt_exit                                0x0800026d   Thumb Code     0  rtexit.o(.ARM.Collect$$rtexit$$00000000)
    __rt_exit_ls                             0x0800026f   Thumb Code     0  rtexit2.o(.ARM.Collect$$rtexit$$00000003)
    __rt_exit_prels_1                        0x0800026f   Thumb Code     0  rtexit2.o(.ARM.Collect$$rtexit$$00000002)
    __rt_exit_exit                           0x08000273   Thumb Code     0  rtexit2.o(.ARM.Collect$$rtexit$$00000004)
    nano_board_init                          0x08000279   Thumb Code    12  application.o(.text)
    rt_init_thread_entry                     0x08000285   Thumb Code    10  application.o(.text)
    rt_application_init                      0x0800028f   Thumb Code    38  application.o(.text)
    assert_failed                            0x080002bd   Thumb Code    30  startup.o(.text)
    rtthread_startup                         0x080002db   Thumb Code    66  startup.o(.text)
    main                                     0x0800031d   Thumb Code    14  startup.o(.text)
    nano_board_heartbeat_init                0x08000403   Thumb Code    44  heartbeat.o(.text)
    uart_input                               0x0800044d   Thumb Code    26  bluetooth_4_0.o(.text)
    uart_sync_show                           0x08000467   Thumb Code    56  bluetooth_4_0.o(.text)
    cmd_unpack                               0x0800049f   Thumb Code     2  bluetooth_4_0.o(.text)
    nano_board_ble_init                      0x080004ef   Thumb Code    72  bluetooth_4_0.o(.text)
    NVIC_Configuration                       0x08000581   Thumb Code    22  board.o(.text)
    SysTick_Configuration                    0x08000597   Thumb Code    98  board.o(.text)
    SysTick_Handler                          0x080005f9   Thumb Code    16  board.o(.text)
    rt_hw_board_init                         0x08000609   Thumb Code    22  board.o(.text)
    rt_hw_serial_register                    0x080008fb   Thumb Code   126  serial.o(.text)
    rt_hw_serial_isr                         0x08000979   Thumb Code   468  serial.o(.text)
    rt_hw_serial_dma_tx_isr                  0x08000b4d   Thumb Code   164  serial.o(.text)
    NMI_Handler                              0x08000c35   Thumb Code     2  stm32f4xx_it.o(.text)
    MemManage_Handler                        0x08000c37   Thumb Code     4  stm32f4xx_it.o(.text)
    BusFault_Handler                         0x08000c3b   Thumb Code     4  stm32f4xx_it.o(.text)
    UsageFault_Handler                       0x08000c3f   Thumb Code     4  stm32f4xx_it.o(.text)
    SVC_Handler                              0x08000c43   Thumb Code     2  stm32f4xx_it.o(.text)
    DebugMon_Handler                         0x08000c45   Thumb Code     2  stm32f4xx_it.o(.text)
    USART1_IRQHandler                        0x08000c47   Thumb Code    18  stm32f4xx_it.o(.text)
    USART2_IRQHandler                        0x08000c59   Thumb Code     2  stm32f4xx_it.o(.text)
    USART3_IRQHandler                        0x08000c5b   Thumb Code    18  stm32f4xx_it.o(.text)
    rt_hw_usart_init                         0x08000d4b   Thumb Code   144  usart.o(.text)
    SystemInit                               0x08000ed3   Thumb Code    88  system_stm32f4xx.o(.text)
    SystemCoreClockUpdate                    0x08000f2b   Thumb Code   178  system_stm32f4xx.o(.text)
    NVIC_PriorityGroupConfig                 0x08001009   Thumb Code    54  misc.o(.text)
    NVIC_Init                                0x0800103f   Thumb Code   166  misc.o(.text)
    NVIC_SetVectorTable                      0x080010e5   Thumb Code    60  misc.o(.text)
    NVIC_SystemLPConfig                      0x08001121   Thumb Code    78  misc.o(.text)
    SysTick_CLKSourceConfig                  0x0800116f   Thumb Code    62  misc.o(.text)
    DMA_DeInit                               0x080011f5   Thumb Code   462  stm32f4xx_dma.o(.text)
    DMA_Init                                 0x080013c3   Thumb Code   744  stm32f4xx_dma.o(.text)
    DMA_StructInit                           0x080016ab   Thumb Code    34  stm32f4xx_dma.o(.text)
    DMA_Cmd                                  0x080016cd   Thumb Code   186  stm32f4xx_dma.o(.text)
    DMA_PeriphIncOffsetSizeConfig            0x08001787   Thumb Code   188  stm32f4xx_dma.o(.text)
    DMA_FlowControllerConfig                 0x08001843   Thumb Code   186  stm32f4xx_dma.o(.text)
    DMA_SetCurrDataCounter                   0x080018fd   Thumb Code   148  stm32f4xx_dma.o(.text)
    DMA_GetCurrDataCounter                   0x08001991   Thumb Code   148  stm32f4xx_dma.o(.text)
    DMA_DoubleBufferModeConfig               0x08001a25   Thumb Code   204  stm32f4xx_dma.o(.text)
    DMA_DoubleBufferModeCmd                  0x08001af1   Thumb Code   186  stm32f4xx_dma.o(.text)
    DMA_MemoryTargetConfig                   0x08001bab   Thumb Code   178  stm32f4xx_dma.o(.text)
    DMA_GetCurrentMemoryTarget               0x08001c5d   Thumb Code   162  stm32f4xx_dma.o(.text)
    DMA_GetCmdStatus                         0x08001cff   Thumb Code   162  stm32f4xx_dma.o(.text)
    DMA_GetFIFOStatus                        0x08001da1   Thumb Code   154  stm32f4xx_dma.o(.text)
    DMA_GetFlagStatus                        0x08001e3b   Thumb Code   470  stm32f4xx_dma.o(.text)
    DMA_ClearFlag                            0x08002011   Thumb Code   220  stm32f4xx_dma.o(.text)
    DMA_ITConfig                             0x080020ed   Thumb Code   244  stm32f4xx_dma.o(.text)
    DMA_GetITStatus                          0x080021e1   Thumb Code   590  stm32f4xx_dma.o(.text)
    DMA_ClearITPendingBit                    0x0800242f   Thumb Code   220  stm32f4xx_dma.o(.text)
    GPIO_DeInit                              0x080025ad   Thumb Code   284  stm32f4xx_gpio.o(.text)
    GPIO_Init                                0x080026c9   Thumb Code   342  stm32f4xx_gpio.o(.text)
    GPIO_StructInit                          0x0800281f   Thumb Code    18  stm32f4xx_gpio.o(.text)
    GPIO_PinLockConfig                       0x08002831   Thumb Code   108  stm32f4xx_gpio.o(.text)
    GPIO_ReadInputDataBit                    0x0800289d   Thumb Code   182  stm32f4xx_gpio.o(.text)
    GPIO_ReadInputData                       0x08002953   Thumb Code   176  stm32f4xx_gpio.o(.text)
    GPIO_ReadOutputDataBit                   0x08002a03   Thumb Code   186  stm32f4xx_gpio.o(.text)
    GPIO_ReadOutputData                      0x08002abd   Thumb Code    78  stm32f4xx_gpio.o(.text)
    GPIO_SetBits                             0x08002b0b   Thumb Code    98  stm32f4xx_gpio.o(.text)
    GPIO_ResetBits                           0x08002b6d   Thumb Code    98  stm32f4xx_gpio.o(.text)
    GPIO_WriteBit                            0x08002bcf   Thumb Code   200  stm32f4xx_gpio.o(.text)
    GPIO_Write                               0x08002c97   Thumb Code    78  stm32f4xx_gpio.o(.text)
    GPIO_ToggleBits                          0x08002ce5   Thumb Code    82  stm32f4xx_gpio.o(.text)
    GPIO_PinAFConfig                         0x08002d37   Thumb Code   384  stm32f4xx_gpio.o(.text)
    RCC_DeInit                               0x08002eb9   Thumb Code    60  stm32f4xx_rcc.o(.text)
    RCC_HSEConfig                            0x08002ef5   Thumb Code    38  stm32f4xx_rcc.o(.text)
    RCC_GetFlagStatus                        0x08002f1b   Thumb Code   130  stm32f4xx_rcc.o(.text)
    RCC_WaitForHSEStartUp                    0x08002f9d   Thumb Code    48  stm32f4xx_rcc.o(.text)
    RCC_AdjustHSICalibrationValue            0x08002fcd   Thumb Code    38  stm32f4xx_rcc.o(.text)
    RCC_HSICmd                               0x08002ff3   Thumb Code    28  stm32f4xx_rcc.o(.text)
    RCC_LSEConfig                            0x0800300f   Thumb Code    72  stm32f4xx_rcc.o(.text)
    RCC_LSICmd                               0x08003057   Thumb Code    28  stm32f4xx_rcc.o(.text)
    RCC_PLLConfig                            0x08003073   Thumb Code   152  stm32f4xx_rcc.o(.text)
    RCC_PLLCmd                               0x0800310b   Thumb Code    28  stm32f4xx_rcc.o(.text)
    RCC_PLLI2SConfig                         0x08003127   Thumb Code    62  stm32f4xx_rcc.o(.text)
    RCC_PLLI2SCmd                            0x08003165   Thumb Code    28  stm32f4xx_rcc.o(.text)
    RCC_ClockSecuritySystemCmd               0x08003181   Thumb Code    28  stm32f4xx_rcc.o(.text)
    RCC_MCO1Config                           0x0800319d   Thumb Code   102  stm32f4xx_rcc.o(.text)
    RCC_MCO2Config                           0x08003203   Thumb Code   102  stm32f4xx_rcc.o(.text)
    RCC_SYSCLKConfig                         0x08003269   Thumb Code   124  stm32f4xx_rcc.o(.text)
    RCC_GetSYSCLKSource                      0x080032e5   Thumb Code    10  stm32f4xx_rcc.o(.text)
    RCC_HCLKConfig                           0x080032ef   Thumb Code    68  stm32f4xx_rcc.o(.text)
    RCC_PCLK1Config                          0x08003333   Thumb Code    60  stm32f4xx_rcc.o(.text)
    RCC_PCLK2Config                          0x0800336f   Thumb Code    62  stm32f4xx_rcc.o(.text)
    RCC_GetClocksFreq                        0x080033ad   Thumb Code   206  stm32f4xx_rcc.o(.text)
    RCC_RTCCLKConfig                         0x0800347b   Thumb Code   262  stm32f4xx_rcc.o(.text)
    RCC_RTCCLKCmd                            0x08003581   Thumb Code    30  stm32f4xx_rcc.o(.text)
    RCC_BackupResetCmd                       0x0800359f   Thumb Code    32  stm32f4xx_rcc.o(.text)
    RCC_I2SCLKConfig                         0x080035bf   Thumb Code    30  stm32f4xx_rcc.o(.text)
    RCC_AHB1PeriphClockCmd                   0x080035dd   Thumb Code    82  stm32f4xx_rcc.o(.text)
    RCC_AHB2PeriphClockCmd                   0x0800362f   Thumb Code    82  stm32f4xx_rcc.o(.text)
    RCC_AHB3PeriphClockCmd                   0x08003681   Thumb Code   232  stm32f4xx_rcc.o(.text)
    RCC_APB1PeriphClockCmd                   0x08003769   Thumb Code    82  stm32f4xx_rcc.o(.text)
    RCC_APB2PeriphClockCmd                   0x080037bb   Thumb Code    82  stm32f4xx_rcc.o(.text)
    RCC_AHB1PeriphResetCmd                   0x0800380d   Thumb Code    82  stm32f4xx_rcc.o(.text)
    RCC_AHB2PeriphResetCmd                   0x0800385f   Thumb Code    82  stm32f4xx_rcc.o(.text)
    RCC_AHB3PeriphResetCmd                   0x080038b1   Thumb Code    82  stm32f4xx_rcc.o(.text)
    RCC_APB1PeriphResetCmd                   0x08003903   Thumb Code    82  stm32f4xx_rcc.o(.text)
    RCC_APB2PeriphResetCmd                   0x08003955   Thumb Code    82  stm32f4xx_rcc.o(.text)
    RCC_AHB1PeriphClockLPModeCmd             0x080039a7   Thumb Code    82  stm32f4xx_rcc.o(.text)
    RCC_AHB2PeriphClockLPModeCmd             0x080039f9   Thumb Code    82  stm32f4xx_rcc.o(.text)
    RCC_AHB3PeriphClockLPModeCmd             0x08003a4b   Thumb Code    82  stm32f4xx_rcc.o(.text)
    RCC_APB1PeriphClockLPModeCmd             0x08003a9d   Thumb Code    82  stm32f4xx_rcc.o(.text)
    RCC_APB2PeriphClockLPModeCmd             0x08003aef   Thumb Code   106  stm32f4xx_rcc.o(.text)
    RCC_ITConfig                             0x08003b59   Thumb Code    78  stm32f4xx_rcc.o(.text)
    RCC_ClearFlag                            0x08003ba7   Thumb Code    18  stm32f4xx_rcc.o(.text)
    RCC_GetITStatus                          0x08003bb9   Thumb Code    68  stm32f4xx_rcc.o(.text)
    RCC_ClearITPendingBit                    0x08003bfd   Thumb Code    34  stm32f4xx_rcc.o(.text)
    USART_DeInit                             0x08003c25   Thumb Code   202  stm32f4xx_usart.o(.text)
    USART_Init                               0x08003cef   Thumb Code   456  stm32f4xx_usart.o(.text)
    USART_StructInit                         0x08003eb7   Thumb Code    24  stm32f4xx_usart.o(.text)
    USART_ClockInit                          0x08003ecf   Thumb Code   166  stm32f4xx_usart.o(.text)
    USART_ClockStructInit                    0x08003f75   Thumb Code    12  stm32f4xx_usart.o(.text)
    USART_Cmd                                0x08003f81   Thumb Code    96  stm32f4xx_usart.o(.text)
    USART_SetPrescaler                       0x08003fe1   Thumb Code   160  stm32f4xx_usart.o(.text)
    USART_OverSampling8Cmd                   0x08004081   Thumb Code    98  stm32f4xx_usart.o(.text)
    USART_OneBitMethodCmd                    0x080040e3   Thumb Code   100  stm32f4xx_usart.o(.text)
    USART_SendData                           0x08004147   Thumb Code    84  stm32f4xx_usart.o(.text)
    USART_ReceiveData                        0x0800419b   Thumb Code    62  stm32f4xx_usart.o(.text)
    USART_SetAddress                         0x080041d9   Thumb Code    92  stm32f4xx_usart.o(.text)
    USART_ReceiverWakeUpCmd                  0x08004235   Thumb Code   100  stm32f4xx_usart.o(.text)
    USART_WakeUpConfig                       0x08004299   Thumb Code    96  stm32f4xx_usart.o(.text)
    USART_LINBreakDetectLengthConfig         0x080042f9   Thumb Code    94  stm32f4xx_usart.o(.text)
    USART_LINCmd                             0x08004357   Thumb Code   100  stm32f4xx_usart.o(.text)
    USART_SendBreak                          0x080043bb   Thumb Code    64  stm32f4xx_usart.o(.text)
    USART_HalfDuplexCmd                      0x080043fb   Thumb Code   100  stm32f4xx_usart.o(.text)
    USART_SetGuardTime                       0x0800445f   Thumb Code    86  stm32f4xx_usart.o(.text)
    USART_SmartCardCmd                       0x080044b5   Thumb Code    88  stm32f4xx_usart.o(.text)
    USART_SmartCardNACKCmd                   0x0800450d   Thumb Code    88  stm32f4xx_usart.o(.text)
    USART_IrDAConfig                         0x08004565   Thumb Code    94  stm32f4xx_usart.o(.text)
    USART_IrDACmd                            0x080045c3   Thumb Code   100  stm32f4xx_usart.o(.text)
    USART_DMACmd                             0x08004627   Thumb Code   124  stm32f4xx_usart.o(.text)
    USART_ITConfig                           0x080046a3   Thumb Code   266  stm32f4xx_usart.o(.text)
    USART_GetFlagStatus                      0x080047ad   Thumb Code   176  stm32f4xx_usart.o(.text)
    USART_ClearFlag                          0x0800485d   Thumb Code   158  stm32f4xx_usart.o(.text)
    USART_GetITStatus                        0x080048fb   Thumb Code   282  stm32f4xx_usart.o(.text)
    USART_ClearITPendingBit                  0x08004a15   Thumb Code   168  stm32f4xx_usart.o(.text)
    Reset_Handler                            0x08004ad5   Thumb Code     8  startup_stm32f4xx.o(.text)
    ADC_IRQHandler                           0x08004aef   Thumb Code     0  startup_stm32f4xx.o(.text)
    CAN1_RX0_IRQHandler                      0x08004aef   Thumb Code     0  startup_stm32f4xx.o(.text)
    CAN1_RX1_IRQHandler                      0x08004aef   Thumb Code     0  startup_stm32f4xx.o(.text)
    CAN1_SCE_IRQHandler                      0x08004aef   Thumb Code     0  startup_stm32f4xx.o(.text)
    CAN1_TX_IRQHandler                       0x08004aef   Thumb Code     0  startup_stm32f4xx.o(.text)
    CAN2_RX0_IRQHandler                      0x08004aef   Thumb Code     0  startup_stm32f4xx.o(.text)
    CAN2_RX1_IRQHandler                      0x08004aef   Thumb Code     0  startup_stm32f4xx.o(.text)
    CAN2_SCE_IRQHandler                      0x08004aef   Thumb Code     0  startup_stm32f4xx.o(.text)
    CAN2_TX_IRQHandler                       0x08004aef   Thumb Code     0  startup_stm32f4xx.o(.text)
    CRYP_IRQHandler                          0x08004aef   Thumb Code     0  startup_stm32f4xx.o(.text)
    DCMI_IRQHandler                          0x08004aef   Thumb Code     0  startup_stm32f4xx.o(.text)
    DMA1_Stream0_IRQHandler                  0x08004aef   Thumb Code     0  startup_stm32f4xx.o(.text)
    DMA1_Stream1_IRQHandler                  0x08004aef   Thumb Code     0  startup_stm32f4xx.o(.text)
    DMA1_Stream2_IRQHandler                  0x08004aef   Thumb Code     0  startup_stm32f4xx.o(.text)
    DMA1_Stream3_IRQHandler                  0x08004aef   Thumb Code     0  startup_stm32f4xx.o(.text)
    DMA1_Stream4_IRQHandler                  0x08004aef   Thumb Code     0  startup_stm32f4xx.o(.text)
    DMA1_Stream5_IRQHandler                  0x08004aef   Thumb Code     0  startup_stm32f4xx.o(.text)
    DMA1_Stream6_IRQHandler                  0x08004aef   Thumb Code     0  startup_stm32f4xx.o(.text)
    DMA1_Stream7_IRQHandler                  0x08004aef   Thumb Code     0  startup_stm32f4xx.o(.text)
    DMA2_Stream0_IRQHandler                  0x08004aef   Thumb Code     0  startup_stm32f4xx.o(.text)
    DMA2_Stream1_IRQHandler                  0x08004aef   Thumb Code     0  startup_stm32f4xx.o(.text)
    DMA2_Stream2_IRQHandler                  0x08004aef   Thumb Code     0  startup_stm32f4xx.o(.text)
    DMA2_Stream3_IRQHandler                  0x08004aef   Thumb Code     0  startup_stm32f4xx.o(.text)
    DMA2_Stream4_IRQHandler                  0x08004aef   Thumb Code     0  startup_stm32f4xx.o(.text)
    DMA2_Stream5_IRQHandler                  0x08004aef   Thumb Code     0  startup_stm32f4xx.o(.text)
    DMA2_Stream6_IRQHandler                  0x08004aef   Thumb Code     0  startup_stm32f4xx.o(.text)
    DMA2_Stream7_IRQHandler                  0x08004aef   Thumb Code     0  startup_stm32f4xx.o(.text)
    ETH_IRQHandler                           0x08004aef   Thumb Code     0  startup_stm32f4xx.o(.text)
    ETH_WKUP_IRQHandler                      0x08004aef   Thumb Code     0  startup_stm32f4xx.o(.text)
    EXTI0_IRQHandler                         0x08004aef   Thumb Code     0  startup_stm32f4xx.o(.text)
    EXTI15_10_IRQHandler                     0x08004aef   Thumb Code     0  startup_stm32f4xx.o(.text)
    EXTI1_IRQHandler                         0x08004aef   Thumb Code     0  startup_stm32f4xx.o(.text)
    EXTI2_IRQHandler                         0x08004aef   Thumb Code     0  startup_stm32f4xx.o(.text)
    EXTI3_IRQHandler                         0x08004aef   Thumb Code     0  startup_stm32f4xx.o(.text)
    EXTI4_IRQHandler                         0x08004aef   Thumb Code     0  startup_stm32f4xx.o(.text)
    EXTI9_5_IRQHandler                       0x08004aef   Thumb Code     0  startup_stm32f4xx.o(.text)
    FLASH_IRQHandler                         0x08004aef   Thumb Code     0  startup_stm32f4xx.o(.text)
    FPU_IRQHandler                           0x08004aef   Thumb Code     0  startup_stm32f4xx.o(.text)
    FSMC_IRQHandler                          0x08004aef   Thumb Code     0  startup_stm32f4xx.o(.text)
    HASH_RNG_IRQHandler                      0x08004aef   Thumb Code     0  startup_stm32f4xx.o(.text)
    I2C1_ER_IRQHandler                       0x08004aef   Thumb Code     0  startup_stm32f4xx.o(.text)
    I2C1_EV_IRQHandler                       0x08004aef   Thumb Code     0  startup_stm32f4xx.o(.text)
    I2C2_ER_IRQHandler                       0x08004aef   Thumb Code     0  startup_stm32f4xx.o(.text)
    I2C2_EV_IRQHandler                       0x08004aef   Thumb Code     0  startup_stm32f4xx.o(.text)
    I2C3_ER_IRQHandler                       0x08004aef   Thumb Code     0  startup_stm32f4xx.o(.text)
    I2C3_EV_IRQHandler                       0x08004aef   Thumb Code     0  startup_stm32f4xx.o(.text)
    OTG_FS_IRQHandler                        0x08004aef   Thumb Code     0  startup_stm32f4xx.o(.text)
    OTG_FS_WKUP_IRQHandler                   0x08004aef   Thumb Code     0  startup_stm32f4xx.o(.text)
    OTG_HS_EP1_IN_IRQHandler                 0x08004aef   Thumb Code     0  startup_stm32f4xx.o(.text)
    OTG_HS_EP1_OUT_IRQHandler                0x08004aef   Thumb Code     0  startup_stm32f4xx.o(.text)
    OTG_HS_IRQHandler                        0x08004aef   Thumb Code     0  startup_stm32f4xx.o(.text)
    OTG_HS_WKUP_IRQHandler                   0x08004aef   Thumb Code     0  startup_stm32f4xx.o(.text)
    PVD_IRQHandler                           0x08004aef   Thumb Code     0  startup_stm32f4xx.o(.text)
    RCC_IRQHandler                           0x08004aef   Thumb Code     0  startup_stm32f4xx.o(.text)
    RTC_Alarm_IRQHandler                     0x08004aef   Thumb Code     0  startup_stm32f4xx.o(.text)
    RTC_WKUP_IRQHandler                      0x08004aef   Thumb Code     0  startup_stm32f4xx.o(.text)
    SDIO_IRQHandler                          0x08004aef   Thumb Code     0  startup_stm32f4xx.o(.text)
    SPI1_IRQHandler                          0x08004aef   Thumb Code     0  startup_stm32f4xx.o(.text)
    SPI2_IRQHandler                          0x08004aef   Thumb Code     0  startup_stm32f4xx.o(.text)
    SPI3_IRQHandler                          0x08004aef   Thumb Code     0  startup_stm32f4xx.o(.text)
    TAMP_STAMP_IRQHandler                    0x08004aef   Thumb Code     0  startup_stm32f4xx.o(.text)
    TIM1_BRK_TIM9_IRQHandler                 0x08004aef   Thumb Code     0  startup_stm32f4xx.o(.text)
    TIM1_CC_IRQHandler                       0x08004aef   Thumb Code     0  startup_stm32f4xx.o(.text)
    TIM1_TRG_COM_TIM11_IRQHandler            0x08004aef   Thumb Code     0  startup_stm32f4xx.o(.text)
    TIM1_UP_TIM10_IRQHandler                 0x08004aef   Thumb Code     0  startup_stm32f4xx.o(.text)
    TIM2_IRQHandler                          0x08004aef   Thumb Code     0  startup_stm32f4xx.o(.text)
    TIM3_IRQHandler                          0x08004aef   Thumb Code     0  startup_stm32f4xx.o(.text)
    TIM4_IRQHandler                          0x08004aef   Thumb Code     0  startup_stm32f4xx.o(.text)
    TIM5_IRQHandler                          0x08004aef   Thumb Code     0  startup_stm32f4xx.o(.text)
    TIM6_DAC_IRQHandler                      0x08004aef   Thumb Code     0  startup_stm32f4xx.o(.text)
    TIM7_IRQHandler                          0x08004aef   Thumb Code     0  startup_stm32f4xx.o(.text)
    TIM8_BRK_TIM12_IRQHandler                0x08004aef   Thumb Code     0  startup_stm32f4xx.o(.text)
    TIM8_CC_IRQHandler                       0x08004aef   Thumb Code     0  startup_stm32f4xx.o(.text)
    TIM8_TRG_COM_TIM14_IRQHandler            0x08004aef   Thumb Code     0  startup_stm32f4xx.o(.text)
    TIM8_UP_TIM13_IRQHandler                 0x08004aef   Thumb Code     0  startup_stm32f4xx.o(.text)
    UART4_IRQHandler                         0x08004aef   Thumb Code     0  startup_stm32f4xx.o(.text)
    UART5_IRQHandler                         0x08004aef   Thumb Code     0  startup_stm32f4xx.o(.text)
    USART6_IRQHandler                        0x08004aef   Thumb Code     0  startup_stm32f4xx.o(.text)
    WWDG_IRQHandler                          0x08004aef   Thumb Code     0  startup_stm32f4xx.o(.text)
    __user_initial_stackheap                 0x08004af1   Thumb Code     0  startup_stm32f4xx.o(.text)
    rt_system_tick_init                      0x08004b15   Thumb Code     2  clock.o(.text)
    rt_tick_get                              0x08004b17   Thumb Code     6  clock.o(.text)
    rt_tick_set                              0x08004b1d   Thumb Code    22  clock.o(.text)
    rt_tick_increase                         0x08004b33   Thumb Code    42  clock.o(.text)
    rt_tick_from_millisecond                 0x08004b5d   Thumb Code    22  clock.o(.text)
    rt_device_find                           0x08004b79   Thumb Code    76  device.o(.text)
    rt_device_register                       0x08004bc5   Thumb Code    50  device.o(.text)
    rt_device_unregister                     0x08004bf7   Thumb Code    38  device.o(.text)
    rt_device_init_all                       0x08004c1d   Thumb Code    74  device.o(.text)
    rt_device_init                           0x08004c67   Thumb Code    76  device.o(.text)
    rt_device_open                           0x08004cb3   Thumb Code   164  device.o(.text)
    rt_device_close                          0x08004d57   Thumb Code    82  device.o(.text)
    rt_device_read                           0x08004da9   Thumb Code    86  device.o(.text)
    rt_device_write                          0x08004dff   Thumb Code    86  device.o(.text)
    rt_device_control                        0x08004e55   Thumb Code    58  device.o(.text)
    rt_device_set_rx_indicate                0x08004e8f   Thumb Code    38  device.o(.text)
    rt_device_set_tx_complete                0x08004eb5   Thumb Code    38  device.o(.text)
    rt_thread_idle_sethook                   0x08004f81   Thumb Code     6  idle.o(.text)
    rt_thread_idle_excute                    0x08004f87   Thumb Code   174  idle.o(.text)
    rt_thread_idle_init                      0x08005049   Thumb Code    38  idle.o(.text)
    rt_sem_init                              0x08005195   Thumb Code    66  ipc.o(.text)
    rt_sem_detach                            0x080051d7   Thumb Code    46  ipc.o(.text)
    rt_sem_create                            0x08005205   Thumb Code   100  ipc.o(.text)
    rt_sem_delete                            0x08005269   Thumb Code   102  ipc.o(.text)
    rt_sem_take                              0x080052cf   Thumb Code   302  ipc.o(.text)
    rt_sem_trytake                           0x080053fd   Thumb Code    14  ipc.o(.text)
    rt_sem_release                           0x0800540b   Thumb Code    80  ipc.o(.text)
    rt_sem_control                           0x0800545b   Thumb Code    80  ipc.o(.text)
    rt_mutex_init                            0x080054ab   Thumb Code    74  ipc.o(.text)
    rt_mutex_detach                          0x080054f5   Thumb Code    48  ipc.o(.text)
    rt_mutex_create                          0x08005525   Thumb Code   326  ipc.o(.text)
    rt_mutex_delete                          0x0800566b   Thumb Code   112  ipc.o(.text)
    rt_mutex_take                            0x080056db   Thumb Code   386  ipc.o(.text)
    rt_mutex_release                         0x0800585d   Thumb Code   302  ipc.o(.text)
    rt_mutex_control                         0x0800598b   Thumb Code     8  ipc.o(.text)
    rt_event_init                            0x08005993   Thumb Code    64  ipc.o(.text)
    rt_event_detach                          0x080059d3   Thumb Code    50  ipc.o(.text)
    rt_event_create                          0x08005a05   Thumb Code   162  ipc.o(.text)
    rt_event_delete                          0x08005aa7   Thumb Code   112  ipc.o(.text)
    rt_event_send                            0x08005b17   Thumb Code   230  ipc.o(.text)
    rt_event_recv                            0x08005bfd   Thumb Code   442  ipc.o(.text)
    rt_event_control                         0x08005db7   Thumb Code    84  ipc.o(.text)
    rt_mb_init                               0x08005e0b   Thumb Code    94  ipc.o(.text)
    rt_mb_detach                             0x08005e69   Thumb Code   112  ipc.o(.text)
    rt_mb_create                             0x08005ed9   Thumb Code   146  ipc.o(.text)
    rt_mb_delete                             0x08005f6b   Thumb Code   126  ipc.o(.text)
    rt_mb_send_wait                          0x08005fe9   Thumb Code   434  ipc.o(.text)
    rt_mb_send                               0x0800619b   Thumb Code    18  ipc.o(.text)
    rt_mb_recv                               0x080061ad   Thumb Code   494  ipc.o(.text)
    rt_mb_control                            0x0800639b   Thumb Code    96  ipc.o(.text)
    rt_mq_init                               0x080063fb   Thumb Code   136  ipc.o(.text)
    rt_mq_detach                             0x08006483   Thumb Code    50  ipc.o(.text)
    rt_mq_delete                             0x080064b5   Thumb Code   116  ipc.o(.text)
    rt_mq_create                             0x08006529   Thumb Code   192  ipc.o(.text)
    rt_mq_send                               0x080065e9   Thumb Code   248  ipc.o(.text)
    rt_mq_urgent                             0x080066e1   Thumb Code   332  ipc.o(.text)
    rt_mq_recv                               0x0800682d   Thumb Code   520  ipc.o(.text)
    rt_mq_control                            0x08006a35   Thumb Code   110  ipc.o(.text)
    rt_interrupt_enter                       0x08006af9   Thumb Code    30  irq.o(.text)
    rt_interrupt_leave                       0x08006b17   Thumb Code    30  irq.o(.text)
    rt_interrupt_get_nest                    0x08006b35   Thumb Code     6  irq.o(.text)
    rt_get_errno                             0x08006b41   Thumb Code    32  kservice.o(.text)
    rt_set_errno                             0x08006b61   Thumb Code    36  kservice.o(.text)
    _rt_errno                                0x08006b85   Thumb Code    30  kservice.o(.text)
    rt_memset                                0x08006ba3   Thumb Code    72  kservice.o(.text)
    rt_memcpy                                0x08006beb   Thumb Code   120  kservice.o(.text)
    rt_memmove                               0x08006c63   Thumb Code    66  kservice.o(.text)
    rt_memcmp                                0x08006ca5   Thumb Code    42  kservice.o(.text)
    rt_strlen                                0x08006ccf   Thumb Code    18  kservice.o(.text)
    rt_strstr                                0x08006ce1   Thumb Code    58  kservice.o(.text)
    rt_strcasecmp                            0x08006d1b   Thumb Code    48  kservice.o(.text)
    rt_strncpy                               0x08006d4b   Thumb Code    52  kservice.o(.text)
    rt_strncmp                               0x08006d7f   Thumb Code    40  kservice.o(.text)
    rt_strcmp                                0x08006da7   Thumb Code    28  kservice.o(.text)
    rt_strdup                                0x08006dc3   Thumb Code    40  kservice.o(.text)
    rt_hw_console_output                     0x08006deb   Thumb Code     2  kservice.o(.text)
    rt_vsnprintf                             0x08006f89   Thumb Code   796  kservice.o(.text)
    rt_kprintf                               0x080072a5   Thumb Code    96  kservice.o(.text)
    rt_show_version                          0x08007305   Thumb Code    38  kservice.o(.text)
    rt_snprintf                              0x0800732b   Thumb Code    38  kservice.o(.text)
    rt_vsprintf                              0x08007351   Thumb Code    22  kservice.o(.text)
    rt_sprintf                               0x08007367   Thumb Code    34  kservice.o(.text)
    rt_console_get_device                    0x08007389   Thumb Code     6  kservice.o(.text)
    rt_console_set_device                    0x0800738f   Thumb Code    48  kservice.o(.text)
    rt_malloc_align                          0x080073bf   Thumb Code    66  kservice.o(.text)
    rt_free_align                            0x08007401   Thumb Code    16  kservice.o(.text)
    __rt_ffs                                 0x08007411   Thumb Code    72  kservice.o(.text)
    rt_malloc_sethook                        0x080074f5   Thumb Code     6  mem.o(.text)
    rt_free_sethook                          0x080074fb   Thumb Code     6  mem.o(.text)
    rt_system_heap_init                      0x080075c9   Thumb Code   216  mem.o(.text)
    rt_malloc                                0x080076a1   Thumb Code   974  mem.o(.text)
    rt_free                                  0x08007a6f   Thumb Code   322  mem.o(.text)
    rt_realloc                               0x08007bb1   Thumb Code   330  mem.o(.text)
    rt_calloc                                0x08007cfb   Thumb Code    98  mem.o(.text)
    rt_memory_info                           0x08007d5d   Thumb Code    26  mem.o(.text)
    list_mem                                 0x08007d77   Thumb Code    34  mem.o(.text)
    rt_mp_alloc_sethook                      0x08007e6d   Thumb Code     6  mempool.o(.text)
    rt_mp_free_sethook                       0x08007e73   Thumb Code     6  mempool.o(.text)
    rt_mp_init                               0x08007e79   Thumb Code   144  mempool.o(.text)
    rt_mp_detach                             0x08007f09   Thumb Code    92  mempool.o(.text)
    rt_mp_create                             0x08007f65   Thumb Code   190  mempool.o(.text)
    rt_mp_delete                             0x08008023   Thumb Code   154  mempool.o(.text)
    rt_mp_alloc                              0x080080bd   Thumb Code   240  mempool.o(.text)
    rt_mp_free                               0x080081ad   Thumb Code    98  mempool.o(.text)
    rt_object_attach_sethook                 0x080082b9   Thumb Code     6  object.o(.text)
    rt_object_detach_sethook                 0x080082bf   Thumb Code     6  object.o(.text)
    rt_object_trytake_sethook                0x080082c5   Thumb Code     6  object.o(.text)
    rt_object_take_sethook                   0x080082cb   Thumb Code     6  object.o(.text)
    rt_object_put_sethook                    0x080082d1   Thumb Code     6  object.o(.text)
    rt_system_object_init                    0x080082d7   Thumb Code     2  object.o(.text)
    rt_object_get_information                0x080082d9   Thumb Code    10  object.o(.text)
    rt_object_init                           0x080082e3   Thumb Code    76  object.o(.text)
    rt_object_detach                         0x0800832f   Thumb Code    68  object.o(.text)
    rt_object_allocate                       0x08008373   Thumb Code   148  object.o(.text)
    rt_object_delete                         0x08008407   Thumb Code   108  object.o(.text)
    rt_object_is_systemobject                0x08008473   Thumb Code    46  object.o(.text)
    rt_object_find                           0x080084a1   Thumb Code   110  object.o(.text)
    rt_scheduler_sethook                     0x080085c9   Thumb Code     6  scheduler.o(.text)
    rt_system_scheduler_init                 0x0800862d   Thumb Code    56  scheduler.o(.text)
    rt_system_scheduler_start                0x08008665   Thumb Code    36  scheduler.o(.text)
    rt_schedule                              0x08008689   Thumb Code   134  scheduler.o(.text)
    rt_schedule_insert_thread                0x0800870f   Thumb Code    94  scheduler.o(.text)
    rt_schedule_remove_thread                0x0800876d   Thumb Code   106  scheduler.o(.text)
    rt_enter_critical                        0x080087d7   Thumb Code    28  scheduler.o(.text)
    rt_exit_critical                         0x080087f3   Thumb Code    54  scheduler.o(.text)
    rt_critical_level                        0x08008829   Thumb Code     8  scheduler.o(.text)
    rt_thread_timeout                        0x08008959   Thumb Code    90  thread.o(.text)
    rt_thread_init                           0x08008a61   Thumb Code   126  thread.o(.text)
    rt_thread_self                           0x08008adf   Thumb Code     6  thread.o(.text)
    rt_thread_resume                         0x08008ae5   Thumb Code    90  thread.o(.text)
    rt_thread_startup                        0x08008b3f   Thumb Code   112  thread.o(.text)
    rt_thread_detach                         0x08008baf   Thumb Code    84  thread.o(.text)
    rt_thread_create                         0x08008c03   Thumb Code    98  thread.o(.text)
    rt_thread_delete                         0x08008c65   Thumb Code    76  thread.o(.text)
    rt_thread_yield                          0x08008cb1   Thumb Code   314  thread.o(.text)
    rt_thread_suspend                        0x08008deb   Thumb Code    84  thread.o(.text)
    rt_thread_sleep                          0x08008e3f   Thumb Code    90  thread.o(.text)
    rt_thread_delay                          0x08008e99   Thumb Code    12  thread.o(.text)
    rt_thread_control                        0x08008ea5   Thumb Code   144  thread.o(.text)
    rt_thread_find                           0x08008f35   Thumb Code    76  thread.o(.text)
    rt_timer_timeout_sethook                 0x08008fa3   Thumb Code     6  timer.o(.text)
    rt_timer_dump                            0x08009059   Thumb Code    46  timer.o(.text)
    rt_timer_init                            0x08009087   Thumb Code    90  timer.o(.text)
    rt_timer_detach                          0x080090e1   Thumb Code    56  timer.o(.text)
    rt_timer_create                          0x08009119   Thumb Code    66  timer.o(.text)
    rt_timer_delete                          0x0800915b   Thumb Code    58  timer.o(.text)
    rt_timer_start                           0x08009195   Thumb Code   312  timer.o(.text)
    rt_timer_stop                            0x080092cd   Thumb Code    92  timer.o(.text)
    rt_timer_control                         0x08009329   Thumb Code   232  timer.o(.text)
    rt_timer_check                           0x08009411   Thumb Code   148  timer.o(.text)
    rt_timer_next_timeout_tick               0x080094a5   Thumb Code    10  timer.o(.text)
    rt_system_timer_init                     0x080094af   Thumb Code    24  timer.o(.text)
    rt_system_timer_thread_init              0x080094c7   Thumb Code     2  timer.o(.text)
    rt_hw_stack_init                         0x080094e9   Thumb Code    64  cpuport.o(.text)
    rt_hw_exception_install                  0x08009529   Thumb Code     6  cpuport.o(.text)
    rt_hw_hard_fault_exception               0x0800952f   Thumb Code   112  cpuport.o(.text)
    rt_hw_cpu_shutdown                       0x0800959f   Thumb Code    30  cpuport.o(.text)
    rt_hw_interrupt_disable                  0x08009699   Thumb Code     8  context_rvds.o(.text)
    rt_hw_interrupt_enable                   0x080096a1   Thumb Code     6  context_rvds.o(.text)
    rt_hw_context_switch                     0x080096a7   Thumb Code    32  context_rvds.o(.text)
    rt_hw_context_switch_interrupt           0x080096a7   Thumb Code     0  context_rvds.o(.text)
    PendSV_Handler                           0x080096c7   Thumb Code   108  context_rvds.o(.text)
    rt_hw_context_switch_to                  0x08009733   Thumb Code    70  context_rvds.o(.text)
    rt_hw_interrupt_thread_switch            0x08009779   Thumb Code     4  context_rvds.o(.text)
    HardFault_Handler                        0x0800977d   Thumb Code    20  context_rvds.o(.text)
    hello                                    0x080097bd   Thumb Code    12  cmd.o(.text)
    version                                  0x080097c9   Thumb Code    10  cmd.o(.text)
    list_thread                              0x08009881   Thumb Code    10  cmd.o(.text)
    list_sem                                 0x08009933   Thumb Code    12  cmd.o(.text)
    list_event                               0x080099af   Thumb Code    12  cmd.o(.text)
    list_mutex                               0x08009a0d   Thumb Code    12  cmd.o(.text)
    list_mailbox                             0x08009aa1   Thumb Code    12  cmd.o(.text)
    list_msgqueue                            0x08009b2d   Thumb Code    12  cmd.o(.text)
    list_mempool                             0x08009edd   Thumb Code    10  cmd.o(.text)
    list_timer                               0x08009f3d   Thumb Code    12  cmd.o(.text)
    list_device                              0x08009f97   Thumb Code    12  cmd.o(.text)
    list                                     0x08009fa3   Thumb Code   126  cmd.o(.text)
    list_prefix                              0x0800a063   Thumb Code   434  cmd.o(.text)
    finsh_compiler_run                       0x0800bb3f   Thumb Code    88  finsh_compiler.o(.text)
    finsh_error_init                         0x0800bba9   Thumb Code     8  finsh_error.o(.text)
    finsh_error_set                          0x0800bbb1   Thumb Code    10  finsh_error.o(.text)
    finsh_errno                              0x0800bbbb   Thumb Code     6  finsh_error.o(.text)
    finsh_error_string                       0x0800bbc1   Thumb Code    10  finsh_error.o(.text)
    finsh_heap_init                          0x0800bbd5   Thumb Code    36  finsh_heap.o(.text)
    finsh_heap_free                          0x0800bcf9   Thumb Code    34  finsh_heap.o(.text)
    finsh_heap_allocate                      0x0800bd69   Thumb Code   106  finsh_heap.o(.text)
    finsh_init                               0x0800bde5   Thumb Code    30  finsh_init.o(.text)
    finsh_stack_bottom                       0x0800be03   Thumb Code     6  finsh_init.o(.text)
    finsh_flush                              0x0800be09   Thumb Code    22  finsh_init.o(.text)
    finsh_reset                              0x0800be1f   Thumb Code    24  finsh_init.o(.text)
    finsh_node_init                          0x0800be3d   Thumb Code    16  finsh_node.o(.text)
    finsh_node_allocate                      0x0800be4d   Thumb Code    56  finsh_node.o(.text)
    finsh_node_new_id                        0x0800be85   Thumb Code   118  finsh_node.o(.text)
    finsh_node_new_char                      0x0800befb   Thumb Code    30  finsh_node.o(.text)
    finsh_node_new_int                       0x0800bf19   Thumb Code    30  finsh_node.o(.text)
    finsh_node_new_long                      0x0800bf37   Thumb Code    30  finsh_node.o(.text)
    finsh_node_new_string                    0x0800bf55   Thumb Code    74  finsh_node.o(.text)
    finsh_node_new_ptr                       0x0800bf9f   Thumb Code    30  finsh_node.o(.text)
    OP_no_op                                 0x0800bfc1   Thumb Code     2  finsh_ops.o(.text)
    OP_add_byte                              0x0800bfc3   Thumb Code    42  finsh_ops.o(.text)
    OP_add_word                              0x0800bfed   Thumb Code    44  finsh_ops.o(.text)
    OP_add_dword                             0x0800c019   Thumb Code    42  finsh_ops.o(.text)
    OP_sub_byte                              0x0800c043   Thumb Code    42  finsh_ops.o(.text)
    OP_sub_word                              0x0800c06d   Thumb Code    44  finsh_ops.o(.text)
    OP_sub_dword                             0x0800c099   Thumb Code    42  finsh_ops.o(.text)
    OP_div_byte                              0x0800c0c3   Thumb Code    44  finsh_ops.o(.text)
    OP_div_word                              0x0800c0ef   Thumb Code    46  finsh_ops.o(.text)
    OP_div_dword                             0x0800c11d   Thumb Code    44  finsh_ops.o(.text)
    OP_mod_byte                              0x0800c149   Thumb Code    48  finsh_ops.o(.text)
    OP_mod_word                              0x0800c179   Thumb Code    48  finsh_ops.o(.text)
    OP_mod_dword                             0x0800c1a9   Thumb Code    48  finsh_ops.o(.text)
    OP_mul_byte                              0x0800c1d9   Thumb Code    44  finsh_ops.o(.text)
    OP_mul_word                              0x0800c205   Thumb Code    46  finsh_ops.o(.text)
    OP_mul_dword                             0x0800c233   Thumb Code    42  finsh_ops.o(.text)
    OP_and_byte                              0x0800c25d   Thumb Code    42  finsh_ops.o(.text)
    OP_and_word                              0x0800c287   Thumb Code    42  finsh_ops.o(.text)
    OP_and_dword                             0x0800c2b1   Thumb Code    42  finsh_ops.o(.text)
    OP_or_byte                               0x0800c2db   Thumb Code    42  finsh_ops.o(.text)
    OP_or_word                               0x0800c305   Thumb Code    42  finsh_ops.o(.text)
    OP_or_dword                              0x0800c32f   Thumb Code    42  finsh_ops.o(.text)
    OP_xor_byte                              0x0800c359   Thumb Code    42  finsh_ops.o(.text)
    OP_xor_word                              0x0800c383   Thumb Code    46  finsh_ops.o(.text)
    OP_xor_dword                             0x0800c3b1   Thumb Code    42  finsh_ops.o(.text)
    OP_bw_byte                               0x0800c3db   Thumb Code    20  finsh_ops.o(.text)
    OP_bw_word                               0x0800c3ef   Thumb Code    20  finsh_ops.o(.text)
    OP_bw_dword                              0x0800c403   Thumb Code    20  finsh_ops.o(.text)
    OP_shl_byte                              0x0800c417   Thumb Code    42  finsh_ops.o(.text)
    OP_shl_word                              0x0800c441   Thumb Code    44  finsh_ops.o(.text)
    OP_shl_dword                             0x0800c46d   Thumb Code    42  finsh_ops.o(.text)
    OP_shr_byte                              0x0800c497   Thumb Code    42  finsh_ops.o(.text)
    OP_shr_word                              0x0800c4c1   Thumb Code    42  finsh_ops.o(.text)
    OP_shr_dword                             0x0800c4eb   Thumb Code    42  finsh_ops.o(.text)
    OP_ld_byte                               0x0800c515   Thumb Code    34  finsh_ops.o(.text)
    OP_ld_word                               0x0800c537   Thumb Code    46  finsh_ops.o(.text)
    OP_ld_dword                              0x0800c565   Thumb Code    64  finsh_ops.o(.text)
    OP_ld_value_byte                         0x0800c5a5   Thumb Code    66  finsh_ops.o(.text)
    OP_ld_value_byte_stack                   0x0800c5e7   Thumb Code    20  finsh_ops.o(.text)
    OP_ld_value_word                         0x0800c5fb   Thumb Code    66  finsh_ops.o(.text)
    OP_ld_value_word_stack                   0x0800c63d   Thumb Code    20  finsh_ops.o(.text)
    OP_ld_value_dword                        0x0800c651   Thumb Code    66  finsh_ops.o(.text)
    OP_ld_value_dword_stack                  0x0800c693   Thumb Code    20  finsh_ops.o(.text)
    OP_st_byte                               0x0800c6a7   Thumb Code    30  finsh_ops.o(.text)
    OP_st_word                               0x0800c6c5   Thumb Code    30  finsh_ops.o(.text)
    OP_st_dword                              0x0800c6e3   Thumb Code    30  finsh_ops.o(.text)
    OP_pop                                   0x0800c701   Thumb Code    12  finsh_ops.o(.text)
    OP_call                                  0x0800c70d   Thumb Code   906  finsh_ops.o(.text)
    finsh_parser_run                         0x0800d32d   Thumb Code   220  finsh_parser.o(.text)
    finsh_parser_init                        0x0800d409   Thumb Code    16  finsh_parser.o(.text)
    finsh_token_init                         0x0800d419   Thumb Code    20  finsh_token.o(.text)
    token_get_string                         0x0800d7ed   Thumb Code   120  finsh_token.o(.text)
    finsh_token_token                        0x0800da25   Thumb Code    24  finsh_token.o(.text)
    finsh_token_get_token                    0x0800da3d   Thumb Code    20  finsh_token.o(.text)
    finsh_var_init                           0x0800da55   Thumb Code    14  finsh_var.o(.text)
    finsh_var_insert                         0x0800da63   Thumb Code   112  finsh_var.o(.text)
    finsh_var_delete                         0x0800dad3   Thumb Code    68  finsh_var.o(.text)
    finsh_var_lookup                         0x0800db17   Thumb Code    58  finsh_var.o(.text)
    finsh_sysvar_append                      0x0800db51   Thumb Code    62  finsh_var.o(.text)
    finsh_sysvar_lookup                      0x0800db8f   Thumb Code    78  finsh_var.o(.text)
    finsh_vm_run                             0x0800dbed   Thumb Code    62  finsh_vm.o(.text)
    finsh_syscall_append                     0x0800dc2b   Thumb Code    54  finsh_vm.o(.text)
    finsh_syscall_lookup                     0x0800dc61   Thumb Code    78  finsh_vm.o(.text)
    finsh_set_device                         0x0800dcff   Thumb Code   128  shell.o(.text)
    finsh_get_device                         0x0800dd7f   Thumb Code    40  shell.o(.text)
    finsh_set_echo                           0x0800dda7   Thumb Code    42  shell.o(.text)
    finsh_get_echo                           0x0800ddd1   Thumb Code    44  shell.o(.text)
    finsh_run_line                           0x0800de19   Thumb Code   148  shell.o(.text)
    finsh_thread_entry                       0x0800df69   Thumb Code  1616  shell.o(.text)
    finsh_system_function_init               0x0800e5b9   Thumb Code    10  shell.o(.text)
    finsh_system_var_init                    0x0800e5c3   Thumb Code    10  shell.o(.text)
    finsh_system_init                        0x0800e5cd   Thumb Code   122  shell.o(.text)
    atoi                                     0x0800e69d   Thumb Code    26  atoi.o(.text)
    strlen                                   0x0800e6b7   Thumb Code    62  strlen.o(.text)
    strncmp                                  0x0800e6f5   Thumb Code   150  strncmp.o(.text)
    __aeabi_memcpy                           0x0800e78b   Thumb Code     0  rt_memcpy_v6.o(.text)
    __rt_memcpy                              0x0800e78b   Thumb Code   138  rt_memcpy_v6.o(.text)
    _memcpy_lastbytes                        0x0800e7f1   Thumb Code     0  rt_memcpy_v6.o(.text)
    __aeabi_memcpy4                          0x0800e815   Thumb Code     0  rt_memcpy_w.o(.text)
    __aeabi_memcpy8                          0x0800e815   Thumb Code     0  rt_memcpy_w.o(.text)
    __rt_memcpy_w                            0x0800e815   Thumb Code   100  rt_memcpy_w.o(.text)
    _memcpy_lastbytes_aligned                0x0800e85d   Thumb Code     0  rt_memcpy_w.o(.text)
    __aeabi_memclr                           0x0800e879   Thumb Code     0  rt_memclr.o(.text)
    __rt_memclr                              0x0800e879   Thumb Code    68  rt_memclr.o(.text)
    _memset                                  0x0800e87d   Thumb Code     0  rt_memclr.o(.text)
    __aeabi_memclr4                          0x0800e8bd   Thumb Code     0  rt_memclr_w.o(.text)
    __aeabi_memclr8                          0x0800e8bd   Thumb Code     0  rt_memclr_w.o(.text)
    __rt_memclr_w                            0x0800e8bd   Thumb Code    78  rt_memclr_w.o(.text)
    _memset_w                                0x0800e8c1   Thumb Code     0  rt_memclr_w.o(.text)
    strncpy                                  0x0800e90b   Thumb Code    86  strncpy.o(.text)
    strcmp                                   0x0800e961   Thumb Code   128  strcmpv7m.o(.text)
    __use_two_region_memory                  0x0800e9e1   Thumb Code     2  heapauxi.o(.text)
    __rt_heap_escrow$2region                 0x0800e9e3   Thumb Code     2  heapauxi.o(.text)
    __rt_heap_expand$2region                 0x0800e9e5   Thumb Code     2  heapauxi.o(.text)
    __aeabi_errno_addr                       0x0800e9e9   Thumb Code     8  rt_errno_addr_intlibspace.o(.text)
    __errno$intlibspace                      0x0800e9e9   Thumb Code     0  rt_errno_addr_intlibspace.o(.text)
    __rt_errno_addr$intlibspace              0x0800e9e9   Thumb Code     0  rt_errno_addr_intlibspace.o(.text)
    strtol                                   0x0800e9f1   Thumb Code   112  strtol.o(.text)
    __user_libspace                          0x0800ea61   Thumb Code     8  libspace.o(.text)
    __user_perproc_libspace                  0x0800ea61   Thumb Code     0  libspace.o(.text)
    __user_perthread_libspace                0x0800ea61   Thumb Code     0  libspace.o(.text)
    __rt_ctype_table                         0x0800ea69   Thumb Code    16  rt_ctype_table.o(.text)
    _strtoul                                 0x0800ea79   Thumb Code   158  _strtoul.o(.text)
    __user_setup_stackheap                   0x0800eb17   Thumb Code    74  sys_stackheap_outer.o(.text)
    __rt_locale                              0x0800eb61   Thumb Code     8  rt_locale_intlibspace.o(.text)
    _chval                                   0x0800eb69   Thumb Code    28  _chval.o(.text)
    exit                                     0x0800eb85   Thumb Code    12  exit.o(.text)
    _sys_exit                                0x0800eb91   Thumb Code     8  sys_exit.o(.text)
    __I$use$semihosting                      0x0800eb9d   Thumb Code     0  use_no_semi.o(.text)
    __use_no_semihosting_swi                 0x0800eb9d   Thumb Code     2  use_no_semi.o(.text)
    __semihosting_library_function           0x0800eb9f   Thumb Code     0  indicate_semi.o(.text)
    _get_lc_ctype                            0x0800eba1   Thumb Code    44  lc_ctype_c.o(locale$$code)
    _fp_init                                 0x0800ebcd   Thumb Code    10  fpinit.o(x$fpl$fpinit)
    __fplib_config_fpu_vfp                   0x0800ebd5   Thumb Code     0  fpinit.o(x$fpl$fpinit)
    __fplib_config_pureend_doubles           0x0800ebd5   Thumb Code     0  fpinit.o(x$fpl$fpinit)
    __lowest_bit_bitmap                      0x0800eef0   Data         256  kservice.o(.constdata)
    __fsym_list_mem_name                     0x0800f014   Data           9  mem.o(.constdata)
    __fsym_list_mem_desc                     0x0800f01d   Data          30  mem.o(.constdata)
    __fsym_hello_name                        0x0800f378   Data           6  cmd.o(.constdata)
    __fsym_hello_desc                        0x0800f37e   Data          16  cmd.o(.constdata)
    __fsym_version_name                      0x0800f38e   Data           8  cmd.o(.constdata)
    __fsym_version_desc                      0x0800f396   Data          35  cmd.o(.constdata)
    __fsym_list_thread_name                  0x0800f3b9   Data          12  cmd.o(.constdata)
    __fsym_list_thread_desc                  0x0800f3c5   Data          12  cmd.o(.constdata)
    __fsym_list_sem_name                     0x0800f3d1   Data           9  cmd.o(.constdata)
    __fsym_list_sem_desc                     0x0800f3da   Data          25  cmd.o(.constdata)
    __fsym_list_event_name                   0x0800f3f3   Data          11  cmd.o(.constdata)
    __fsym_list_event_desc                   0x0800f3fe   Data          21  cmd.o(.constdata)
    __fsym_list_mutex_name                   0x0800f413   Data          11  cmd.o(.constdata)
    __fsym_list_mutex_desc                   0x0800f41e   Data          21  cmd.o(.constdata)
    __fsym_list_mailbox_name                 0x0800f433   Data          13  cmd.o(.constdata)
    __fsym_list_mailbox_desc                 0x0800f440   Data          24  cmd.o(.constdata)
    __fsym_list_msgqueue_name                0x0800f458   Data          14  cmd.o(.constdata)
    __fsym_list_msgqueue_desc                0x0800f466   Data          29  cmd.o(.constdata)
    __fsym_list_mempool_name                 0x0800f483   Data          13  cmd.o(.constdata)
    __fsym_list_mempool_desc                 0x0800f490   Data          27  cmd.o(.constdata)
    __fsym_list_timer_name                   0x0800f4ab   Data          11  cmd.o(.constdata)
    __fsym_list_timer_desc                   0x0800f4b6   Data          21  cmd.o(.constdata)
    __fsym_list_device_name                  0x0800f4cb   Data          12  cmd.o(.constdata)
    __fsym_list_device_desc                  0x0800f4d7   Data          22  cmd.o(.constdata)
    __fsym_list_name                         0x0800f4ed   Data           5  cmd.o(.constdata)
    __fsym_list_desc                         0x0800f4f2   Data          26  cmd.o(.constdata)
    __vsym_dummy_name                        0x0800f50c   Data           6  cmd.o(.constdata)
    __vsym_dummy_desc                        0x0800f512   Data          25  cmd.o(.constdata)
    op_table                                 0x0800f60c   Data         196  finsh_ops.o(.constdata)
    FSymTab$$Base                            0x0800f960   Number         0  mem.o(FSymTab)
    __fsym_list_mem                          0x0800f960   Data          12  mem.o(FSymTab)
    __fsym_hello                             0x0800f96c   Data          12  cmd.o(FSymTab)
    __fsym_version                           0x0800f978   Data          12  cmd.o(FSymTab)
    __fsym_list_thread                       0x0800f984   Data          12  cmd.o(FSymTab)
    __fsym_list_sem                          0x0800f990   Data          12  cmd.o(FSymTab)
    __fsym_list_event                        0x0800f99c   Data          12  cmd.o(FSymTab)
    __fsym_list_mutex                        0x0800f9a8   Data          12  cmd.o(FSymTab)
    __fsym_list_mailbox                      0x0800f9b4   Data          12  cmd.o(FSymTab)
    __fsym_list_msgqueue                     0x0800f9c0   Data          12  cmd.o(FSymTab)
    __fsym_list_mempool                      0x0800f9cc   Data          12  cmd.o(FSymTab)
    __fsym_list_timer                        0x0800f9d8   Data          12  cmd.o(FSymTab)
    __fsym_list_device                       0x0800f9e4   Data          12  cmd.o(FSymTab)
    __fsym_list                              0x0800f9f0   Data          12  cmd.o(FSymTab)
    FSymTab$$Limit                           0x0800f9fc   Number         0  cmd.o(FSymTab)
    Region$$Table$$Base                      0x0800f9fc   Number         0  anon$$obj.o(Region$$Table)
    Region$$Table$$Limit                     0x0800fa1c   Number         0  anon$$obj.o(Region$$Table)
    VSymTab$$Base                            0x0800fa1c   Number         0  cmd.o(VSymTab)
    __vsym_dummy                             0x0800fa1c   Data          16  cmd.o(VSymTab)
    VSymTab$$Limit                           0x0800fa2c   Number         0  cmd.o(VSymTab)
    __ctype                                  0x0800fa39   Data           0  lc_ctype_c.o(locale$$data)
    ble_tx_buff                              0x20000000   Data         120  bluetooth_4_0.o(.data)
    uart1                                    0x2000007c   Data          12  usart.o(.data)
    uart3                                    0x20000088   Data          12  usart.o(.data)
    uart3_debug                              0x20000094   Data           4  usart.o(.data)
    SystemCoreClock                          0x20000098   Data           4  system_stm32f4xx.o(.data)
    AHBPrescTable                            0x2000009c   Data          16  system_stm32f4xx.o(.data)
    rt_interrupt_nest                        0x200000c4   Data           1  irq.o(.data)
    rt_object_container                      0x200000f8   Data         144  object.o(.data)
    rt_object_trytake_hook                   0x20000190   Data           4  object.o(.data)
    rt_object_take_hook                      0x20000194   Data           4  object.o(.data)
    rt_object_put_hook                       0x20000198   Data           4  object.o(.data)
    rt_current_thread                        0x200001a0   Data           4  scheduler.o(.data)
    rt_current_priority                      0x200001a4   Data           1  scheduler.o(.data)
    rt_thread_ready_priority_group           0x200001a8   Data           4  scheduler.o(.data)
    rt_thread_defunct                        0x200001ac   Data           8  scheduler.o(.data)
    rt_interrupt_from_thread                 0x200001cc   Data           4  cpuport.o(.data)
    rt_interrupt_to_thread                   0x200001d0   Data           4  cpuport.o(.data)
    rt_thread_switch_interrupt_flag          0x200001d4   Data           4  cpuport.o(.data)
    finsh_compile_sp                         0x200001dc   Data           4  finsh_compiler.o(.data)
    finsh_compile_pc                         0x200001e0   Data           4  finsh_compiler.o(.data)
    global_errno                             0x20000220   Data           1  finsh_error.o(.data)
    global_sysvar_list                       0x2000022c   Data           4  finsh_var.o(.data)
    global_syscall_list                      0x20000230   Data           4  finsh_vm.o(.data)
    finsh_sp                                 0x20000234   Data           4  finsh_vm.o(.data)
    finsh_pc                                 0x20000238   Data           4  finsh_vm.o(.data)
    shell                                    0x2000023c   Data           4  shell.o(.data)
    _syscall_table_begin                     0x20000240   Data           4  symbol.o(.data)
    _syscall_table_end                       0x20000244   Data           4  symbol.o(.data)
    _sysvar_table_begin                      0x20000248   Data           4  symbol.o(.data)
    _sysvar_table_end                        0x2000024c   Data           4  symbol.o(.data)
    thread_heartbeat                         0x20000450   Data         128  heartbeat.o(.bss)
    ble_rx_buff                              0x200004d0   Data         120  bluetooth_4_0.o(.bss)
    thread_ble                               0x20000948   Data         128  bluetooth_4_0.o(.bss)
    uart1_int_rx                             0x20000dfc   Data          72  usart.o(.bss)
    uart1_device                             0x20000e44   Data          64  usart.o(.bss)
    uart3_int_rx                             0x20000e84   Data          72  usart.o(.bss)
    uart3_device                             0x20000ecc   Data          64  usart.o(.bss)
    rt_thread_priority_table                 0x20001430   Data         256  scheduler.o(.bss)
    finsh_heap                               0x20001530   Data         128  finsh_heap.o(.bss)
    global_node_table                        0x200015b0   Data         320  finsh_node.o(.bss)
    global_variable                          0x200016f0   Data         192  finsh_var.o(.bss)
    finsh_vm_stack                           0x200017b0   Data         256  finsh_vm.o(.bss)
    text_segment                             0x200018b0   Data         128  finsh_vm.o(.bss)
    __libspace_start                         0x200021b0   Data          96  libspace.o(.bss)
    __temporary_stack_top$libspace           0x20002210   Data           0  libspace.o(.bss)
    Image$$RW_IRAM1$$ZI$$Limit               0x20002810   Number         0  startup_stm32f4xx.o(STACK)



==============================================================================

Memory Map of the image

  Image Entry point : 0x08000189

  Load Region LR_IROM1 (Base: 0x08000000, Size: 0x0000fd8c, Max: 0x00100000, ABSOLUTE, COMPRESSED[0x0000fbf4])

    Execution Region ER_IROM1 (Base: 0x08000000, Size: 0x0000fb3c, Max: 0x00100000, ABSOLUTE)

    Base Addr    Size         Type   Attr      Idx    E Section Name        Object

    0x08000000   0x00000188   Data   RO          816    RESET               startup_stm32f4xx.o
    0x08000188   0x00000008   Code   RO         1378  * !!!main             c_w.l(__main.o)
    0x08000190   0x00000034   Code   RO         1553    !!!scatter          c_w.l(__scatter.o)
    0x080001c4   0x0000005a   Code   RO         1551    !!dczerorl2         c_w.l(__dczerorl2.o)
    0x0800021e   0x00000002   PAD
    0x08000220   0x0000001c   Code   RO         1555    !!handler_zi        c_w.l(__scatter_zi.o)
    0x0800023c   0x00000006   Code   RO         1429    .ARM.Collect$$libinit$$00000000  c_w.l(libinit.o)
    0x08000242   0x00000000   Code   RO         1434    .ARM.Collect$$libinit$$00000006  c_w.l(libinit2.o)
    0x08000242   0x00000000   Code   RO         1436    .ARM.Collect$$libinit$$00000008  c_w.l(libinit2.o)
    0x08000242   0x00000000   Code   RO         1438    .ARM.Collect$$libinit$$0000000A  c_w.l(libinit2.o)
    0x08000242   0x00000006   Code   RO         1439    .ARM.Collect$$libinit$$0000000B  c_w.l(libinit2.o)
    0x08000248   0x00000000   Code   RO         1441    .ARM.Collect$$libinit$$0000000D  c_w.l(libinit2.o)
    0x08000248   0x0000000c   Code   RO         1442    .ARM.Collect$$libinit$$0000000E  c_w.l(libinit2.o)
    0x08000254   0x00000000   Code   RO         1443    .ARM.Collect$$libinit$$0000000F  c_w.l(libinit2.o)
    0x08000254   0x00000000   Code   RO         1445    .ARM.Collect$$libinit$$00000011  c_w.l(libinit2.o)
    0x08000254   0x00000000   Code   RO         1447    .ARM.Collect$$libinit$$00000013  c_w.l(libinit2.o)
    0x08000254   0x00000000   Code   RO         1449    .ARM.Collect$$libinit$$00000015  c_w.l(libinit2.o)
    0x08000254   0x00000000   Code   RO         1451    .ARM.Collect$$libinit$$00000017  c_w.l(libinit2.o)
    0x08000254   0x00000000   Code   RO         1453    .ARM.Collect$$libinit$$00000019  c_w.l(libinit2.o)
    0x08000254   0x00000000   Code   RO         1455    .ARM.Collect$$libinit$$0000001B  c_w.l(libinit2.o)
    0x08000254   0x00000000   Code   RO         1457    .ARM.Collect$$libinit$$0000001D  c_w.l(libinit2.o)
    0x08000254   0x00000000   Code   RO         1459    .ARM.Collect$$libinit$$0000001F  c_w.l(libinit2.o)
    0x08000254   0x00000000   Code   RO         1461    .ARM.Collect$$libinit$$00000021  c_w.l(libinit2.o)
    0x08000254   0x00000000   Code   RO         1465    .ARM.Collect$$libinit$$00000028  c_w.l(libinit2.o)
    0x08000254   0x00000000   Code   RO         1467    .ARM.Collect$$libinit$$0000002A  c_w.l(libinit2.o)
    0x08000254   0x00000000   Code   RO         1469    .ARM.Collect$$libinit$$0000002C  c_w.l(libinit2.o)
    0x08000254   0x00000000   Code   RO         1471    .ARM.Collect$$libinit$$0000002E  c_w.l(libinit2.o)
    0x08000254   0x00000002   Code   RO         1472    .ARM.Collect$$libinit$$0000002F  c_w.l(libinit2.o)
    0x08000256   0x00000002   Code   RO         1492    .ARM.Collect$$libshutdown$$00000000  c_w.l(libshutdown.o)
    0x08000258   0x00000000   Code   RO         1506    .ARM.Collect$$libshutdown$$00000003  c_w.l(libshutdown2.o)
    0x08000258   0x00000000   Code   RO         1509    .ARM.Collect$$libshutdown$$00000006  c_w.l(libshutdown2.o)
    0x08000258   0x00000000   Code   RO         1512    .ARM.Collect$$libshutdown$$00000009  c_w.l(libshutdown2.o)
    0x08000258   0x00000000   Code   RO         1514    .ARM.Collect$$libshutdown$$0000000B  c_w.l(libshutdown2.o)
    0x08000258   0x00000000   Code   RO         1517    .ARM.Collect$$libshutdown$$0000000E  c_w.l(libshutdown2.o)
    0x08000258   0x00000002   Code   RO         1518    .ARM.Collect$$libshutdown$$0000000F  c_w.l(libshutdown2.o)
    0x0800025a   0x00000000   Code   RO         1380    .ARM.Collect$$rtentry$$00000000  c_w.l(rtentry.o)
    0x0800025a   0x00000000   Code   RO         1392    .ARM.Collect$$rtentry$$00000002  c_w.l(rtentry2.o)
    0x0800025a   0x00000006   Code   RO         1404    .ARM.Collect$$rtentry$$00000004  c_w.l(rtentry4.o)
    0x08000260   0x00000000   Code   RO         1394    .ARM.Collect$$rtentry$$00000009  c_w.l(rtentry2.o)
    0x08000260   0x00000004   Code   RO         1395    .ARM.Collect$$rtentry$$0000000A  c_w.l(rtentry2.o)
    0x08000264   0x00000000   Code   RO         1397    .ARM.Collect$$rtentry$$0000000C  c_w.l(rtentry2.o)
    0x08000264   0x00000008   Code   RO         1398    .ARM.Collect$$rtentry$$0000000D  c_w.l(rtentry2.o)
    0x0800026c   0x00000002   Code   RO         1430    .ARM.Collect$$rtexit$$00000000  c_w.l(rtexit.o)
    0x0800026e   0x00000000   Code   RO         1476    .ARM.Collect$$rtexit$$00000002  c_w.l(rtexit2.o)
    0x0800026e   0x00000004   Code   RO         1477    .ARM.Collect$$rtexit$$00000003  c_w.l(rtexit2.o)
    0x08000272   0x00000006   Code   RO         1478    .ARM.Collect$$rtexit$$00000004  c_w.l(rtexit2.o)
    0x08000278   0x00000044   Code   RO            2    .text               application.o
    0x080002bc   0x000000d0   Code   RO          153    .text               startup.o
    0x0800038c   0x000000c0   Code   RO          173    .text               heartbeat.o
    0x0800044c   0x00000134   Code   RO          192    .text               bluetooth_4_0.o
    0x08000580   0x000000b0   Code   RO          215    .text               board.o
    0x08000630   0x00000604   Code   RO          235    .text               serial.o
    0x08000c34   0x00000040   Code   RO          255    .text               stm32f4xx_it.o
    0x08000c74   0x00000198   Code   RO          272    .text               usart.o
    0x08000e0c   0x000001fc   Code   RO          295    .text               system_stm32f4xx.o
    0x08001008   0x000001ec   Code   RO          317    .text               misc.o
    0x080011f4   0x000013b8   Code   RO          493    .text               stm32f4xx_dma.o
    0x080025ac   0x0000090a   Code   RO          557    .text               stm32f4xx_gpio.o
    0x08002eb6   0x00000002   PAD
    0x08002eb8   0x00000d6c   Code   RO          669    .text               stm32f4xx_rcc.o
    0x08003c24   0x00000eb0   Code   RO          783    .text               stm32f4xx_usart.o
    0x08004ad4   0x00000040   Code   RO          817    .text               startup_stm32f4xx.o
    0x08004b14   0x00000064   Code   RO          821    .text               clock.o
    0x08004b78   0x00000408   Code   RO          835    .text               device.o
    0x08004f80   0x00000168   Code   RO          849    .text               idle.o
    0x080050e8   0x00001a10   Code   RO          869    .text               ipc.o
    0x08006af8   0x00000048   Code   RO          886    .text               irq.o
    0x08006b40   0x000009b4   Code   RO          901    .text               kservice.o
    0x080074f4   0x00000978   Code   RO          918    .text               mem.o
    0x08007e6c   0x0000042c   Code   RO          950    .text               mempool.o
    0x08008298   0x00000330   Code   RO          968    .text               object.o
    0x080085c8   0x00000324   Code   RO          988    .text               scheduler.o
    0x080088ec   0x000006a8   Code   RO         1009    .text               thread.o
    0x08008f94   0x00000554   Code   RO         1026    .text               timer.o
    0x080094e8   0x000001b0   Code   RO         1045    .text               cpuport.o
    0x08009698   0x00000110   Code   RO         1061    .text               context_rvds.o
    0x080097a8   0x00000be8   Code   RO         1099    .text               cmd.o
    0x0800a390   0x00001818   Code   RO         1122    .text               finsh_compiler.o
    0x0800bba8   0x0000002c   Code   RO         1159    .text               finsh_error.o
    0x0800bbd4   0x00000210   Code   RO         1175    .text               finsh_heap.o
    0x0800bde4   0x00000058   Code   RO         1191    .text               finsh_init.o
    0x0800be3c   0x00000184   Code   RO         1209    .text               finsh_node.o
    0x0800bfc0   0x00000adc   Code   RO         1224    .text               finsh_ops.o
    0x0800ca9c   0x0000097c   Code   RO         1242    .text               finsh_parser.o
    0x0800d418   0x0000063c   Code   RO         1257    .text               finsh_token.o
    0x0800da54   0x00000198   Code   RO         1272    .text               finsh_var.o
    0x0800dbec   0x000000e4   Code   RO         1295    .text               finsh_vm.o
    0x0800dcd0   0x000009cc   Code   RO         1322    .text               shell.o
    0x0800e69c   0x0000001a   Code   RO         1358    .text               c_w.l(atoi.o)
    0x0800e6b6   0x0000003e   Code   RO         1360    .text               c_w.l(strlen.o)
    0x0800e6f4   0x00000096   Code   RO         1362    .text               c_w.l(strncmp.o)
    0x0800e78a   0x0000008a   Code   RO         1364    .text               c_w.l(rt_memcpy_v6.o)
    0x0800e814   0x00000064   Code   RO         1366    .text               c_w.l(rt_memcpy_w.o)
    0x0800e878   0x00000044   Code   RO         1368    .text               c_w.l(rt_memclr.o)
    0x0800e8bc   0x0000004e   Code   RO         1370    .text               c_w.l(rt_memclr_w.o)
    0x0800e90a   0x00000056   Code   RO         1372    .text               c_w.l(strncpy.o)
    0x0800e960   0x00000080   Code   RO         1374    .text               c_w.l(strcmpv7m.o)
    0x0800e9e0   0x00000006   Code   RO         1376    .text               c_w.l(heapauxi.o)
    0x0800e9e6   0x00000002   PAD
    0x0800e9e8   0x00000008   Code   RO         1384    .text               c_w.l(rt_errno_addr_intlibspace.o)
    0x0800e9f0   0x00000070   Code   RO         1386    .text               c_w.l(strtol.o)
    0x0800ea60   0x00000008   Code   RO         1388    .text               c_w.l(libspace.o)
    0x0800ea68   0x00000010   Code   RO         1406    .text               c_w.l(rt_ctype_table.o)
    0x0800ea78   0x0000009e   Code   RO         1408    .text               c_w.l(_strtoul.o)
    0x0800eb16   0x0000004a   Code   RO         1410    .text               c_w.l(sys_stackheap_outer.o)
    0x0800eb60   0x00000008   Code   RO         1415    .text               c_w.l(rt_locale_intlibspace.o)
    0x0800eb68   0x0000001c   Code   RO         1417    .text               c_w.l(_chval.o)
    0x0800eb84   0x0000000c   Code   RO         1422    .text               c_w.l(exit.o)
    0x0800eb90   0x0000000c   Code   RO         1484    .text               c_w.l(sys_exit.o)
    0x0800eb9c   0x00000002   Code   RO         1495    .text               c_w.l(use_no_semi.o)
    0x0800eb9e   0x00000000   Code   RO         1497    .text               c_w.l(indicate_semi.o)
    0x0800eb9e   0x00000002   PAD
    0x0800eba0   0x0000002c   Code   RO         1420    locale$$code        c_w.l(lc_ctype_c.o)
    0x0800ebcc   0x0000000a   Code   RO         1473    x$fpl$fpinit        fz_wm.l(fpinit.o)
    0x0800ebd6   0x00000085   Data   RO          236    .constdata          serial.o
    0x0800ec5b   0x000000a8   Data   RO          836    .constdata          device.o
    0x0800ed03   0x00000016   Data   RO          851    .constdata          idle.o
    0x0800ed19   0x000001d7   Data   RO          870    .constdata          ipc.o
    0x0800eef0   0x00000122   Data   RO          903    .constdata          kservice.o
    0x0800f012   0x00000002   PAD
    0x0800f014   0x00000160   Data   RO          920    .constdata          mem.o
    0x0800f174   0x0000003e   Data   RO          951    .constdata          mempool.o
    0x0800f1b2   0x0000005e   Data   RO          969    .constdata          object.o
    0x0800f210   0x0000004e   Data   RO          990    .constdata          scheduler.o
    0x0800f25e   0x000000aa   Data   RO         1010    .constdata          thread.o
    0x0800f308   0x0000005c   Data   RO         1027    .constdata          timer.o
    0x0800f364   0x00000013   Data   RO         1046    .constdata          cpuport.o
    0x0800f377   0x00000001   PAD
    0x0800f378   0x00000293   Data   RO         1100    .constdata          cmd.o
    0x0800f60b   0x00000001   PAD
    0x0800f60c   0x000000c4   Data   RO         1225    .constdata          finsh_ops.o
    0x0800f6d0   0x00000040   Data   RO         1258    .constdata          finsh_token.o
    0x0800f710   0x00000060   Data   RO         1324    .constdata          shell.o
    0x0800f770   0x000000e9   Data   RO         1101    .conststring        cmd.o
    0x0800f859   0x000000d8   Data   RO         1160    .conststring        finsh_error.o
    0x0800f931   0x0000002c   Data   RO         1259    .conststring        finsh_token.o
    0x0800f95d   0x00000003   PAD
    0x0800f960   0x0000000c   Data   RO          922    FSymTab             mem.o
    0x0800f96c   0x00000090   Data   RO         1103    FSymTab             cmd.o
    0x0800f9fc   0x00000020   Data   RO         1549    Region$$Table       anon$$obj.o
    0x0800fa1c   0x00000010   Data   RO         1104    VSymTab             cmd.o
    0x0800fa2c   0x00000110   Data   RO         1419    locale$$data        c_w.l(lc_ctype_c.o)


    Execution Region RW_IRAM1 (Base: 0x20000000, Size: 0x00002810, Max: 0x00020000, ABSOLUTE, COMPRESSED[0x000000b8])

    Base Addr    Size         Type   Attr      Idx    E Section Name        Object

    0x20000000   0x0000007c   Data   RW          194    .data               bluetooth_4_0.o
    0x2000007c   0x0000001c   Data   RW          274    .data               usart.o
    0x20000098   0x00000014   Data   RW          296    .data               system_stm32f4xx.o
    0x200000ac   0x00000010   Data   RW          670    .data               stm32f4xx_rcc.o
    0x200000bc   0x00000004   Data   RW          822    .data               clock.o
    0x200000c0   0x00000004   Data   RW          852    .data               idle.o
    0x200000c4   0x00000001   Data   RW          887    .data               irq.o
    0x200000c5   0x00000003   PAD
    0x200000c8   0x00000008   Data   RW          904    .data               kservice.o
    0x200000d0   0x00000020   Data   RW          921    .data               mem.o
    0x200000f0   0x00000008   Data   RW          952    .data               mempool.o
    0x200000f8   0x000000a4   Data   RW          970    .data               object.o
    0x2000019c   0x0000001c   Data   RW          991    .data               scheduler.o
    0x200001b8   0x00000010   Data   RW         1028    .data               timer.o
    0x200001c8   0x00000010   Data   RW         1047    .data               cpuport.o
    0x200001d8   0x00000004   Data   RW         1102    .data               cmd.o
    0x200001dc   0x00000008   Data   RW         1123    .data               finsh_compiler.o
    0x200001e4   0x0000003d   Data   RW         1161    .data               finsh_error.o
    0x20000221   0x00000003   PAD
    0x20000224   0x00000008   Data   RW         1177    .data               finsh_heap.o
    0x2000022c   0x00000004   Data   RW         1274    .data               finsh_var.o
    0x20000230   0x0000000c   Data   RW         1297    .data               finsh_vm.o
    0x2000023c   0x00000004   Data   RW         1325    .data               shell.o
    0x20000240   0x00000010   Data   RW         1343    .data               symbol.o
    0x20000250   0x00000280   Zero   RW          174    .bss                heartbeat.o
    0x200004d0   0x0000092c   Zero   RW          193    .bss                bluetooth_4_0.o
    0x20000dfc   0x00000110   Zero   RW          273    .bss                usart.o
    0x20000f0c   0x00000004   PAD
    0x20000f10   0x00000480   Zero   RW          850    .bss                idle.o
    0x20001390   0x00000080   Zero   RW          902    .bss                kservice.o
    0x20001410   0x00000020   Zero   RW          919    .bss                mem.o
    0x20001430   0x00000100   Zero   RW          989    .bss                scheduler.o
    0x20001530   0x00000080   Zero   RW         1176    .bss                finsh_heap.o
    0x200015b0   0x00000140   Zero   RW         1210    .bss                finsh_node.o
    0x200016f0   0x000000c0   Zero   RW         1273    .bss                finsh_var.o
    0x200017b0   0x00000180   Zero   RW         1296    .bss                finsh_vm.o
    0x20001930   0x00000880   Zero   RW         1323    .bss                shell.o
    0x200021b0   0x00000060   Zero   RW         1389    .bss                c_w.l(libspace.o)
    0x20002210   0x00000200   Zero   RW          815    HEAP                startup_stm32f4xx.o
    0x20002410   0x00000400   Zero   RW          814    STACK               startup_stm32f4xx.o


==============================================================================

Image component sizes


      Code (inc. data)   RO Data    RW Data    ZI Data      Debug   Object Name

        68          8          0          0          0     260647   application.o
       308         74          0        124       2348       2640   bluetooth_4_0.o
       176         18          0          0          0      19283   board.o
       100          6          0          4          0       1560   clock.o
      3048       1194       1052          4          0      10755   cmd.o
       272         24          0          0          0        792   context_rvds.o
       432        220         19         16          0       3727   cpuport.o
      1032        166        168          0          0       5537   device.o
      6168        154          0          8          0      10602   finsh_compiler.o
        44         10        216         61          0       1649   finsh_error.o
       528         18          0          8        128       3375   finsh_heap.o
        88          6          0          0          0       1628   finsh_init.o
       388          4          0          0        320       3400   finsh_node.o
      2780         36        196          0          0       8776   finsh_ops.o
      2428         32          0          0          0       9717   finsh_parser.o
      1596         16        108          0          0       5944   finsh_token.o
       408         16          0          4        192       7137   finsh_var.o
       228         34          0         12        384       6730   finsh_vm.o
       192         30          0          0        640       1531   heartbeat.o
       360        106         22          4       1152       2819   idle.o
      6672        464        471          0          0      23215   ipc.o
        72          6          0          1          0       1334   irq.o
      2484        168        290          8        128      11264   kservice.o
      2424        586        364         32         32      11418   mem.o
      1068        116         62          8          0       5390   mempool.o
       492         72          0          0          0       2117   misc.o
       816        186         94        164          0       6008   object.o
       804        182         78         28        256       4813   scheduler.o
      1540        296        133          0          0       5817   serial.o
      2508        308         96          4       2176       6195   shell.o
       208         98          0          0          0       1355   startup.o
        64         26        392          0       1536        896   startup_stm32f4xx.o
      5048        350          0          0          0       9041   stm32f4xx_dma.o
      2314        134          0          0          0       5501   stm32f4xx_gpio.o
        64          8          0          0          0       1403   stm32f4xx_it.o
      3436        262          0         16          0      13599   stm32f4xx_rcc.o
      3760        162          0          0          0      10172   stm32f4xx_usart.o
         0          0          0         16          0       4085   symbol.o
       508         44          0         20          0       1999   system_stm32f4xx.o
      1704        244        170          0          0       8390   thread.o
      1364        150         92         16          0       7945   timer.o
       408         50          0         28        272       2537   usart.o

    ----------------------------------------------------------------------
     58404       6084       4062        592       9568     512743   Object Totals
         0          0         32          0          0          0   (incl. Generated)
         2          0          7          6          4          0   (incl. Padding)

    ----------------------------------------------------------------------

      Code (inc. data)   RO Data    RW Data    ZI Data      Debug   Library Member Name

        90          0          0          0          0          0   __dczerorl2.o
         8          0          0          0          0         68   __main.o
        52          8          0          0          0          0   __scatter.o
        28          0          0          0          0          0   __scatter_zi.o
        28          0          0          0          0         68   _chval.o
       158          0          0          0          0         92   _strtoul.o
        26          0          0          0          0         80   atoi.o
        12          0          0          0          0         72   exit.o
         6          0          0          0          0        152   heapauxi.o
         0          0          0          0          0          0   indicate_semi.o
        44         10        272          0          0         76   lc_ctype_c.o
         6          0          0          0          0          0   libinit.o
        20          0          0          0          0          0   libinit2.o
         2          0          0          0          0          0   libshutdown.o
         2          0          0          0          0          0   libshutdown2.o
         8          4          0          0         96         68   libspace.o
        16          4          0          0          0         76   rt_ctype_table.o
         8          4          0          0          0         68   rt_errno_addr_intlibspace.o
         8          4          0          0          0         68   rt_locale_intlibspace.o
        68          0          0          0          0         68   rt_memclr.o
        78          0          0          0          0         80   rt_memclr_w.o
       138          0          0          0          0         68   rt_memcpy_v6.o
       100          0          0          0          0         80   rt_memcpy_w.o
         0          0          0          0          0          0   rtentry.o
        12          0          0          0          0          0   rtentry2.o
         6          0          0          0          0          0   rtentry4.o
         2          0          0          0          0          0   rtexit.o
        10          0          0          0          0          0   rtexit2.o
       128          0          0          0          0         68   strcmpv7m.o
        62          0          0          0          0         76   strlen.o
       150          0          0          0          0         80   strncmp.o
        86          0          0          0          0         76   strncpy.o
       112          0          0          0          0         88   strtol.o
        12          4          0          0          0         68   sys_exit.o
        74          0          0          0          0         80   sys_stackheap_outer.o
         2          0          0          0          0         68   use_no_semi.o
        10          0          0          0          0        116   fpinit.o

    ----------------------------------------------------------------------
      1578         38        272          0         96       1904   Library Totals
         6          0          0          0          0          0   (incl. Padding)

    ----------------------------------------------------------------------

      Code (inc. data)   RO Data    RW Data    ZI Data      Debug   Library Name

      1562         38        272          0         96       1788   c_w.l
        10          0          0          0          0        116   fz_wm.l

    ----------------------------------------------------------------------
      1578         38        272          0         96       1904   Library Totals

    ----------------------------------------------------------------------

==============================================================================


      Code (inc. data)   RO Data    RW Data    ZI Data      Debug   

     59982       6122       4334        592       9664     506355   Grand Totals
     59982       6122       4334        184       9664     506355   ELF Image Totals (compressed)
     59982       6122       4334        184          0          0   ROM Totals

==============================================================================

    Total RO  Size (Code + RO Data)                64316 (  62.81kB)
    Total RW  Size (RW Data + ZI Data)             10256 (  10.02kB)
    Total ROM Size (Code + RO Data + RW Data)      64500 (  62.99kB)

==============================================================================

