Archive member included because of file (symbol)

/STM32/gcc-arm-none-eabi-4_8-2014q1/bin/../lib/gcc/arm-none-eabi/4.8.3/armv7e-m/softfp/libgcc.a(_arm_addsubdf3.o)
                              build/components/libc/minilibc/math.o (__aeabi_dsub)
/STM32/gcc-arm-none-eabi-4_8-2014q1/bin/../lib/gcc/arm-none-eabi/4.8.3/armv7e-m/softfp/libgcc.a(_arm_muldivdf3.o)
                              build/components/libc/minilibc/math.o (__aeabi_dmul)
/STM32/gcc-arm-none-eabi-4_8-2014q1/bin/../lib/gcc/arm-none-eabi/4.8.3/armv7e-m/softfp/libgcc.a(_arm_fixdfsi.o)
                              build/components/libc/minilibc/math.o (__aeabi_d2iz)
/STM32/gcc-arm-none-eabi-4_8-2014q1/bin/../lib/gcc/arm-none-eabi/4.8.3/../../../../arm-none-eabi/lib/armv7e-m/softfp/libc.a(lib_a-exit.o)
                              /STM32/gcc-arm-none-eabi-4_8-2014q1/bin/../lib/gcc/arm-none-eabi/4.8.3/../../../../arm-none-eabi/lib/armv7e-m/softfp/crt0.o (exit)
/STM32/gcc-arm-none-eabi-4_8-2014q1/bin/../lib/gcc/arm-none-eabi/4.8.3/../../../../arm-none-eabi/lib/armv7e-m/softfp/libc.a(lib_a-impure.o)
                              /STM32/gcc-arm-none-eabi-4_8-2014q1/bin/../lib/gcc/arm-none-eabi/4.8.3/../../../../arm-none-eabi/lib/armv7e-m/softfp/libc.a(lib_a-exit.o) (_global_impure_ptr)
/STM32/gcc-arm-none-eabi-4_8-2014q1/bin/../lib/gcc/arm-none-eabi/4.8.3/../../../../arm-none-eabi/lib/armv7e-m/softfp/libc.a(lib_a-init.o)
                              /STM32/gcc-arm-none-eabi-4_8-2014q1/bin/../lib/gcc/arm-none-eabi/4.8.3/../../../../arm-none-eabi/lib/armv7e-m/softfp/crt0.o (__libc_init_array)
/STM32/gcc-arm-none-eabi-4_8-2014q1/bin/../lib/gcc/arm-none-eabi/4.8.3/../../../../arm-none-eabi/lib/armv7e-m/softfp/libc.a(lib_a-__call_atexit.o)
                              /STM32/gcc-arm-none-eabi-4_8-2014q1/bin/../lib/gcc/arm-none-eabi/4.8.3/../../../../arm-none-eabi/lib/armv7e-m/softfp/libc.a(lib_a-exit.o) (__call_exitprocs)
/STM32/gcc-arm-none-eabi-4_8-2014q1/bin/../lib/gcc/arm-none-eabi/4.8.3/../../../../arm-none-eabi/lib/armv7e-m/softfp/libc.a(lib_a-atexit.o)
                              /STM32/gcc-arm-none-eabi-4_8-2014q1/bin/../lib/gcc/arm-none-eabi/4.8.3/../../../../arm-none-eabi/lib/armv7e-m/softfp/libc.a(lib_a-__call_atexit.o) (atexit)
/STM32/gcc-arm-none-eabi-4_8-2014q1/bin/../lib/gcc/arm-none-eabi/4.8.3/../../../../arm-none-eabi/lib/armv7e-m/softfp/libc.a(lib_a-fini.o)
                              /STM32/gcc-arm-none-eabi-4_8-2014q1/bin/../lib/gcc/arm-none-eabi/4.8.3/../../../../arm-none-eabi/lib/armv7e-m/softfp/libc.a(lib_a-__call_atexit.o) (__libc_fini_array)
/STM32/gcc-arm-none-eabi-4_8-2014q1/bin/../lib/gcc/arm-none-eabi/4.8.3/../../../../arm-none-eabi/lib/armv7e-m/softfp/libc.a(lib_a-__atexit.o)
                              /STM32/gcc-arm-none-eabi-4_8-2014q1/bin/../lib/gcc/arm-none-eabi/4.8.3/../../../../arm-none-eabi/lib/armv7e-m/softfp/libc.a(lib_a-atexit.o) (__register_exitproc)

Allocating common symbols
Common symbol       size              file

rt_interrupt_to_thread
                    0x4               build/libcpu/arm/cortex-m4/cpuport.o
rt_interrupt_from_thread
                    0x4               build/libcpu/arm/cortex-m4/cpuport.o
global_sysvar_list  0x4               build/components/finsh/finsh_var.o
finsh_heap          0x80              build/components/finsh/finsh_heap.o
thread_ble          0x80              build/applications/bluetooth_4_0.o
cmd_func            0x4               build/applications/bluetooth_4_0.o
shell               0x4               build/components/finsh/shell.o
rt_thread_switch_interrupt_flag
                    0x4               build/libcpu/arm/cortex-m4/cpuport.o
text_segment        0x80              build/components/finsh/finsh_vm.o
uart3_int_rx        0x48              build/drivers/usart.o
finsh_compile_pc    0x4               build/components/finsh/finsh_compiler.o
finsh_vm_stack      0x100             build/components/finsh/finsh_vm.o
global_errno        0x1               build/components/finsh/finsh_error.o
rt_thread_priority_table
                    0x100             build/src/scheduler.o
rt_object_put_hook  0x4               build/src/object.o
rt_current_priority
                    0x1               build/src/scheduler.o
thread_heartbeat    0x80              build/applications/heartbeat.o
rt_interrupt_nest   0x1               build/src/irq.o
rt_object_take_hook
                    0x4               build/src/object.o
rt_current_thread   0x4               build/src/scheduler.o
rt_thread_ready_priority_group
                    0x4               build/src/scheduler.o
rt_thread_defunct   0x8               build/src/scheduler.o
global_node_table   0x140             build/components/finsh/finsh_node.o
finsh_compile_sp    0x4               build/components/finsh/finsh_compiler.o
uart1_int_rx        0x48              build/drivers/usart.o
finsh_pc            0x4               build/components/finsh/finsh_vm.o
uart3_device        0x40              build/drivers/usart.o
[...]
Memory Configuration

Name             Origin             Length             Attributes
CODE             0x0000000008000000 0x0000000000080000 xr
DATA             0x0000000020000000 0x0000000000010000 rw
*default*        0x0000000000000000 0xffffffffffffffff

Linker script and memory map

LOAD /STM32/gcc-arm-none-eabi-4_8-2014q1/bin/../lib/gcc/arm-none-eabi/4.8.3/armv7e-m/softfp/crti.o
LOAD /STM32/gcc-arm-none-eabi-4_8-2014q1/bin/../lib/gcc/arm-none-eabi/4.8.3/armv7e-m/softfp/crtbegin.o
LOAD /STM32/gcc-arm-none-eabi-4_8-2014q1/bin/../lib/gcc/arm-none-eabi/4.8.3/../../../../arm-none-eabi/lib/armv7e-m/softfp/crt0.o
LOAD build/applications/application.o
LOAD build/applications/bluetooth_4_0.o
LOAD build/applications/heartbeat.o
LOAD build/applications/startup.o
LOAD build/drivers/board.o
LOAD build/drivers/serial.o
LOAD build/drivers/stm32f4xx_it.o
LOAD build/drivers/usart.o
LOAD build/Libraries/CMSIS/ST/STM32F4xx/Source/Templates/system_stm32f4xx.o
LOAD build/Libraries/STM32F4xx_StdPeriph_Driver/src/misc.o
LOAD build/Libraries/STM32F4xx_StdPeriph_Driver/src/stm32f4xx_adc.o
LOAD build/Libraries/STM32F4xx_StdPeriph_Driver/src/stm32f4xx_can.o
LOAD build/Libraries/STM32F4xx_StdPeriph_Driver/src/stm32f4xx_crc.o
LOAD build/Libraries/STM32F4xx_StdPeriph_Driver/src/stm32f4xx_cryp.o
LOAD build/Libraries/STM32F4xx_StdPeriph_Driver/src/stm32f4xx_cryp_aes.o
LOAD build/Libraries/STM32F4xx_StdPeriph_Driver/src/stm32f4xx_cryp_des.o
LOAD build/Libraries/STM32F4xx_StdPeriph_Driver/src/stm32f4xx_cryp_tdes.o
LOAD build/Libraries/STM32F4xx_StdPeriph_Driver/src/stm32f4xx_dac.o
LOAD build/Libraries/STM32F4xx_StdPeriph_Driver/src/stm32f4xx_dbgmcu.o
LOAD build/Libraries/STM32F4xx_StdPeriph_Driver/src/stm32f4xx_dcmi.o
LOAD build/Libraries/STM32F4xx_StdPeriph_Driver/src/stm32f4xx_dma.o
LOAD build/Libraries/STM32F4xx_StdPeriph_Driver/src/stm32f4xx_exti.o
LOAD build/Libraries/STM32F4xx_StdPeriph_Driver/src/stm32f4xx_flash.o
LOAD build/Libraries/STM32F4xx_StdPeriph_Driver/src/stm32f4xx_fsmc.o
LOAD build/Libraries/STM32F4xx_StdPeriph_Driver/src/stm32f4xx_gpio.o
LOAD build/Libraries/STM32F4xx_StdPeriph_Driver/src/stm32f4xx_hash.o
LOAD build/Libraries/STM32F4xx_StdPeriph_Driver/src/stm32f4xx_hash_md5.o
LOAD build/Libraries/STM32F4xx_StdPeriph_Driver/src/stm32f4xx_hash_sha1.o
LOAD build/Libraries/STM32F4xx_StdPeriph_Driver/src/stm32f4xx_i2c.o
LOAD build/Libraries/STM32F4xx_StdPeriph_Driver/src/stm32f4xx_iwdg.o
LOAD build/Libraries/STM32F4xx_StdPeriph_Driver/src/stm32f4xx_pwr.o
LOAD build/Libraries/STM32F4xx_StdPeriph_Driver/src/stm32f4xx_rcc.o
LOAD build/Libraries/STM32F4xx_StdPeriph_Driver/src/stm32f4xx_rng.o
LOAD build/Libraries/STM32F4xx_StdPeriph_Driver/src/stm32f4xx_rtc.o
LOAD build/Libraries/STM32F4xx_StdPeriph_Driver/src/stm32f4xx_sdio.o
LOAD build/Libraries/STM32F4xx_StdPeriph_Driver/src/stm32f4xx_spi.o
LOAD build/Libraries/STM32F4xx_StdPeriph_Driver/src/stm32f4xx_syscfg.o
LOAD build/Libraries/STM32F4xx_StdPeriph_Driver/src/stm32f4xx_tim.o
LOAD build/Libraries/STM32F4xx_StdPeriph_Driver/src/stm32f4xx_usart.o
LOAD build/Libraries/STM32F4xx_StdPeriph_Driver/src/stm32f4xx_wwdg.o
LOAD build/Libraries/CMSIS/ST/STM32F4xx/Source/Templates/gcc_ride7/startup_stm32f4xx.o
LOAD build/src/clock.o
LOAD build/src/device.o
LOAD build/src/idle.o
LOAD build/src/ipc.o
LOAD build/src/irq.o
LOAD build/src/kservice.o
LOAD build/src/mem.o
LOAD build/src/mempool.o
LOAD build/src/object.o
LOAD build/src/scheduler.o
LOAD build/src/thread.o
LOAD build/src/timer.o
LOAD build/libcpu/arm/cortex-m4/cpuport.o
LOAD build/libcpu/arm/cortex-m4/context_gcc.o
LOAD build/libcpu/arm/common/backtrace.o
LOAD build/libcpu/arm/common/div0.o
LOAD build/libcpu/arm/common/showmem.o
LOAD build/components/finsh/shell.o
LOAD build/components/finsh/symbol.o
LOAD build/components/finsh/cmd.o
LOAD build/components/finsh/finsh_compiler.o
LOAD build/components/finsh/finsh_error.o
LOAD build/components/finsh/finsh_heap.o
LOAD build/components/finsh/finsh_init.o
LOAD build/components/finsh/finsh_node.o
LOAD build/components/finsh/finsh_ops.o
LOAD build/components/finsh/finsh_parser.o
LOAD build/components/finsh/finsh_var.o
LOAD build/components/finsh/finsh_vm.o
LOAD build/components/finsh/finsh_token.o
LOAD build/components/libc/minilibc/ctype.o
LOAD build/components/libc/minilibc/math.o
LOAD build/components/libc/minilibc/qsort.o
LOAD build/components/libc/minilibc/rand.o
LOAD build/components/libc/minilibc/stdlib.o
LOAD build/components/libc/minilibc/string.o
LOAD build/components/libc/minilibc/time.o
START GROUP
LOAD /STM32/gcc-arm-none-eabi-4_8-2014q1/bin/../lib/gcc/arm-none-eabi/4.8.3/armv7e-m/softfp/libgcc.a
LOAD /STM32/gcc-arm-none-eabi-4_8-2014q1/bin/../lib/gcc/arm-none-eabi/4.8.3/../../../../arm-none-eabi/lib/armv7e-m/softfp/libc.a
END GROUP
LOAD /STM32/gcc-arm-none-eabi-4_8-2014q1/bin/../lib/gcc/arm-none-eabi/4.8.3/armv7e-m/softfp/crtend.o
LOAD /STM32/gcc-arm-none-eabi-4_8-2014q1/bin/../lib/gcc/arm-none-eabi/4.8.3/armv7e-m/softfp/crtn.o
                0x0000000000000100                _system_stack_size = 0x100

.text           0x0000000008000000     0xdc74
                0x0000000008000000                . = ALIGN (0x4)
                0x0000000008000000                _stext = .
 *(.isr_vector)
 .isr_vector    0x0000000008000000      0x188 build/Libraries/CMSIS/ST/STM32F4xx/Source/Templates/gcc_ride7/startup_stm32f4xx.o
                0x0000000008000000                g_pfnVectors
                0x0000000008000188                . = ALIGN (0x4)
 *(.text)
 .text          0x0000000008000188      0x114 build/libcpu/arm/cortex-m4/context_gcc.o
                0x0000000008000188                rt_hw_interrupt_disable
                0x0000000008000190                rt_hw_interrupt_enable
                0x0000000008000196                rt_hw_context_switch
                0x0000000008000196                rt_hw_context_switch_interrupt
                0x00000000080001b6                PendSV_Handler
                0x0000000008000222                rt_hw_context_switch_to
                0x0000000008000264                rt_hw_interrupt_thread_switch
                0x0000000008000268                HardFault_Handler
 *(.text.*)
 .text.nano_board_init
                0x000000000800029c       0x10 build/applications/application.o
                0x000000000800029c                nano_board_init
 .text.rt_init_thread_entry
                0x00000000080002ac       0x14 build/applications/application.o
                0x00000000080002ac                rt_init_thread_entry
 .text.rt_application_init
                0x00000000080002c0       0x3c build/applications/application.o
                0x00000000080002c0                rt_application_init
 .text.uart_input
                0x00000000080002fc       0x34 build/applications/bluetooth_4_0.o
                0x00000000080002fc                uart_input
 .text.uart_sync_show
                0x0000000008000330       0x54 build/applications/bluetooth_4_0.o
                0x0000000008000330                uart_sync_show
 .text.rt_thread_entry_ble
                0x0000000008000384       0x80 build/applications/bluetooth_4_0.o
 .text.nano_board_ble_init
                0x0000000008000404       0x70 build/applications/bluetooth_4_0.o
                0x0000000008000404                nano_board_ble_init
 .text.GPIO_Configuration
                0x0000000008000474       0x38 build/applications/heartbeat.o
 .text.rt_thread_entry_heartbeat
                0x00000000080004ac       0x54 build/applications/heartbeat.o
 .text.nano_board_heartbeat_init
                0x0000000008000500       0x44 build/applications/heartbeat.o
                0x0000000008000500                nano_board_heartbeat_init
 .text.assert_failed
                0x0000000008000544       0x30 build/applications/startup.o
                0x0000000008000544                assert_failed
 .text.rtthread_startup
                0x0000000008000574       0x54 build/applications/startup.o
                0x0000000008000574                rtthread_startup
 .text.main     0x00000000080005c8       0x14 build/applications/startup.o
                0x00000000080005c8                main
 .text.NVIC_SetPriority
                0x00000000080005dc       0x54 build/drivers/board.o
 .text.SysTick_Config
                0x0000000008000630       0x44 build/drivers/board.o
 .text.NVIC_Configuration
                0x0000000008000674       0x18 build/drivers/board.o
                0x0000000008000674                NVIC_Configuration
 .text.SysTick_Configuration
                0x000000000800068c       0x38 build/drivers/board.o
                0x000000000800068c                SysTick_Configuration
 .text.SysTick_Handler
                0x00000000080006c4       0x14 build/drivers/board.o
                0x00000000080006c4                SysTick_Handler
 .text.rt_hw_board_init
                0x00000000080006d8       0x1c build/drivers/board.o
                0x00000000080006d8                rt_hw_board_init
 .text.rt_serial_init
                0x00000000080006f4       0xd8 build/drivers/serial.o
 .text.rt_serial_open
                0x00000000080007cc       0x1c build/drivers/serial.o
 .text.rt_serial_close
                0x00000000080007e8       0x18 build/drivers/serial.o
 .text.rt_serial_read
                0x0000000008000800       0xe0 build/drivers/serial.o
 .text.rt_serial_enable_dma
                0x00000000080008e0       0x5c build/drivers/serial.o
 .text.rt_serial_write
                0x000000000800093c      0x1a0 build/drivers/serial.o
 .text.rt_serial_control
                0x0000000008000adc       0x90 build/drivers/serial.o
 .text.rt_hw_serial_register
                0x0000000008000b6c       0xe4 build/drivers/serial.o
                0x0000000008000b6c                rt_hw_serial_register
 .text.rt_hw_serial_isr
                0x0000000008000c50      0x14c build/drivers/serial.o
                0x0000000008000c50                rt_hw_serial_isr
 .text.NMI_Handler
                0x0000000008000d9c        0xc build/drivers/stm32f4xx_it.o
                0x0000000008000d9c                NMI_Handler
 .text.MemManage_Handler
                0x0000000008000da8        0x8 build/drivers/stm32f4xx_it.o
                0x0000000008000da8                MemManage_Handler
 .text.BusFault_Handler
                0x0000000008000db0        0x8 build/drivers/stm32f4xx_it.o
                0x0000000008000db0                BusFault_Handler
 .text.UsageFault_Handler
                0x0000000008000db8        0x8 build/drivers/stm32f4xx_it.o
                0x0000000008000db8                UsageFault_Handler
 .text.SVC_Handler
                0x0000000008000dc0        0xc build/drivers/stm32f4xx_it.o
                0x0000000008000dc0                SVC_Handler
 .text.DebugMon_Handler
                0x0000000008000dcc        0xc build/drivers/stm32f4xx_it.o
                0x0000000008000dcc                DebugMon_Handler
 .text.USART1_IRQHandler
                0x0000000008000dd8       0x18 build/drivers/stm32f4xx_it.o
                0x0000000008000dd8                USART1_IRQHandler
 .text.USART2_IRQHandler
                0x0000000008000df0        0xc build/drivers/stm32f4xx_it.o
                0x0000000008000df0                USART2_IRQHandler
 .text.USART3_IRQHandler
                0x0000000008000dfc       0x18 build/drivers/stm32f4xx_it.o
                0x0000000008000dfc                USART3_IRQHandler
 .text.RCC_Configuration
                0x0000000008000e14       0x28 build/drivers/usart.o
 .text.GPIO_Configuration
                0x0000000008000e3c       0x7c build/drivers/usart.o
 .text.NVIC_Configuration
                0x0000000008000eb8       0x3c build/drivers/usart.o
 .text.rt_hw_usart_init
                0x0000000008000ef4       0xb4 build/drivers/usart.o
                0x0000000008000ef4                rt_hw_usart_init
 .text.SystemInit
                0x0000000008000fa8       0x68 build/Libraries/CMSIS/ST/STM32F4xx/Source/Templates/system_stm32f4xx.o
                0x0000000008000fa8                SystemInit
 .text.SetSysClock
                0x0000000008001010       0xf4 build/Libraries/CMSIS/ST/STM32F4xx/Source/Templates/system_stm32f4xx.o
 .text.NVIC_PriorityGroupConfig
                0x0000000008001104       0x54 build/Libraries/STM32F4xx_StdPeriph_Driver/src/misc.o
                0x0000000008001104                NVIC_PriorityGroupConfig
 .text.NVIC_Init
                0x0000000008001158       0xf4 build/Libraries/STM32F4xx_StdPeriph_Driver/src/misc.o
                0x0000000008001158                NVIC_Init
 .text.NVIC_SetVectorTable
                0x000000000800124c       0x58 build/Libraries/STM32F4xx_StdPeriph_Driver/src/misc.o
                0x000000000800124c                NVIC_SetVectorTable
 .text.SysTick_CLKSourceConfig
                0x00000000080012a4       0x4c build/Libraries/STM32F4xx_StdPeriph_Driver/src/misc.o
                0x00000000080012a4                SysTick_CLKSourceConfig
 .text.DMA_Cmd  0x00000000080012f0      0x118 build/Libraries/STM32F4xx_StdPeriph_Driver/src/stm32f4xx_dma.o
                0x00000000080012f0                DMA_Cmd
 .text.GPIO_Init
                0x0000000008001408      0x22c build/Libraries/STM32F4xx_StdPeriph_Driver/src/stm32f4xx_gpio.o
                0x0000000008001408                GPIO_Init
 .text.GPIO_SetBits
                0x0000000008001634       0xa4 build/Libraries/STM32F4xx_StdPeriph_Driver/src/stm32f4xx_gpio.o
                0x0000000008001634                GPIO_SetBits
 .text.GPIO_ResetBits
                0x00000000080016d8       0xa4 build/Libraries/STM32F4xx_StdPeriph_Driver/src/stm32f4xx_gpio.o
                0x00000000080016d8                GPIO_ResetBits
 .text.GPIO_PinAFConfig
                0x000000000800177c      0x250 build/Libraries/STM32F4xx_StdPeriph_Driver/src/stm32f4xx_gpio.o
                0x000000000800177c                GPIO_PinAFConfig
 .text.RCC_GetClocksFreq
                0x00000000080019cc      0x154 build/Libraries/STM32F4xx_StdPeriph_Driver/src/stm32f4xx_rcc.o
                0x00000000080019cc                RCC_GetClocksFreq
 .text.RCC_AHB1PeriphClockCmd
                0x0000000008001b20       0x70 build/Libraries/STM32F4xx_StdPeriph_Driver/src/stm32f4xx_rcc.o
                0x0000000008001b20                RCC_AHB1PeriphClockCmd
 .text.RCC_APB1PeriphClockCmd
                0x0000000008001b90       0x70 build/Libraries/STM32F4xx_StdPeriph_Driver/src/stm32f4xx_rcc.o
                0x0000000008001b90                RCC_APB1PeriphClockCmd
 .text.RCC_APB2PeriphClockCmd
                0x0000000008001c00       0x70 build/Libraries/STM32F4xx_StdPeriph_Driver/src/stm32f4xx_rcc.o
                0x0000000008001c00                RCC_APB2PeriphClockCmd
 .text.USART_Init
                0x0000000008001c70      0x2cc build/Libraries/STM32F4xx_StdPeriph_Driver/src/stm32f4xx_usart.o
                0x0000000008001c70                USART_Init
 .text.USART_Cmd
                0x0000000008001f3c       0xa8 build/Libraries/STM32F4xx_StdPeriph_Driver/src/stm32f4xx_usart.o
                0x0000000008001f3c                USART_Cmd
 .text.USART_ITConfig
                0x0000000008001fe4      0x17c build/Libraries/STM32F4xx_StdPeriph_Driver/src/stm32f4xx_usart.o
                0x0000000008001fe4                USART_ITConfig
 .text.USART_GetITStatus
                0x0000000008002160      0x1ac build/Libraries/STM32F4xx_StdPeriph_Driver/src/stm32f4xx_usart.o
                0x0000000008002160                USART_GetITStatus
 .text.USART_ClearITPendingBit
                0x000000000800230c       0xf0 build/Libraries/STM32F4xx_StdPeriph_Driver/src/stm32f4xx_usart.o
                0x000000000800230c                USART_ClearITPendingBit
 .text.Reset_Handler
                0x00000000080023fc       0x4c build/Libraries/CMSIS/ST/STM32F4xx/Source/Templates/gcc_ride7/startup_stm32f4xx.o
                0x00000000080023fc                Reset_Handler
 .text.Default_Handler
                0x0000000008002448        0x4 build/Libraries/CMSIS/ST/STM32F4xx/Source/Templates/gcc_ride7/startup_stm32f4xx.o
                0x0000000008002448                DMA1_Stream3_IRQHandler
                0x0000000008002448                HASH_RNG_IRQHandler
                0x0000000008002448                EXTI2_IRQHandler
                0x0000000008002448                TIM8_CC_IRQHandler
                0x0000000008002448                TIM1_CC_IRQHandler
                0x0000000008002448                DMA2_Stream5_IRQHandler
                0x0000000008002448                DMA1_Stream5_IRQHandler
                0x0000000008002448                PVD_IRQHandler
                0x0000000008002448                SDIO_IRQHandler
                0x0000000008002448                TAMP_STAMP_IRQHandler
                0x0000000008002448                CAN2_RX1_IRQHandler
                0x0000000008002448                EXTI3_IRQHandler
                0x0000000008002448                TIM8_TRG_COM_TIM14_IRQHandler
                0x0000000008002448                TIM1_UP_TIM10_IRQHandler
                0x0000000008002448                TIM8_UP_TIM13_IRQHandler
                0x0000000008002448                I2C3_ER_IRQHandler
                0x0000000008002448                EXTI0_IRQHandler
                0x0000000008002448                I2C2_EV_IRQHandler
                0x0000000008002448                DMA1_Stream2_IRQHandler
                0x0000000008002448                CAN1_RX0_IRQHandler
                0x0000000008002448                FPU_IRQHandler
                0x0000000008002448                OTG_HS_WKUP_IRQHandler
                0x0000000008002448                CAN2_SCE_IRQHandler
                0x0000000008002448                DMA2_Stream2_IRQHandler
                0x0000000008002448                SPI1_IRQHandler
                0x0000000008002448                TIM6_DAC_IRQHandler
                0x0000000008002448                TIM1_BRK_TIM9_IRQHandler
                0x0000000008002448                DCMI_IRQHandler
                0x0000000008002448                CAN2_RX0_IRQHandler
                0x0000000008002448                DMA2_Stream3_IRQHandler
                0x0000000008002448                USART6_IRQHandler
                0x0000000008002448                CRYP_IRQHandler
                0x0000000008002448                CAN1_RX1_IRQHandler
                0x0000000008002448                UART5_IRQHandler
                0x0000000008002448                DMA2_Stream0_IRQHandler
                0x0000000008002448                TIM4_IRQHandler
                0x0000000008002448                I2C1_EV_IRQHandler
                0x0000000008002448                DMA1_Stream6_IRQHandler
                0x0000000008002448                DMA1_Stream1_IRQHandler
                0x0000000008002448                UART4_IRQHandler
                0x0000000008002448                TIM3_IRQHandler
                0x0000000008002448                RCC_IRQHandler
                0x0000000008002448                TIM8_BRK_TIM12_IRQHandler
                0x0000000008002448                Default_Handler
                0x0000000008002448                EXTI15_10_IRQHandler
                0x0000000008002448                ADC_IRQHandler
                0x0000000008002448                DMA1_Stream7_IRQHandler
                0x0000000008002448                TIM7_IRQHandler
                0x0000000008002448                CAN2_TX_IRQHandler
                0x0000000008002448                TIM5_IRQHandler
                0x0000000008002448                DMA2_Stream7_IRQHandler
                0x0000000008002448                I2C3_EV_IRQHandler
                0x0000000008002448                EXTI9_5_IRQHandler
                0x0000000008002448                RTC_WKUP_IRQHandler
                0x0000000008002448                ETH_WKUP_IRQHandler
                0x0000000008002448                SPI2_IRQHandler
                0x0000000008002448                OTG_HS_EP1_IN_IRQHandler
                0x0000000008002448                DMA1_Stream0_IRQHandler
                0x0000000008002448                CAN1_TX_IRQHandler
                0x0000000008002448                EXTI4_IRQHandler
                0x0000000008002448                FSMC_IRQHandler
                0x0000000008002448                ETH_IRQHandler
                0x0000000008002448                OTG_HS_EP1_OUT_IRQHandler
                0x0000000008002448                WWDG_IRQHandler
                0x0000000008002448                TIM2_IRQHandler
                0x0000000008002448                OTG_FS_WKUP_IRQHandler
                0x0000000008002448                TIM1_TRG_COM_TIM11_IRQHandler
                0x0000000008002448                OTG_HS_IRQHandler
                0x0000000008002448                EXTI1_IRQHandler
                0x0000000008002448                I2C2_ER_IRQHandler
                0x0000000008002448                DMA2_Stream1_IRQHandler
                0x0000000008002448                CAN1_SCE_IRQHandler
                0x0000000008002448                FLASH_IRQHandler
                0x0000000008002448                DMA2_Stream4_IRQHandler
                0x0000000008002448                OTG_FS_IRQHandler
                0x0000000008002448                SPI3_IRQHandler
                0x0000000008002448                DMA1_Stream4_IRQHandler
                0x0000000008002448                I2C1_ER_IRQHandler
                0x0000000008002448                DMA2_Stream6_IRQHandler
                0x0000000008002448                RTC_Alarm_IRQHandler
 .text.rt_system_tick_init
                0x000000000800244c        0xc build/src/clock.o
                0x000000000800244c                rt_system_tick_init
 .text.rt_tick_get
                0x0000000008002458       0x18 build/src/clock.o
                0x0000000008002458                rt_tick_get
 .text.rt_tick_increase
                0x0000000008002470       0x44 build/src/clock.o
                0x0000000008002470                rt_tick_increase
 .text.rt_device_register
                0x00000000080024b4       0x50 build/src/device.o
                0x00000000080024b4                rt_device_register
 .text.rt_device_init_all
                0x0000000008002504       0x7c build/src/device.o
                0x0000000008002504                rt_device_init_all
 .text.rt_device_find
                0x0000000008002580       0x78 build/src/device.o
                0x0000000008002580                rt_device_find
 .text.rt_device_open
                0x00000000080025f8      0x10c build/src/device.o
                0x00000000080025f8                rt_device_open
 .text.rt_device_close
                0x0000000008002704       0x90 build/src/device.o
                0x0000000008002704                rt_device_close
 .text.rt_device_read
                0x0000000008002794       0x7c build/src/device.o
                0x0000000008002794                rt_device_read
 .text.rt_device_write
                0x0000000008002810       0x7c build/src/device.o
                0x0000000008002810                rt_device_write
 .text.rt_device_set_rx_indicate
                0x000000000800288c       0x48 build/src/device.o
                0x000000000800288c                rt_device_set_rx_indicate
 .text.rt_list_remove
                0x00000000080028d4       0x34 build/src/idle.o
 .text.rt_list_isempty
                0x0000000008002908       0x24 build/src/idle.o
 .text.rt_thread_idle_excute
                0x000000000800292c       0xcc build/src/idle.o
                0x000000000800292c                rt_thread_idle_excute
 .text.rt_thread_idle_entry
                0x00000000080029f8       0x20 build/src/idle.o
 .text.rt_thread_idle_init
                0x0000000008002a18       0x40 build/src/idle.o
                0x0000000008002a18                rt_thread_idle_init
 .text.rt_list_init
                0x0000000008002a58       0x20 build/src/ipc.o
 .text.rt_list_insert_before
                0x0000000008002a78       0x30 build/src/ipc.o
 .text.rt_list_isempty
                0x0000000008002aa8       0x24 build/src/ipc.o
 .text.rt_ipc_object_init
                0x0000000008002acc       0x1c build/src/ipc.o
 .text.rt_ipc_list_suspend
                0x0000000008002ae8       0x90 build/src/ipc.o
 .text.rt_ipc_list_resume
                0x0000000008002b78       0x20 build/src/ipc.o
 .text.rt_sem_init
                0x0000000008002b98       0x68 build/src/ipc.o
                0x0000000008002b98                rt_sem_init
 .text.rt_sem_take
                0x0000000008002c00      0x17c build/src/ipc.o
                0x0000000008002c00                rt_sem_take
 .text.rt_sem_release
                0x0000000008002d7c       0x68 build/src/ipc.o
                0x0000000008002d7c                rt_sem_release
 .text.rt_mq_init
                0x0000000008002de4       0xd4 build/src/ipc.o
                0x0000000008002de4                rt_mq_init
 .text.rt_mq_send
                0x0000000008002eb8      0x168 build/src/ipc.o
                0x0000000008002eb8                rt_mq_send
 .text.rt_mq_recv
                0x0000000008003020      0x28c build/src/ipc.o
                0x0000000008003020                rt_mq_recv
 .text.rt_interrupt_enter
                0x00000000080032ac       0x2c build/src/irq.o
                0x00000000080032ac                rt_interrupt_enter
 .text.rt_interrupt_leave
                0x00000000080032d8       0x2c build/src/irq.o
                0x00000000080032d8                rt_interrupt_leave
 .text.rt_interrupt_get_nest
                0x0000000008003304       0x18 build/src/irq.o
                0x0000000008003304                rt_interrupt_get_nest
 .text.rt_set_errno
                0x000000000800331c       0x40 build/src/kservice.o
                0x000000000800331c                rt_set_errno
 .text.rt_memset
                0x000000000800335c       0xb8 build/src/kservice.o
                0x000000000800335c                memset
                0x000000000800335c                rt_memset
 .text.rt_memcpy
                0x0000000008003414       0xd4 build/src/kservice.o
                0x0000000008003414                memcpy
                0x0000000008003414                rt_memcpy
 .text.rt_memmove
                0x00000000080034e8       0x84 build/src/kservice.o
                0x00000000080034e8                memmove
                0x00000000080034e8                rt_memmove
 .text.rt_strncpy
                0x000000000800356c       0x64 build/src/kservice.o
                0x000000000800356c                rt_strncpy
 .text.rt_strncmp
                0x00000000080035d0       0x4c build/src/kservice.o
                0x00000000080035d0                rt_strncmp
 .text.rt_strlen
                0x000000000800361c       0x30 build/src/kservice.o
                0x000000000800361c                rt_strlen
                0x000000000800361c                strlen
 .text.rt_show_version
                0x000000000800364c       0x40 build/src/kservice.o
                0x000000000800364c                rt_show_version
 .text.divide   0x000000000800368c       0x68 build/src/kservice.o
 .text.skip_atoi
                0x00000000080036f4       0x40 build/src/kservice.o
 .text.print_number
                0x0000000008003734      0x1d4 build/src/kservice.o
 .text.rt_vsnprintf
                0x0000000008003908      0x548 build/src/kservice.o
                0x0000000008003908                rt_vsnprintf
 .text.rt_console_get_device
                0x0000000008003e50       0x18 build/src/kservice.o
                0x0000000008003e50                rt_console_get_device
 .text.rt_console_set_device
                0x0000000008003e68       0x50 build/src/kservice.o
                0x0000000008003e68                rt_console_set_device
 .text.rt_hw_console_output
                0x0000000008003eb8       0x14 build/src/kservice.o
                0x0000000008003eb8                rt_hw_console_output
 .text.rt_kprintf
                0x0000000008003ecc       0x80 build/src/kservice.o
                0x0000000008003ecc                rt_kprintf
 .text.__rt_ffs
                0x0000000008003f4c       0x74 build/src/kservice.o
                0x0000000008003f4c                __rt_ffs
 .text.plug_holes
                0x0000000008003fc0      0x134 build/src/mem.o
 .text.rt_system_heap_init
                0x00000000080040f4      0x130 build/src/mem.o
                0x00000000080040f4                rt_system_heap_init
 .text.rt_malloc
                0x0000000008004224      0x2f0 build/src/mem.o
                0x0000000008004224                rt_malloc
 .text.rt_free  0x0000000008004514      0x1a0 build/src/mem.o
                0x0000000008004514                rt_free
 .text.list_mem
                0x00000000080046b4       0x44 build/src/mem.o
                0x00000000080046b4                list_mem
 .text.rt_list_init
                0x00000000080046f8       0x20 build/src/mempool.o
 .text.rt_list_insert_after
                0x0000000008004718       0x30 build/src/mempool.o
 .text.rt_mp_init
                0x0000000008004748       0xe8 build/src/mempool.o
                0x0000000008004748                rt_mp_init
 .text.rt_mp_alloc
                0x0000000008004830      0x144 build/src/mempool.o
                0x0000000008004830                rt_mp_alloc
 .text.rt_list_insert_after
                0x0000000008004974       0x30 build/src/object.o
 .text.rt_list_remove
                0x00000000080049a4       0x34 build/src/object.o
 .text.rt_system_object_init
                0x00000000080049d8        0xc build/src/object.o
                0x00000000080049d8                rt_system_object_init
 .text.rt_object_init
                0x00000000080049e4       0x6c build/src/object.o
                0x00000000080049e4                rt_object_init
 .text.rt_object_detach
                0x0000000008004a50       0x64 build/src/object.o
                0x0000000008004a50                rt_object_detach
 .text.rt_object_allocate
                0x0000000008004ab4       0xcc build/src/object.o
                0x0000000008004ab4                rt_object_allocate
 .text.rt_object_delete
                0x0000000008004b80       0x98 build/src/object.o
                0x0000000008004b80                rt_object_delete
 .text.rt_object_is_systemobject
                0x0000000008004c18       0x50 build/src/object.o
                0x0000000008004c18                rt_object_is_systemobject
 .text.rt_list_init
                0x0000000008004c68       0x20 build/src/scheduler.o
 .text.rt_list_insert_before
                0x0000000008004c88       0x30 build/src/scheduler.o
 .text.rt_list_remove
                0x0000000008004cb8       0x34 build/src/scheduler.o
 .text.rt_list_isempty
                0x0000000008004cec       0x24 build/src/scheduler.o
 .text._rt_scheduler_stack_check
                0x0000000008004d10       0xa0 build/src/scheduler.o
 .text.rt_system_scheduler_init
                0x0000000008004db0       0x54 build/src/scheduler.o
                0x0000000008004db0                rt_system_scheduler_init
 .text.rt_system_scheduler_start
                0x0000000008004e04       0x3c build/src/scheduler.o
                0x0000000008004e04                rt_system_scheduler_start
 .text.rt_schedule
                0x0000000008004e40       0xbc build/src/scheduler.o
                0x0000000008004e40                rt_schedule
 .text.rt_schedule_insert_thread
                0x0000000008004efc       0x80 build/src/scheduler.o
                0x0000000008004efc                rt_schedule_insert_thread
 .text.rt_schedule_remove_thread
                0x0000000008004f7c       0x84 build/src/scheduler.o
                0x0000000008004f7c                rt_schedule_remove_thread
 .text.rt_enter_critical
                0x0000000008005000       0x24 build/src/scheduler.o
                0x0000000008005000                rt_enter_critical
 .text.rt_exit_critical
                0x0000000008005024       0x40 build/src/scheduler.o
                0x0000000008005024                rt_exit_critical
 .text.rt_list_init
                0x0000000008005064       0x20 build/src/thread.o
 .text.rt_list_insert_after
                0x0000000008005084       0x30 build/src/thread.o
 .text.rt_list_insert_before
                0x00000000080050b4       0x30 build/src/thread.o
 .text.rt_list_remove
                0x00000000080050e4       0x34 build/src/thread.o
 .text.rt_thread_exit
                0x0000000008005118       0x6c build/src/thread.o
 .text._rt_thread_init
                0x0000000008005184      0x100 build/src/thread.o
 .text.rt_thread_init
                0x0000000008005284       0x90 build/src/thread.o
                0x0000000008005284                rt_thread_init
 .text.rt_thread_self
                0x0000000008005314       0x18 build/src/thread.o
                0x0000000008005314                rt_thread_self
 .text.rt_thread_startup
                0x000000000800532c       0xa0 build/src/thread.o
                0x000000000800532c                rt_thread_startup
 .text.rt_thread_create
                0x00000000080053cc       0x64 build/src/thread.o
                0x00000000080053cc                rt_thread_create
 .text.rt_thread_yield
                0x0000000008005430       0x70 build/src/thread.o
                0x0000000008005430                rt_thread_yield
 .text.rt_thread_sleep
                0x00000000080054a0       0x8c build/src/thread.o
                0x00000000080054a0                rt_thread_sleep
 .text.rt_thread_delay
                0x000000000800552c       0x18 build/src/thread.o
                0x000000000800552c                rt_thread_delay
 .text.rt_thread_suspend
                0x0000000008005544       0x6c build/src/thread.o
                0x0000000008005544                rt_thread_suspend
 .text.rt_thread_resume
                0x00000000080055b0       0x78 build/src/thread.o
                0x00000000080055b0                rt_thread_resume
 .text.rt_thread_timeout
                0x0000000008005628       0x88 build/src/thread.o
                0x0000000008005628                rt_thread_timeout
 .text.rt_list_init
                0x00000000080056b0       0x20 build/src/timer.o
 .text.rt_list_insert_after
                0x00000000080056d0       0x30 build/src/timer.o
 .text.rt_list_remove
                0x0000000008005700       0x34 build/src/timer.o
 .text.rt_list_isempty
                0x0000000008005734       0x24 build/src/timer.o
 .text._rt_timer_init
                0x0000000008005758       0x68 build/src/timer.o
 .text._rt_timer_remove
                0x00000000080057c0       0x34 build/src/timer.o
 .text.rt_timer_init
                0x00000000080057f4       0x5c build/src/timer.o
                0x00000000080057f4                rt_timer_init
 .text.rt_timer_detach
                0x0000000008005850       0x58 build/src/timer.o
                0x0000000008005850                rt_timer_detach
 .text.rt_timer_start
                0x00000000080058a8      0x1f4 build/src/timer.o
                0x00000000080058a8                rt_timer_start
 .text.rt_timer_stop
                0x0000000008005a9c       0x88 build/src/timer.o
                0x0000000008005a9c                rt_timer_stop
 .text.rt_timer_control
                0x0000000008005b24       0x98 build/src/timer.o
                0x0000000008005b24                rt_timer_control
 .text.rt_timer_check
                0x0000000008005bbc       0xb8 build/src/timer.o
                0x0000000008005bbc                rt_timer_check
 .text.rt_system_timer_init
                0x0000000008005c74       0x30 build/src/timer.o
                0x0000000008005c74                rt_system_timer_init
 .text.rt_system_timer_thread_init
                0x0000000008005ca4        0xc build/src/timer.o
                0x0000000008005ca4                rt_system_timer_thread_init
 .text.rt_hw_stack_init
                0x0000000008005cb0       0x90 build/libcpu/arm/cortex-m4/cpuport.o
                0x0000000008005cb0                rt_hw_stack_init
 .text.rt_hw_hard_fault_exception
                0x0000000008005d40       0xc4 build/libcpu/arm/cortex-m4/cpuport.o
                0x0000000008005d40                rt_hw_hard_fault_exception
 .text.finsh_rx_ind
                0x0000000008005e04       0x50 build/components/finsh/shell.o
 .text.finsh_set_device
                0x0000000008005e54       0xb8 build/components/finsh/shell.o
                0x0000000008005e54                finsh_set_device
 .text.shell_auto_complete
                0x0000000008005f0c       0x30 build/components/finsh/shell.o
 .text.finsh_run_line
                0x0000000008005f3c       0xc0 build/components/finsh/shell.o
                0x0000000008005f3c                finsh_run_line
 .text.shell_handle_history
                0x0000000008005ffc       0x34 build/components/finsh/shell.o
 .text.shell_push_history
                0x0000000008006030      0x110 build/components/finsh/shell.o
 .text.finsh_thread_entry
                0x0000000008006140      0x644 build/components/finsh/shell.o
                0x0000000008006140                finsh_thread_entry
 .text.finsh_system_function_init
                0x0000000008006784       0x28 build/components/finsh/shell.o
                0x0000000008006784                finsh_system_function_init
 .text.finsh_system_var_init
                0x00000000080067ac       0x28 build/components/finsh/shell.o
                0x00000000080067ac                finsh_system_var_init
 .text.finsh_system_init
                0x00000000080067d4       0xbc build/components/finsh/shell.o
                0x00000000080067d4                finsh_system_init
 .text.rt_list_isempty
                0x0000000008006890       0x24 build/components/finsh/cmd.o
 .text.rt_list_len
                0x00000000080068b4       0x38 build/components/finsh/cmd.o
 .text.hello    0x00000000080068ec       0x14 build/components/finsh/cmd.o
                0x00000000080068ec                hello
 .text.version  0x0000000008006900       0x10 build/components/finsh/cmd.o
                0x0000000008006900                version
 .text._list_thread
                0x0000000008006910      0x104 build/components/finsh/cmd.o
 .text.list_thread
                0x0000000008006a14       0x14 build/components/finsh/cmd.o
                0x0000000008006a14                list_thread
 .text.show_wait_queue
                0x0000000008006a28       0x4c build/components/finsh/cmd.o
 .text._list_sem
                0x0000000008006a74       0xb4 build/components/finsh/cmd.o
 .text.list_sem
                0x0000000008006b28       0x14 build/components/finsh/cmd.o
                0x0000000008006b28                list_sem
 .text._list_event
                0x0000000008006b3c       0xa0 build/components/finsh/cmd.o
 .text.list_event
                0x0000000008006bdc       0x14 build/components/finsh/cmd.o
                0x0000000008006bdc                list_event
 .text._list_mutex
                0x0000000008006bf0       0x74 build/components/finsh/cmd.o
 .text.list_mutex
                0x0000000008006c64       0x14 build/components/finsh/cmd.o
                0x0000000008006c64                list_mutex
 .text._list_mailbox
                0x0000000008006c78       0xc4 build/components/finsh/cmd.o
 .text.list_mailbox
                0x0000000008006d3c       0x14 build/components/finsh/cmd.o
                0x0000000008006d3c                list_mailbox
 .text._list_msgqueue
                0x0000000008006d50       0xb4 build/components/finsh/cmd.o
 .text.list_msgqueue
                0x0000000008006e04       0x14 build/components/finsh/cmd.o
                0x0000000008006e04                list_msgqueue
 .text._list_mempool
                0x0000000008006e18       0xa8 build/components/finsh/cmd.o
 .text.list_mempool
                0x0000000008006ec0       0x14 build/components/finsh/cmd.o
                0x0000000008006ec0                list_mempool
 .text._list_timer
                0x0000000008006ed4       0x90 build/components/finsh/cmd.o
 .text.list_timer
                0x0000000008006f64       0x14 build/components/finsh/cmd.o
                0x0000000008006f64                list_timer
 .text._list_device
                0x0000000008006f78       0x84 build/components/finsh/cmd.o
 .text.list_device
                0x0000000008006ffc       0x14 build/components/finsh/cmd.o
                0x0000000008006ffc                list_device
 .text.list     0x0000000008007010       0xf4 build/components/finsh/cmd.o
                0x0000000008007010                list
 .text.str_is_prefix
                0x0000000008007104       0x48 build/components/finsh/cmd.o
 .text.str_common
                0x000000000800714c       0x4c build/components/finsh/cmd.o
 .text.list_prefix
                0x0000000008007198      0x294 build/components/finsh/cmd.o
                0x0000000008007198                list_prefix
 .text.finsh_compile
                0x000000000800742c     0x17e0 build/components/finsh/finsh_compiler.o
 .text.finsh_type_check
                0x0000000008008c0c      0x218 build/components/finsh/finsh_compiler.o
 .text.finsh_compiler_run
                0x0000000008008e24       0x84 build/components/finsh/finsh_compiler.o
                0x0000000008008e24                finsh_compiler_run
 .text.finsh_error_init
                0x0000000008008ea8       0x1c build/components/finsh/finsh_error.o
                0x0000000008008ea8                finsh_error_init
 .text.finsh_error_set
                0x0000000008008ec4       0x24 build/components/finsh/finsh_error.o
                0x0000000008008ec4                finsh_error_set
 .text.finsh_errno
                0x0000000008008ee8       0x18 build/components/finsh/finsh_error.o
                0x0000000008008ee8                finsh_errno
 .text.finsh_error_string
                0x0000000008008f00       0x24 build/components/finsh/finsh_error.o
                0x0000000008008f00                finsh_error_string
 .text.finsh_heap_init
                0x0000000008008f24       0x3c build/components/finsh/finsh_heap.o
                0x0000000008008f24                finsh_heap_init
 .text.finsh_heap_allocate
                0x0000000008008f60       0xa8 build/components/finsh/finsh_heap.o
                0x0000000008008f60                finsh_heap_allocate
 .text.finsh_heap_free
                0x0000000008009008       0x34 build/components/finsh/finsh_heap.o
                0x0000000008009008                finsh_heap_free
 .text.finsh_heap_gc
                0x000000000800903c       0x84 build/components/finsh/finsh_heap.o
 .text.finsh_block_insert
                0x00000000080090c0       0x80 build/components/finsh/finsh_heap.o
 .text.finsh_block_remove
                0x0000000008009140       0x5c build/components/finsh/finsh_heap.o
 .text.finsh_block_split
                0x000000000800919c       0x44 build/components/finsh/finsh_heap.o
 .text.finsh_block_merge
                0x00000000080091e0       0xe4 build/components/finsh/finsh_heap.o
 .text.finsh_init
                0x00000000080092c4       0x28 build/components/finsh/finsh_init.o
                0x00000000080092c4                finsh_init
 .text.finsh_stack_bottom
                0x00000000080092ec       0x18 build/components/finsh/finsh_init.o
                0x00000000080092ec                finsh_stack_bottom
 .text.finsh_flush
                0x0000000008009304       0x20 build/components/finsh/finsh_init.o
                0x0000000008009304                finsh_flush
 .text.finsh_node_init
                0x0000000008009324       0x1c build/components/finsh/finsh_node.o
                0x0000000008009324                finsh_node_init
 .text.finsh_node_allocate
                0x0000000008009340       0x6c build/components/finsh/finsh_node.o
                0x0000000008009340                finsh_node_allocate
 .text.finsh_node_new_id
                0x00000000080093ac       0xac build/components/finsh/finsh_node.o
                0x00000000080093ac                finsh_node_new_id
 .text.finsh_node_new_char
                0x0000000008009458       0x34 build/components/finsh/finsh_node.o
                0x0000000008009458                finsh_node_new_char
 .text.finsh_node_new_int
                0x000000000800948c       0x30 build/components/finsh/finsh_node.o
                0x000000000800948c                finsh_node_new_int
 .text.finsh_node_new_long
                0x00000000080094bc       0x30 build/components/finsh/finsh_node.o
                0x00000000080094bc                finsh_node_new_long
 .text.finsh_node_new_string
                0x00000000080094ec       0x68 build/components/finsh/finsh_node.o
                0x00000000080094ec                finsh_node_new_string
 .text.finsh_node_new_ptr
                0x0000000008009554       0x30 build/components/finsh/finsh_node.o
                0x0000000008009554                finsh_node_new_ptr
 .text.OP_no_op
                0x0000000008009584       0x10 build/components/finsh/finsh_ops.o
                0x0000000008009584                OP_no_op
 .text.OP_add_byte
                0x0000000008009594       0x38 build/components/finsh/finsh_ops.o
                0x0000000008009594                OP_add_byte
 .text.OP_add_word
                0x00000000080095cc       0x40 build/components/finsh/finsh_ops.o
                0x00000000080095cc                OP_add_word
 .text.OP_add_dword
                0x000000000800960c       0x38 build/components/finsh/finsh_ops.o
                0x000000000800960c                OP_add_dword
 .text.OP_sub_byte
                0x0000000008009644       0x38 build/components/finsh/finsh_ops.o
                0x0000000008009644                OP_sub_byte
 .text.OP_sub_word
                0x000000000800967c       0x40 build/components/finsh/finsh_ops.o
                0x000000000800967c                OP_sub_word
 .text.OP_sub_dword
                0x00000000080096bc       0x38 build/components/finsh/finsh_ops.o
                0x00000000080096bc                OP_sub_dword
 .text.OP_div_byte
                0x00000000080096f4       0x3c build/components/finsh/finsh_ops.o
                0x00000000080096f4                OP_div_byte
 .text.OP_div_word
                0x0000000008009730       0x40 build/components/finsh/finsh_ops.o
                0x0000000008009730                OP_div_word
 .text.OP_div_dword
                0x0000000008009770       0x38 build/components/finsh/finsh_ops.o
                0x0000000008009770                OP_div_dword
 .text.OP_mod_byte
                0x00000000080097a8       0x44 build/components/finsh/finsh_ops.o
                0x00000000080097a8                OP_mod_byte
 .text.OP_mod_word
                0x00000000080097ec       0x48 build/components/finsh/finsh_ops.o
                0x00000000080097ec                OP_mod_word
 .text.OP_mod_dword
                0x0000000008009834       0x40 build/components/finsh/finsh_ops.o
                0x0000000008009834                OP_mod_dword
 .text.OP_mul_byte
                0x0000000008009874       0x3c build/components/finsh/finsh_ops.o
                0x0000000008009874                OP_mul_byte
 .text.OP_mul_word
                0x00000000080098b0       0x40 build/components/finsh/finsh_ops.o
                0x00000000080098b0                OP_mul_word
 .text.OP_mul_dword
                0x00000000080098f0       0x38 build/components/finsh/finsh_ops.o
                0x00000000080098f0                OP_mul_dword
 .text.OP_and_byte
                0x0000000008009928       0x38 build/components/finsh/finsh_ops.o
                0x0000000008009928                OP_and_byte
 .text.OP_and_word
                0x0000000008009960       0x38 build/components/finsh/finsh_ops.o
                0x0000000008009960                OP_and_word
 .text.OP_and_dword
                0x0000000008009998       0x38 build/components/finsh/finsh_ops.o
                0x0000000008009998                OP_and_dword
 .text.OP_or_byte
                0x00000000080099d0       0x38 build/components/finsh/finsh_ops.o
                0x00000000080099d0                OP_or_byte
 .text.OP_or_word
                0x0000000008009a08       0x38 build/components/finsh/finsh_ops.o
                0x0000000008009a08                OP_or_word
 .text.OP_or_dword
                0x0000000008009a40       0x38 build/components/finsh/finsh_ops.o
                0x0000000008009a40                OP_or_dword
 .text.OP_xor_byte
                0x0000000008009a78       0x38 build/components/finsh/finsh_ops.o
                0x0000000008009a78                OP_xor_byte
 .text.OP_xor_word
                0x0000000008009ab0       0x38 build/components/finsh/finsh_ops.o
                0x0000000008009ab0                OP_xor_word
 .text.OP_xor_dword
                0x0000000008009ae8       0x38 build/components/finsh/finsh_ops.o
                0x0000000008009ae8                OP_xor_dword
 .text.OP_bw_byte
                0x0000000008009b20       0x28 build/components/finsh/finsh_ops.o
                0x0000000008009b20                OP_bw_byte
 .text.OP_bw_word
                0x0000000008009b48       0x28 build/components/finsh/finsh_ops.o
                0x0000000008009b48                OP_bw_word
 .text.OP_bw_dword
                0x0000000008009b70       0x24 build/components/finsh/finsh_ops.o
                0x0000000008009b70                OP_bw_dword
 .text.OP_shl_byte
                0x0000000008009b94       0x3c build/components/finsh/finsh_ops.o
                0x0000000008009b94                OP_shl_byte
 .text.OP_shl_word
                0x0000000008009bd0       0x40 build/components/finsh/finsh_ops.o
                0x0000000008009bd0                OP_shl_word
 .text.OP_shl_dword
                0x0000000008009c10       0x38 build/components/finsh/finsh_ops.o
                0x0000000008009c10                OP_shl_dword
 .text.OP_shr_byte
                0x0000000008009c48       0x3c build/components/finsh/finsh_ops.o
                0x0000000008009c48                OP_shr_byte
 .text.OP_shr_word
                0x0000000008009c84       0x40 build/components/finsh/finsh_ops.o
                0x0000000008009c84                OP_shr_word
 .text.OP_shr_dword
                0x0000000008009cc4       0x38 build/components/finsh/finsh_ops.o
                0x0000000008009cc4                OP_shr_dword
 .text.OP_ld_byte
                0x0000000008009cfc       0x38 build/components/finsh/finsh_ops.o
                0x0000000008009cfc                OP_ld_byte
 .text.OP_ld_word
                0x0000000008009d34       0x48 build/components/finsh/finsh_ops.o
                0x0000000008009d34                OP_ld_word
 .text.OP_ld_dword
                0x0000000008009d7c       0x5c build/components/finsh/finsh_ops.o
                0x0000000008009d7c                OP_ld_dword
 .text.OP_ld_value_byte
                0x0000000008009dd8       0x68 build/components/finsh/finsh_ops.o
                0x0000000008009dd8                OP_ld_value_byte
 .text.OP_ld_value_byte_stack
                0x0000000008009e40       0x2c build/components/finsh/finsh_ops.o
                0x0000000008009e40                OP_ld_value_byte_stack
 .text.OP_ld_value_word
                0x0000000008009e6c       0x68 build/components/finsh/finsh_ops.o
                0x0000000008009e6c                OP_ld_value_word
 .text.OP_ld_value_word_stack
                0x0000000008009ed4       0x2c build/components/finsh/finsh_ops.o
                0x0000000008009ed4                OP_ld_value_word_stack
 .text.OP_ld_value_dword
                0x0000000008009f00       0x68 build/components/finsh/finsh_ops.o
                0x0000000008009f00                OP_ld_value_dword
 .text.OP_ld_value_dword_stack
                0x0000000008009f68       0x2c build/components/finsh/finsh_ops.o
                0x0000000008009f68                OP_ld_value_dword_stack
 .text.OP_st_byte
                0x0000000008009f94       0x30 build/components/finsh/finsh_ops.o
                0x0000000008009f94                OP_st_byte
 .text.OP_st_word
                0x0000000008009fc4       0x30 build/components/finsh/finsh_ops.o
                0x0000000008009fc4                OP_st_word
 .text.OP_st_dword
                0x0000000008009ff4       0x30 build/components/finsh/finsh_ops.o
                0x0000000008009ff4                OP_st_dword
 .text.OP_pop   0x000000000800a024       0x1c build/components/finsh/finsh_ops.o
                0x000000000800a024                OP_pop
 .text.OP_call  0x000000000800a040      0x3e0 build/components/finsh/finsh_ops.o
                0x000000000800a040                OP_call
 .text.proc_variable_decl
                0x000000000800a420      0x2c4 build/components/finsh/finsh_parser.o
 .text.proc_type
                0x000000000800a6e4      0x19c build/components/finsh/finsh_parser.o
 .text.proc_identifier
                0x000000000800a880       0x44 build/components/finsh/finsh_parser.o
 .text.proc_expr_statement
                0x000000000800a8c4       0x58 build/components/finsh/finsh_parser.o
 .text.proc_expr
                0x000000000800a91c       0x18 build/components/finsh/finsh_parser.o
 .text.proc_assign_expr
                0x000000000800a934       0x4c build/components/finsh/finsh_parser.o
 .text.proc_inclusive_or_expr
                0x000000000800a980       0x68 build/components/finsh/finsh_parser.o
 .text.proc_exclusive_or_expr
                0x000000000800a9e8       0x68 build/components/finsh/finsh_parser.o
 .text.proc_and_expr
                0x000000000800aa50       0x68 build/components/finsh/finsh_parser.o
 .text.proc_shift_expr
                0x000000000800aab8       0x90 build/components/finsh/finsh_parser.o
 .text.proc_additive_expr
                0x000000000800ab48       0x90 build/components/finsh/finsh_parser.o
 .text.proc_multiplicative_expr
                0x000000000800abd8       0xa8 build/components/finsh/finsh_parser.o
 .text.proc_cast_expr
                0x000000000800ac80       0x74 build/components/finsh/finsh_parser.o
 .text.proc_unary_expr
                0x000000000800acf4      0x104 build/components/finsh/finsh_parser.o
 .text.proc_postfix_expr
                0x000000000800adf8       0xd0 build/components/finsh/finsh_parser.o
 .text.proc_primary_expr
                0x000000000800aec8      0x14c build/components/finsh/finsh_parser.o
 .text.proc_param_list
                0x000000000800b014       0x74 build/components/finsh/finsh_parser.o
 .text.make_sys_node
                0x000000000800b088       0x44 build/components/finsh/finsh_parser.o
 .text.finsh_parser_run
                0x000000000800b0cc      0x15c build/components/finsh/finsh_parser.o
                0x000000000800b0cc                finsh_parser_run
 .text.finsh_parser_init
                0x000000000800b228       0x1c build/components/finsh/finsh_parser.o
                0x000000000800b228                finsh_parser_init
 .text.finsh_var_init
                0x000000000800b244       0x18 build/components/finsh/finsh_var.o
                0x000000000800b244                finsh_var_init
 .text.finsh_var_insert
                0x000000000800b25c       0xb4 build/components/finsh/finsh_var.o
                0x000000000800b25c                finsh_var_insert
 .text.finsh_var_lookup
                0x000000000800b310       0x60 build/components/finsh/finsh_var.o
                0x000000000800b310                finsh_var_lookup
 .text.finsh_sysvar_lookup
                0x000000000800b370       0x84 build/components/finsh/finsh_var.o
                0x000000000800b370                finsh_sysvar_lookup
 .text.finsh_vm_run
                0x000000000800b3f4       0x64 build/components/finsh/finsh_vm.o
                0x000000000800b3f4                finsh_vm_run
 .text.finsh_syscall_lookup
                0x000000000800b458       0x84 build/components/finsh/finsh_vm.o
                0x000000000800b458                finsh_syscall_lookup
 .text.finsh_token_init
                0x000000000800b4dc       0x24 build/components/finsh/finsh_token.o
                0x000000000800b4dc                finsh_token_init
 .text.finsh_token_token
                0x000000000800b500       0x2c build/components/finsh/finsh_token.o
                0x000000000800b500                finsh_token_token
 .text.token_get_string
                0x000000000800b52c       0xa8 build/components/finsh/finsh_token.o
                0x000000000800b52c                token_get_string
 .text.token_next_char
                0x000000000800b5d4       0x68 build/components/finsh/finsh_token.o
 .text.token_prev_char
                0x000000000800b63c       0x30 build/components/finsh/finsh_token.o
 .text.token_run
                0x000000000800b66c      0x344 build/components/finsh/finsh_token.o
 .text.token_match_name
                0x000000000800b9b0       0x54 build/components/finsh/finsh_token.o
 .text.token_trim_space
                0x000000000800ba04       0x30 build/components/finsh/finsh_token.o
 .text.token_proc_char
                0x000000000800ba34       0xd8 build/components/finsh/finsh_token.o
 .text.token_proc_string
                0x000000000800bb0c       0x70 build/components/finsh/finsh_token.o
 .text.token_proc_escape
                0x000000000800bb7c      0x124 build/components/finsh/finsh_token.o
 .text.token_proc_number
                0x000000000800bca0      0x1cc build/components/finsh/finsh_token.o
 .text.token_spec_number
                0x000000000800be6c      0x100 build/components/finsh/finsh_token.o
 .text.atoi     0x000000000800bf6c       0x88 build/components/libc/minilibc/stdlib.o
                0x000000000800bf6c                atoi
 .text.strncpy  0x000000000800bff4       0x20 build/components/libc/minilibc/string.o
                0x000000000800bff4                strncpy
 .text.strcmp   0x000000000800c014       0x44 build/components/libc/minilibc/string.o
                0x000000000800c014                strcmp
 .text.strncmp  0x000000000800c058       0x4c build/components/libc/minilibc/string.o
                0x000000000800c058                strncmp
 *(.rodata)
 .rodata        0x000000000800c0a4        0x8 build/applications/application.o
 .rodata        0x000000000800c0ac       0x2c build/applications/bluetooth_4_0.o
 .rodata        0x000000000800c0d8        0xc build/applications/heartbeat.o
 .rodata        0x000000000800c0e4       0x58 build/applications/startup.o
 .rodata        0x000000000800c13c        0x8 build/drivers/board.o
 .rodata        0x000000000800c144       0xf4 build/drivers/serial.o
 .rodata        0x000000000800c238       0x10 build/drivers/usart.o
 .rodata        0x000000000800c248       0x30 build/Libraries/STM32F4xx_StdPeriph_Driver/src/misc.o
 .rodata        0x000000000800c278       0x3c build/Libraries/STM32F4xx_StdPeriph_Driver/src/stm32f4xx_dma.o
 .rodata        0x000000000800c2b4       0x3c build/Libraries/STM32F4xx_StdPeriph_Driver/src/stm32f4xx_gpio.o
 .rodata        0x000000000800c2f0       0x3c build/Libraries/STM32F4xx_StdPeriph_Driver/src/stm32f4xx_rcc.o
 .rodata        0x000000000800c32c       0x3c build/Libraries/STM32F4xx_StdPeriph_Driver/src/stm32f4xx_usart.o
 .rodata        0x000000000800c368       0x7c build/src/device.o
 .rodata        0x000000000800c3e4       0x50 build/src/idle.o
 .rodata        0x000000000800c434       0xf8 build/src/ipc.o
 .rodata        0x000000000800c52c       0x90 build/src/kservice.o
 .rodata        0x000000000800c5bc      0x2d0 build/src/mem.o
 .rodata        0x000000000800c88c       0x58 build/src/mempool.o
 .rodata        0x000000000800c8e4       0x88 build/src/object.o
 .rodata        0x000000000800c96c       0x88 build/src/scheduler.o
 .rodata        0x000000000800c9f4       0xb4 build/src/thread.o
 .rodata        0x000000000800caa8       0x60 build/src/timer.o
 .rodata        0x000000000800cb08       0xd0 build/libcpu/arm/cortex-m4/cpuport.o
 .rodata        0x000000000800cbd8       0xe8 build/components/finsh/shell.o
 .rodata        0x000000000800ccc0      0x670 build/components/finsh/cmd.o
 .rodata        0x000000000800d330       0xf4 build/components/finsh/finsh_error.o
 .rodata        0x000000000800d424       0x40 build/components/finsh/finsh_token.o
 *(.rodata*)
 .rodata.__FUNCTION__.8088
                0x000000000800d464       0x10 build/drivers/serial.o
 .rodata.__FUNCTION__.8124
                0x000000000800d474       0x18 build/drivers/serial.o
 .rodata.__FUNCTION__.8138
                0x000000000800d48c       0x10 build/drivers/serial.o
 .rodata.__FUNCTION__.8166
                0x000000000800d49c       0x14 build/drivers/serial.o
 .rodata.__FUNCTION__.8180
                0x000000000800d4b0       0x18 build/drivers/serial.o
 .rodata.__FUNCTION__.8193
                0x000000000800d4c8       0x14 build/drivers/serial.o
 .rodata.__FUNCTION__.4821
                0x000000000800d4dc       0x10 build/src/device.o
 .rodata.__FUNCTION__.4834
                0x000000000800d4ec       0x10 build/src/device.o
 .rodata.__FUNCTION__.4845
                0x000000000800d4fc       0x10 build/src/device.o
 .rodata.__FUNCTION__.4856
                0x000000000800d50c       0x10 build/src/device.o
 .rodata.__FUNCTION__.4877
                0x000000000800d51c       0x1c build/src/device.o
 .rodata.__FUNCTION__.4843
                0x000000000800d538       0x18 build/src/idle.o
 .rodata.__FUNCTION__.4870
                0x000000000800d550        0xc build/src/ipc.o
 .rodata.__FUNCTION__.4914
                0x000000000800d55c        0xc build/src/ipc.o
 .rodata.__FUNCTION__.5257
                0x000000000800d568        0xc build/src/ipc.o
 .rodata.__FUNCTION__.5311
                0x000000000800d574        0xc build/src/ipc.o
 .rodata.__FUNCTION__.5354
                0x000000000800d580        0xc build/src/ipc.o
 .rodata.__lowest_bit_bitmap
                0x000000000800d58c      0x100 build/src/kservice.o
                0x000000000800d58c                __lowest_bit_bitmap
 .rodata.large_digits.4994
                0x000000000800d68c       0x14 build/src/kservice.o
 .rodata.small_digits.4993
                0x000000000800d6a0       0x14 build/src/kservice.o
 .rodata.__fsym_list_mem_name
                0x000000000800d6b4        0xc build/src/mem.o
                0x000000000800d6b4                __fsym_list_mem_name
 .rodata.__fsym_list_mem_desc
                0x000000000800d6c0       0x20 build/src/mem.o
                0x000000000800d6c0                __fsym_list_mem_desc
 .rodata.__FUNCTION__.4861
                0x000000000800d6e0        0xc build/src/mem.o
 .rodata.__FUNCTION__.4881
                0x000000000800d6ec       0x14 build/src/mem.o
 .rodata.__FUNCTION__.4894
                0x000000000800d700        0xc build/src/mem.o
 .rodata.__FUNCTION__.4953
                0x000000000800d70c        0x8 build/src/mem.o
 .rodata.__FUNCTION__.4855
                0x000000000800d714        0xc build/src/mempool.o
 .rodata.__FUNCTION__.4918
                0x000000000800d720        0xc build/src/mempool.o
 .rodata.__FUNCTION__.4878
                0x000000000800d72c       0x14 build/src/object.o
 .rodata.__FUNCTION__.4890
                0x000000000800d740       0x14 build/src/object.o
 .rodata.__FUNCTION__.4900
                0x000000000800d754       0x14 build/src/object.o
 .rodata.__FUNCTION__.4912
                0x000000000800d768       0x1c build/src/object.o
 .rodata.__FUNCTION__.4850
                0x000000000800d784       0x1c build/src/scheduler.o
 .rodata.__FUNCTION__.4885
                0x000000000800d7a0       0x1c build/src/scheduler.o
 .rodata.__FUNCTION__.4894
                0x000000000800d7bc       0x1c build/src/scheduler.o
 .rodata.__FUNCTION__.4849
                0x000000000800d7d8       0x10 build/src/thread.o
 .rodata.__FUNCTION__.4865
                0x000000000800d7e8       0x10 build/src/thread.o
 .rodata.__FUNCTION__.4880
                0x000000000800d7f8       0x14 build/src/thread.o
 .rodata.__FUNCTION__.4928
                0x000000000800d80c       0x10 build/src/thread.o
 .rodata.__FUNCTION__.4956
                0x000000000800d81c       0x14 build/src/thread.o
 .rodata.__FUNCTION__.4965
                0x000000000800d830       0x14 build/src/thread.o
 .rodata.__FUNCTION__.4974
                0x000000000800d844       0x14 build/src/thread.o
 .rodata.__FUNCTION__.4889
                0x000000000800d858       0x10 build/src/timer.o
 .rodata.__FUNCTION__.4898
                0x000000000800d868       0x10 build/src/timer.o
 .rodata.__FUNCTION__.4930
                0x000000000800d878       0x10 build/src/timer.o
 .rodata.__FUNCTION__.4955
                0x000000000800d888       0x10 build/src/timer.o
 .rodata.__FUNCTION__.4965
                0x000000000800d898       0x14 build/src/timer.o
 .rodata.__FUNCTION__.5063
                0x000000000800d8ac       0x10 build/components/finsh/shell.o
 .rodata.__FUNCTION__.5072
                0x000000000800d8bc       0x14 build/components/finsh/shell.o
 .rodata.__FUNCTION__.5125
                0x000000000800d8d0       0x14 build/components/finsh/shell.o
 .rodata.__fsym_hello_name
                0x000000000800d8e4        0x8 build/components/finsh/cmd.o
                0x000000000800d8e4                __fsym_hello_name
 .rodata.__fsym_hello_desc
                0x000000000800d8ec       0x10 build/components/finsh/cmd.o
                0x000000000800d8ec                __fsym_hello_desc
 .rodata.__fsym_version_name
                0x000000000800d8fc        0x8 build/components/finsh/cmd.o
                0x000000000800d8fc                __fsym_version_name
 .rodata.__fsym_version_desc
                0x000000000800d904       0x24 build/components/finsh/cmd.o
                0x000000000800d904                __fsym_version_desc
 .rodata.__fsym_list_thread_name
                0x000000000800d928        0xc build/components/finsh/cmd.o
                0x000000000800d928                __fsym_list_thread_name
 .rodata.__fsym_list_thread_desc
                0x000000000800d934        0xc build/components/finsh/cmd.o
                0x000000000800d934                __fsym_list_thread_desc
 .rodata.__fsym_list_sem_name
                0x000000000800d940        0xc build/components/finsh/cmd.o
                0x000000000800d940                __fsym_list_sem_name
 .rodata.__fsym_list_sem_desc
                0x000000000800d94c       0x1c build/components/finsh/cmd.o
                0x000000000800d94c                __fsym_list_sem_desc
 .rodata.__fsym_list_event_name
                0x000000000800d968        0xc build/components/finsh/cmd.o
                0x000000000800d968                __fsym_list_event_name
 .rodata.__fsym_list_event_desc
                0x000000000800d974       0x18 build/components/finsh/cmd.o
                0x000000000800d974                __fsym_list_event_desc
 .rodata.__fsym_list_mutex_name
                0x000000000800d98c        0xc build/components/finsh/cmd.o
                0x000000000800d98c                __fsym_list_mutex_name
 .rodata.__fsym_list_mutex_desc
                0x000000000800d998       0x18 build/components/finsh/cmd.o
                0x000000000800d998                __fsym_list_mutex_desc
 .rodata.__fsym_list_mailbox_name
                0x000000000800d9b0       0x10 build/components/finsh/cmd.o
                0x000000000800d9b0                __fsym_list_mailbox_name
 .rodata.__fsym_list_mailbox_desc
                0x000000000800d9c0       0x18 build/components/finsh/cmd.o
                0x000000000800d9c0                __fsym_list_mailbox_desc
 .rodata.__fsym_list_msgqueue_name
                0x000000000800d9d8       0x10 build/components/finsh/cmd.o
                0x000000000800d9d8                __fsym_list_msgqueue_name
 .rodata.__fsym_list_msgqueue_desc
                0x000000000800d9e8       0x20 build/components/finsh/cmd.o
                0x000000000800d9e8                __fsym_list_msgqueue_desc
 .rodata.__fsym_list_mempool_name
                0x000000000800da08       0x10 build/components/finsh/cmd.o
                0x000000000800da08                __fsym_list_mempool_name
 .rodata.__fsym_list_mempool_desc
                0x000000000800da18       0x1c build/components/finsh/cmd.o
                0x000000000800da18                __fsym_list_mempool_desc
 .rodata.__fsym_list_timer_name
                0x000000000800da34        0xc build/components/finsh/cmd.o
                0x000000000800da34                __fsym_list_timer_name
 .rodata.__fsym_list_timer_desc
                0x000000000800da40       0x18 build/components/finsh/cmd.o
                0x000000000800da40                __fsym_list_timer_desc
 .rodata.__fsym_list_device_name
                0x000000000800da58        0xc build/components/finsh/cmd.o
                0x000000000800da58                __fsym_list_device_name
 .rodata.__fsym_list_device_desc
                0x000000000800da64       0x18 build/components/finsh/cmd.o
                0x000000000800da64                __fsym_list_device_desc
 .rodata.__fsym_list_name
                0x000000000800da7c        0x8 build/components/finsh/cmd.o
                0x000000000800da7c                __fsym_list_name
 .rodata.__fsym_list_desc
                0x000000000800da84       0x1c build/components/finsh/cmd.o
                0x000000000800da84                __fsym_list_desc
 .rodata.__vsym_dummy_name
                0x000000000800daa0        0x8 build/components/finsh/cmd.o
                0x000000000800daa0                __vsym_dummy_name
 .rodata.__vsym_dummy_desc
                0x000000000800daa8       0x1c build/components/finsh/cmd.o
                0x000000000800daa8                __vsym_dummy_desc
 .rodata.op_table
                0x000000000800dac4       0xc4 build/components/finsh/finsh_ops.o
                0x000000000800dac4                op_table
 .rodata.finsh_name_table
                0x000000000800db88       0x40 build/components/finsh/finsh_token.o
 *(.glue_7)
 .glue_7        0x0000000000000000        0x0 linker stubs
 *(.glue_7t)
 .glue_7t       0x0000000000000000        0x0 linker stubs
 *(.gnu.linkonce.t*)
                0x000000000800dbc8                . = ALIGN (0x4)
                0x000000000800dbc8                __fsymtab_start = .
 *(FSymTab)
 FSymTab        0x000000000800dbc8        0xc build/src/mem.o
                0x000000000800dbc8                __fsym_list_mem
 FSymTab        0x000000000800dbd4       0x90 build/components/finsh/cmd.o
                0x000000000800dbd4                __fsym_hello
                0x000000000800dbe0                __fsym_version
                0x000000000800dbec                __fsym_list_thread
                0x000000000800dbf8                __fsym_list_sem
                0x000000000800dc04                __fsym_list_event
                0x000000000800dc10                __fsym_list_mutex
                0x000000000800dc1c                __fsym_list_mailbox
                0x000000000800dc28                __fsym_list_msgqueue
                0x000000000800dc34                __fsym_list_mempool
                0x000000000800dc40                __fsym_list_timer
                0x000000000800dc4c                __fsym_list_device
                0x000000000800dc58                __fsym_list
                0x000000000800dc64                __fsymtab_end = .
                0x000000000800dc64                . = ALIGN (0x4)
                0x000000000800dc64                __vsymtab_start = .
 *(VSymTab)
 VSymTab        0x000000000800dc64       0x10 build/components/finsh/cmd.o
                0x000000000800dc64                __vsym_dummy
                0x000000000800dc74                __vsymtab_end = .
                0x000000000800dc74                . = ALIGN (0x4)
                0x000000000800dc74                . = ALIGN (0x4)
                0x000000000800dc74                __rt_init_start = .
 *(SORT(.rti_fn*))
                0x000000000800dc74                __rt_init_end = .
                0x000000000800dc74                . = ALIGN (0x4)
                0x000000000800dc74                . = ALIGN (0x4)
                0x000000000800dc74                _etext = .
                0x000000000800dc74                __exidx_start = .

.vfp11_veneer   0x000000000800dc74        0x0
 .vfp11_veneer  0x0000000000000000        0x0 linker stubs

.v4_bx          0x000000000800dc74        0x0
 .v4_bx         0x0000000000000000        0x0 linker stubs

.iplt           0x000000000800dc74        0x0
 .iplt          0x0000000000000000        0x0 /STM32/gcc-arm-none-eabi-4_8-2014q1/bin/../lib/gcc/arm-none-eabi/4.8.3/armv7e-m/softfp/crtbegin.o

.rel.dyn        0x000000000800dc74        0x0
 .rel.iplt      0x0000000000000000        0x0 /STM32/gcc-arm-none-eabi-4_8-2014q1/bin/../lib/gcc/arm-none-eabi/4.8.3/armv7e-m/softfp/crtbegin.o

.ARM.exidx      0x000000000800dc74        0x0
 *(.ARM.exidx* .gnu.linkonce.armexidx.*)
                0x000000000800dc74                _sidata = .
                0x000000000800dc74                __exidx_end = .

.data           0x0000000020000000       0xf4 load address 0x000000000800dc74
                0x0000000020000000                . = ALIGN (0x4)
                0x0000000020000000                _sdata = .
 *(.data)
 *(.data.*)
 .data.uart1    0x0000000020000000        0xc build/drivers/usart.o
                0x0000000020000000                uart1
 .data.uart3    0x000000002000000c        0xc build/drivers/usart.o
                0x000000002000000c                uart3
 .data.APBAHBPrescTable
                0x0000000020000018       0x10 build/Libraries/STM32F4xx_StdPeriph_Driver/src/stm32f4xx_rcc.o
 .data.rt_object_container
                0x0000000020000028       0x90 build/src/object.o
                0x0000000020000028                rt_object_container
 .data.finsh_error_string_table
                0x00000000200000b8       0x3c build/components/finsh/finsh_error.o
 *(.gnu.linkonce.d*)
                0x00000000200000f4                . = ALIGN (0x4)
                0x00000000200000f4                _edata = .

.igot.plt       0x00000000200000f4        0x0 load address 0x000000000800dd68
 .igot.plt      0x0000000000000000        0x0 /STM32/gcc-arm-none-eabi-4_8-2014q1/bin/../lib/gcc/arm-none-eabi/4.8.3/armv7e-m/softfp/crtbegin.o

.stack          0x00000000200000f4      0x100 load address 0x000000000800dd68
                0x00000000200001f4                . = (. + _system_stack_size)
 *fill*         0x00000000200000f4      0x100 
                0x00000000200001f4                . = ALIGN (0x4)
                0x00000000200001f4                _estack = .
                0x00000000200001f4                __bss_start = .

.bss            0x00000000200001f8     0x2044 load address 0x000000000800de70
                0x00000000200001f8                . = ALIGN (0x4)
                0x00000000200001f8                _sbss = .
 *(.bss)
 *(.bss.*)
 .bss.ble_rx_buff
                0x00000000200001f8       0x78 build/applications/bluetooth_4_0.o
                0x00000000200001f8                ble_rx_buff
 .bss.ble_rx_mq
                0x0000000020000270        0x4 build/applications/bluetooth_4_0.o
 *fill*         0x0000000020000274        0x4 
 .bss.thread_ble_stack
                0x0000000020000278      0x400 build/applications/bluetooth_4_0.o
 .bss.s_your_mq
                0x0000000020000678       0x34 build/applications/bluetooth_4_0.o
 .bss.s_msg_pool
                0x00000000200006ac      0x400 build/applications/bluetooth_4_0.o
 *fill*         0x0000000020000aac        0x4 
 .bss.thread_heartbeat_stack
                0x0000000020000ab0      0x200 build/applications/heartbeat.o
 .bss.rt_tick   0x0000000020000cb0        0x4 build/src/clock.o
 .bss.idle      0x0000000020000cb4       0x80 build/src/idle.o
 *fill*         0x0000000020000d34        0x4 
 .bss.rt_thread_stack
                0x0000000020000d38      0x400 build/src/idle.o
 .bss.rt_thread_idle_hook
                0x0000000020001138        0x4 build/src/idle.o
 .bss._errno    0x000000002000113c        0x4 build/src/kservice.o
 .bss._console_device
                0x0000000020001140        0x4 build/src/kservice.o
 .bss.rt_log_buf.5102
                0x0000000020001144       0x80 build/src/kservice.o
 .bss.rt_malloc_hook
                0x00000000200011c4        0x4 build/src/mem.o
 .bss.rt_free_hook
                0x00000000200011c8        0x4 build/src/mem.o
 .bss.heap_ptr  0x00000000200011cc        0x4 build/src/mem.o
 .bss.heap_end  0x00000000200011d0        0x4 build/src/mem.o
 .bss.lfree     0x00000000200011d4        0x4 build/src/mem.o
 .bss.heap_sem  0x00000000200011d8       0x20 build/src/mem.o
 .bss.mem_size_aligned
                0x00000000200011f8        0x4 build/src/mem.o
 .bss.used_mem  0x00000000200011fc        0x4 build/src/mem.o
 .bss.max_mem   0x0000000020001200        0x4 build/src/mem.o
 .bss.rt_mp_alloc_hook
                0x0000000020001204        0x4 build/src/mempool.o
 .bss.rt_object_attach_hook
                0x0000000020001208        0x4 build/src/object.o
 .bss.rt_object_detach_hook
                0x000000002000120c        0x4 build/src/object.o
 .bss.rt_scheduler_lock_nest
                0x0000000020001210        0x2 build/src/scheduler.o
 *fill*         0x0000000020001212        0x2 
 .bss.rt_scheduler_hook
                0x0000000020001214        0x4 build/src/scheduler.o
 .bss.rt_timer_list
                0x0000000020001218        0x8 build/src/timer.o
 .bss.rt_timer_timeout_hook
                0x0000000020001220        0x4 build/src/timer.o
 .bss.random_nr.4928
                0x0000000020001224        0x4 build/src/timer.o
 .bss.rt_exception_hook
                0x0000000020001228        0x4 build/libcpu/arm/cortex-m4/cpuport.o
 .bss.finsh_thread
                0x000000002000122c       0x80 build/components/finsh/shell.o
 *fill*         0x00000000200012ac        0x4 
 .bss.finsh_thread_stack
                0x00000000200012b0      0x800 build/components/finsh/shell.o
 .bss._syscall_table_begin
                0x0000000020001ab0        0x4 build/components/finsh/symbol.o
                0x0000000020001ab0                _syscall_table_begin
 .bss._syscall_table_end
                0x0000000020001ab4        0x4 build/components/finsh/symbol.o
                0x0000000020001ab4                _syscall_table_end
 .bss._sysvar_table_begin
                0x0000000020001ab8        0x4 build/components/finsh/symbol.o
                0x0000000020001ab8                _sysvar_table_begin
 .bss._sysvar_table_end
                0x0000000020001abc        0x4 build/components/finsh/symbol.o
                0x0000000020001abc                _sysvar_table_end
 .bss.dummy     0x0000000020001ac0        0x4 build/components/finsh/cmd.o
 .bss.free_list
                0x0000000020001ac4        0x4 build/components/finsh/finsh_heap.o
 .bss.allocate_list
                0x0000000020001ac8        0x4 build/components/finsh/finsh_heap.o
 .bss.global_syscall_list
                0x0000000020001acc        0x4 build/components/finsh/finsh_vm.o
                0x0000000020001acc                global_syscall_list
 *(COMMON)
 COMMON         0x0000000020001ad0       0x8c build/applications/bluetooth_4_0.o
                0x0000000020001ad0                thread_ble
                0x0000000020001b50                cmd_func
                0x0000000020001b54                read_cmd
 COMMON         0x0000000020001b5c       0x80 build/applications/heartbeat.o
                0x0000000020001b5c                thread_heartbeat
 COMMON         0x0000000020001bdc      0x110 build/drivers/usart.o
                0x0000000020001bdc                uart3_int_rx
                0x0000000020001c24                uart1_int_rx
                0x0000000020001c6c                uart3_device
                0x0000000020001cac                uart1_device
 COMMON         0x0000000020001cec        0x1 build/src/irq.o
                0x0000000020001cec                rt_interrupt_nest
 *fill*         0x0000000020001ced        0x3 
 COMMON         0x0000000020001cf0        0xc build/src/object.o
                0x0000000020001cf0                rt_object_put_hook
                0x0000000020001cf4                rt_object_take_hook
                0x0000000020001cf8                rt_object_trytake_hook
 COMMON         0x0000000020001cfc      0x114 build/src/scheduler.o
                0x0000000020001cfc                rt_thread_priority_table
                0x0000000020001dfc                rt_current_priority
                0x0000000020001e00                rt_current_thread
                0x0000000020001e04                rt_thread_ready_priority_group
                0x0000000020001e08                rt_thread_defunct
 COMMON         0x0000000020001e10        0xc build/libcpu/arm/cortex-m4/cpuport.o
                0x0000000020001e10                rt_interrupt_to_thread
                0x0000000020001e14                rt_interrupt_from_thread
                0x0000000020001e18                rt_thread_switch_interrupt_flag
 COMMON         0x0000000020001e1c        0x4 build/components/finsh/shell.o
                0x0000000020001e1c                shell
 COMMON         0x0000000020001e20        0x8 build/components/finsh/finsh_compiler.o
                0x0000000020001e20                finsh_compile_pc
                0x0000000020001e24                finsh_compile_sp
 COMMON         0x0000000020001e28        0x1 build/components/finsh/finsh_error.o
                0x0000000020001e28                global_errno
 *fill*         0x0000000020001e29        0x7 
 COMMON         0x0000000020001e30       0x80 build/components/finsh/finsh_heap.o
                0x0000000020001e30                finsh_heap
 COMMON         0x0000000020001eb0      0x140 build/components/finsh/finsh_node.o
                0x0000000020001eb0                global_node_table
 COMMON         0x0000000020001ff0       0xc4 build/components/finsh/finsh_var.o
                0x0000000020001ff0                global_sysvar_list
                0x0000000020001ff4                global_variable
 COMMON         0x00000000200020b4      0x188 build/components/finsh/finsh_vm.o
                0x00000000200020b4                text_segment
                0x0000000020002134                finsh_vm_stack
                0x0000000020002234                finsh_pc
                0x0000000020002238                finsh_sp
                0x000000002000223c                . = ALIGN (0x4)
                0x000000002000223c                _ebss = .
 *(.bss.init)
                0x000000002000223c                __bss_end = .
                0x000000002000223c                _end = .

.stab
 *(.stab)

.stabstr
 *(.stabstr)

.stab.excl
 *(.stab.excl)

.stab.exclstr
 *(.stab.exclstr)

.stab.index
 *(.stab.index)

.stab.indexstr
 *(.stab.indexstr)

.comment        0x0000000000000000       0x70
 *(.comment)
 .comment       0x0000000000000000       0x70 build/applications/application.o
                                         0x71 (size before relaxing)
 .comment       0x0000000000000000       0x71 build/applications/bluetooth_4_0.o
 .comment       0x0000000000000000       0x71 build/applications/heartbeat.o
 .comment       0x0000000000000000       0x71 build/applications/startup.o
 .comment       0x0000000000000000       0x71 build/drivers/board.o
 .comment       0x0000000000000000       0x71 build/drivers/serial.o
 .comment       0x0000000000000000       0x71 build/drivers/stm32f4xx_it.o
 .comment       0x0000000000000000       0x71 build/drivers/usart.o
 .comment       0x0000000000000000       0x71 build/Libraries/CMSIS/ST/STM32F4xx/Source/Templates/system_stm32f4xx.o
 .comment       0x0000000000000000       0x71 build/Libraries/STM32F4xx_StdPeriph_Driver/src/misc.o
 .comment       0x0000000000000000       0x71 build/Libraries/STM32F4xx_StdPeriph_Driver/src/stm32f4xx_dma.o
 .comment       0x0000000000000000       0x71 build/Libraries/STM32F4xx_StdPeriph_Driver/src/stm32f4xx_gpio.o
 .comment       0x0000000000000000       0x71 build/Libraries/STM32F4xx_StdPeriph_Driver/src/stm32f4xx_rcc.o
 .comment       0x0000000000000000       0x71 build/Libraries/STM32F4xx_StdPeriph_Driver/src/stm32f4xx_usart.o
 .comment       0x0000000000000000       0x71 build/src/clock.o
 .comment       0x0000000000000000       0x71 build/src/device.o
 .comment       0x0000000000000000       0x71 build/src/idle.o
 .comment       0x0000000000000000       0x71 build/src/ipc.o
 .comment       0x0000000000000000       0x71 build/src/irq.o
 .comment       0x0000000000000000       0x71 build/src/kservice.o
 .comment       0x0000000000000000       0x71 build/src/mem.o
 .comment       0x0000000000000000       0x71 build/src/mempool.o
 .comment       0x0000000000000000       0x71 build/src/object.o
 .comment       0x0000000000000000       0x71 build/src/scheduler.o
 .comment       0x0000000000000000       0x71 build/src/thread.o
 .comment       0x0000000000000000       0x71 build/src/timer.o
 .comment       0x0000000000000000       0x71 build/libcpu/arm/cortex-m4/cpuport.o
 .comment       0x0000000000000000       0x71 build/components/finsh/shell.o
 .comment       0x0000000000000000       0x71 build/components/finsh/symbol.o
 .comment       0x0000000000000000       0x71 build/components/finsh/cmd.o
 .comment       0x0000000000000000       0x71 build/components/finsh/finsh_compiler.o
 .comment       0x0000000000000000       0x71 build/components/finsh/finsh_error.o
 .comment       0x0000000000000000       0x71 build/components/finsh/finsh_heap.o
 .comment       0x0000000000000000       0x71 build/components/finsh/finsh_init.o
 .comment       0x0000000000000000       0x71 build/components/finsh/finsh_node.o
 .comment       0x0000000000000000       0x71 build/components/finsh/finsh_ops.o
 .comment       0x0000000000000000       0x71 build/components/finsh/finsh_parser.o
 .comment       0x0000000000000000       0x71 build/components/finsh/finsh_var.o
 .comment       0x0000000000000000       0x71 build/components/finsh/finsh_vm.o
 .comment       0x0000000000000000       0x71 build/components/finsh/finsh_token.o
 .comment       0x0000000000000000       0x71 build/components/libc/minilibc/stdlib.o
 .comment       0x0000000000000000       0x71 build/components/libc/minilibc/string.o

.ARM.attributes
                0x0000000000000000       0x2e
 .ARM.attributes
                0x0000000000000000       0x37 build/applications/application.o
 .ARM.attributes
                0x0000000000000037       0x37 build/applications/bluetooth_4_0.o
 .ARM.attributes
                0x000000000000006e       0x37 build/applications/heartbeat.o
 .ARM.attributes
                0x00000000000000a5       0x37 build/applications/startup.o
 .ARM.attributes
                0x00000000000000dc       0x37 build/drivers/board.o
 .ARM.attributes
                0x0000000000000113       0x37 build/drivers/serial.o
 .ARM.attributes
                0x000000000000014a       0x37 build/drivers/stm32f4xx_it.o
 .ARM.attributes
                0x0000000000000181       0x37 build/drivers/usart.o
 .ARM.attributes
                0x00000000000001b8       0x37 build/Libraries/CMSIS/ST/STM32F4xx/Source/Templates/system_stm32f4xx.o
 .ARM.attributes
                0x00000000000001ef       0x37 build/Libraries/STM32F4xx_StdPeriph_Driver/src/misc.o
 .ARM.attributes
                0x0000000000000226       0x37 build/Libraries/STM32F4xx_StdPeriph_Driver/src/stm32f4xx_dma.o
 .ARM.attributes
                0x000000000000025d       0x37 build/Libraries/STM32F4xx_StdPeriph_Driver/src/stm32f4xx_gpio.o
 .ARM.attributes
                0x0000000000000294       0x37 build/Libraries/STM32F4xx_StdPeriph_Driver/src/stm32f4xx_rcc.o
 .ARM.attributes
                0x00000000000002cb       0x37 build/Libraries/STM32F4xx_StdPeriph_Driver/src/stm32f4xx_usart.o
 .ARM.attributes
                0x0000000000000302       0x21 build/Libraries/CMSIS/ST/STM32F4xx/Source/Templates/gcc_ride7/startup_stm32f4xx.o
 .ARM.attributes
                0x0000000000000323       0x37 build/src/clock.o
 .ARM.attributes
                0x000000000000035a       0x37 build/src/device.o
 .ARM.attributes
                0x0000000000000391       0x37 build/src/idle.o
 .ARM.attributes
                0x00000000000003c8       0x37 build/src/ipc.o
 .ARM.attributes
                0x00000000000003ff       0x37 build/src/irq.o
 .ARM.attributes
                0x0000000000000436       0x37 build/src/kservice.o
 .ARM.attributes
                0x000000000000046d       0x37 build/src/mem.o
 .ARM.attributes
                0x00000000000004a4       0x37 build/src/mempool.o
 .ARM.attributes
                0x00000000000004db       0x37 build/src/object.o
 .ARM.attributes
                0x0000000000000512       0x37 build/src/scheduler.o
 .ARM.attributes
                0x0000000000000549       0x37 build/src/thread.o
 .ARM.attributes
                0x0000000000000580       0x37 build/src/timer.o
 .ARM.attributes
                0x00000000000005b7       0x37 build/libcpu/arm/cortex-m4/cpuport.o
 .ARM.attributes
                0x00000000000005ee       0x25 build/libcpu/arm/cortex-m4/context_gcc.o
 .ARM.attributes
                0x0000000000000613       0x37 build/components/finsh/shell.o
 .ARM.attributes
                0x000000000000064a       0x37 build/components/finsh/symbol.o
 .ARM.attributes
                0x0000000000000681       0x37 build/components/finsh/cmd.o
 .ARM.attributes
                0x00000000000006b8       0x37 build/components/finsh/finsh_compiler.o
 .ARM.attributes
                0x00000000000006ef       0x37 build/components/finsh/finsh_error.o
 .ARM.attributes
                0x0000000000000726       0x37 build/components/finsh/finsh_heap.o
 .ARM.attributes
                0x000000000000075d       0x37 build/components/finsh/finsh_init.o
 .ARM.attributes
                0x0000000000000794       0x37 build/components/finsh/finsh_node.o
 .ARM.attributes
                0x00000000000007cb       0x37 build/components/finsh/finsh_ops.o
 .ARM.attributes
                0x0000000000000802       0x37 build/components/finsh/finsh_parser.o
 .ARM.attributes
                0x0000000000000839       0x37 build/components/finsh/finsh_var.o
 .ARM.attributes
                0x0000000000000870       0x37 build/components/finsh/finsh_vm.o
 .ARM.attributes
                0x00000000000008a7       0x37 build/components/finsh/finsh_token.o
 .ARM.attributes
                0x00000000000008de       0x37 build/components/libc/minilibc/stdlib.o
 .ARM.attributes
                0x0000000000000915       0x37 build/components/libc/minilibc/string.o

.debug
 *(.debug)

.line
 *(.line)

.debug_srcinfo
 *(.debug_srcinfo)

.debug_sfnames
 *(.debug_sfnames)

.debug_aranges  0x0000000000000000     0x1518
 *(.debug_aranges)
 .debug_aranges
                0x0000000000000000       0x30 build/applications/application.o
 .debug_aranges
                0x0000000000000030       0x38 build/applications/bluetooth_4_0.o
 .debug_aranges
                0x0000000000000068       0x30 build/applications/heartbeat.o
 .debug_aranges
                0x0000000000000098       0x30 build/applications/startup.o
 .debug_aranges
                0x00000000000000c8       0x48 build/drivers/board.o
 .debug_aranges
                0x0000000000000110       0x68 build/drivers/serial.o
 .debug_aranges
                0x0000000000000178       0x60 build/drivers/stm32f4xx_it.o
 .debug_aranges
                0x00000000000001d8       0x38 build/drivers/usart.o
 .debug_aranges
                0x0000000000000210       0x30 build/Libraries/CMSIS/ST/STM32F4xx/Source/Templates/system_stm32f4xx.o
 .debug_aranges
                0x0000000000000240       0x40 build/Libraries/STM32F4xx_StdPeriph_Driver/src/misc.o
 .debug_aranges
                0x0000000000000280       0xb0 build/Libraries/STM32F4xx_StdPeriph_Driver/src/stm32f4xx_dma.o
 .debug_aranges
                0x0000000000000330       0x88 build/Libraries/STM32F4xx_StdPeriph_Driver/src/stm32f4xx_gpio.o
 .debug_aranges
                0x00000000000003b8      0x178 build/Libraries/STM32F4xx_StdPeriph_Driver/src/stm32f4xx_rcc.o
 .debug_aranges
                0x0000000000000530      0x100 build/Libraries/STM32F4xx_StdPeriph_Driver/src/stm32f4xx_usart.o
 .debug_aranges
                0x0000000000000630       0x28 build/Libraries/CMSIS/ST/STM32F4xx/Source/Templates/gcc_ride7/startup_stm32f4xx.o
 .debug_aranges
                0x0000000000000658       0x40 build/src/clock.o
 .debug_aranges
                0x0000000000000698       0x78 build/src/device.o
 .debug_aranges
                0x0000000000000710       0x48 build/src/idle.o
 .debug_aranges
                0x0000000000000758      0x180 build/src/ipc.o
 .debug_aranges
                0x00000000000008d8       0x30 build/src/irq.o
 .debug_aranges
                0x0000000000000908      0x100 build/src/kservice.o
 .debug_aranges
                0x0000000000000a08       0x68 build/src/mem.o
 .debug_aranges
                0x0000000000000a70       0x70 build/src/mempool.o
 .debug_aranges
                0x0000000000000ae0       0x90 build/src/object.o
 .debug_aranges
                0x0000000000000b70       0x88 build/src/scheduler.o
 .debug_aranges
                0x0000000000000bf8       0xb8 build/src/thread.o
 .debug_aranges
                0x0000000000000cb0       0xc0 build/src/timer.o
 .debug_aranges
                0x0000000000000d70       0x38 build/libcpu/arm/cortex-m4/cpuport.o
 .debug_aranges
                0x0000000000000da8       0x20 build/libcpu/arm/cortex-m4/context_gcc.o
 .debug_aranges
                0x0000000000000dc8       0x80 build/components/finsh/shell.o
 .debug_aranges
                0x0000000000000e48       0x18 build/components/finsh/symbol.o
 .debug_aranges
                0x0000000000000e60       0xf0 build/components/finsh/cmd.o
 .debug_aranges
                0x0000000000000f50       0x30 build/components/finsh/finsh_compiler.o
 .debug_aranges
                0x0000000000000f80       0x38 build/components/finsh/finsh_error.o
 .debug_aranges
                0x0000000000000fb8       0x58 build/components/finsh/finsh_heap.o
 .debug_aranges